
> takko-studio@0.2.0 test
> vitest run tests/api.test.ts tests/concept.test.ts


 RUN  v5.0.0 D:/RobloxProjects/Roblox Gen

 ❯ tests/api.test.ts (18 tests | 1 failed) 669ms
   × persists multi-genre projects and runs the actual async model pipeline through the API 95ms
 ❯ tests/concept.test.ts (12 tests | 4 failed) 687ms
   × preserves the answer and question, shares the allowance, then hands the concept to the planner: A relaxed search 93ms
   × preserves the answer and question, shares the allowance, then hands the concept to the planner: Choose a sensible default for me. 79ms
   × preserves the answer and question, shares the allowance, then hands the concept to the planner: A cooperative search where friends carry pets together 83ms
   × keeps legacy direct planning working 41ms

⎯⎯⎯⎯⎯⎯⎯ Failed Tests 5 ⎯⎯⎯⎯⎯⎯⎯

 FAIL  tests/api.test.ts > persists multi-genre projects and runs the actual async model pipeline through the API
AssertionError: Could not complete planner. requirements.0.sourceId: Invalid input: expected "request" Allowed model attempts exhausted.: expected 'failed' to be 'ready_to_test' // Object.is equality

Expected: "ready_to_test"
Received: "failed"

 ❯ tests/api.test.ts:281:40
    279|   await app.locals.engine.wait(project.id);
    280|   project = await (await api("/projects/" + project.id)).json();
    281|   expect(project.stage, project.error).toBe("ready_to_test");
       |                                        ^
    282|   const exported = await api("/projects/" + project.id + "/export");
    283|   expect(exported.ok).toBe(true);

⎯⎯⎯⎯⎯⎯⎯⎯⎯⎯⎯⎯⎯⎯⎯⎯⎯⎯⎯⎯⎯⎯⎯⎯[1/5]⎯

 FAIL  tests/concept.test.ts > preserves the answer and question, shares the allowance, then hands the concept to the planner: A relaxed search
 FAIL  tests/concept.test.ts > preserves the answer and question, shares the allowance, then hands the concept to the planner: Choose a sensible default for me.
 FAIL  tests/concept.test.ts > preserves the answer and question, shares the allowance, then hands the concept to the planner: A cooperative search where friends carry pets together
AssertionError: Could not complete planner. requirements.0.sourceId: Invalid option: expected one of "request"|"answer:play_style" Allowed model attempts exhausted.: expected 'failed' to be 'review' // Object.is equality

Expected: "review"
Received: "failed"

 ❯ tests/concept.test.ts:175:55
    173|     engine.start(p.id, p.revision, "plan");
    174|     const planned = await engine.wait(p.id);
    175|     expect(planned.stage, planned.error ?? undefined).toBe("review");
       |                                                       ^
    176|     expect(planned.generation!.id).toBe(cycle);
    177|     expect(planned.charges).toHaveLength(3);

⎯⎯⎯⎯⎯⎯⎯⎯⎯⎯⎯⎯⎯⎯⎯⎯⎯⎯⎯⎯⎯⎯⎯⎯[2/5]⎯

 FAIL  tests/concept.test.ts > keeps legacy direct planning working
AssertionError: Could not complete planner. requirements.0.sourceId: Invalid input: expected "request" Allowed model attempts exhausted.: expected 'failed' to be 'review' // Object.is equality

Expected: "review"
Received: "failed"

 ❯ tests/concept.test.ts:209:49
    207|   engine.start(p.id, 1, "plan");
    208|   const saved = await engine.wait(p.id);
    209|   expect(saved.stage, saved.error ?? undefined).toBe("review");
       |                                                 ^
    210|   expect(saved.concept).toBeUndefined();
    211|   expect(calls[0].context.conceptAuthority).toBeUndefined();

⎯⎯⎯⎯⎯⎯⎯⎯⎯⎯⎯⎯⎯⎯⎯⎯⎯⎯⎯⎯⎯⎯⎯⎯[3/5]⎯


 Test Files  2 failed (2)
      Tests  5 failed | 25 passed (30)
   Start at  14:27:21
   Duration  1.77s (tests 41%, transform 36%, import 23%)

