
> takko-studio@0.2.0 test
> vitest run tests/api.test.ts tests/concept.test.ts


 RUN  v5.0.0 D:/RobloxProjects/Roblox Gen

 ❯ tests/concept.test.ts (12 tests | 1 failed) 677ms
   × keeps legacy direct planning working 40ms

⎯⎯⎯⎯⎯⎯⎯ Failed Tests 1 ⎯⎯⎯⎯⎯⎯⎯

 FAIL  tests/concept.test.ts > keeps legacy direct planning working
AssertionError: expected [ { body: { …(4) }, …(1) }, …(1) ] to have a length of 1 but got 2

- Expected
+ Received

- 1
+ 2

 ❯ tests/concept.test.ts:212:17
    210|   expect(saved.concept).toBeUndefined();
    211|   expect(calls[0].context.conceptAuthority).toBeUndefined();
    212|   expect(calls).toHaveLength(1);
       |                 ^
    213| });
    214|

⎯⎯⎯⎯⎯⎯⎯⎯⎯⎯⎯⎯⎯⎯⎯⎯⎯⎯⎯⎯⎯⎯⎯⎯[1/1]⎯


 Test Files  1 failed | 1 passed (2)
      Tests  1 failed | 29 passed (30)
   Start at  14:27:35
   Duration  1.88s (tests 43%, transform 34%, import 22%)

