
> takko-studio@0.2.0 test
> vitest run


 RUN  v5.0.0 D:/RobloxProjects/Roblox Gen

 ❯ tests/api.test.ts (18 tests | 1 failed) 626ms
   × persists multi-genre projects and runs the actual async model pipeline through the API 73ms
 ❯ tests/concept.test.ts (12 tests | 4 failed) 675ms
   × preserves the answer and question, shares the allowance, then hands the concept to the planner: A relaxed search 81ms
   × preserves the answer and question, shares the allowance, then hands the concept to the planner: Choose a sensible default for me. 78ms
   × preserves the answer and question, shares the allowance, then hands the concept to the planner: A cooperative search where friends carry pets together 99ms
   × keeps legacy direct planning working 32ms

⎯⎯⎯⎯⎯⎯⎯ Failed Tests 5 ⎯⎯⎯⎯⎯⎯⎯

 FAIL  tests/api.test.ts > persists multi-genre projects and runs the actual async model pipeline through the API
AssertionError: expected 'failed' to be 'ready_to_test' // Object.is equality

Expected: "ready_to_test"
Received: "failed"

 ❯ tests/api.test.ts:281:25
    279|   await app.locals.engine.wait(project.id);
    280|   project = await (await api("/projects/" + project.id)).json();
    281|   expect(project.stage).toBe("ready_to_test");
       |                         ^
    282|   const exported = await api("/projects/" + project.id + "/export");
    283|   expect(exported.ok).toBe(true);

⎯⎯⎯⎯⎯⎯⎯⎯⎯⎯⎯⎯⎯⎯⎯⎯⎯⎯⎯⎯⎯⎯⎯⎯[1/5]⎯

 FAIL  tests/concept.test.ts > preserves the answer and question, shares the allowance, then hands the concept to the planner: A relaxed search
 FAIL  tests/concept.test.ts > preserves the answer and question, shares the allowance, then hands the concept to the planner: Choose a sensible default for me.
 FAIL  tests/concept.test.ts > preserves the answer and question, shares the allowance, then hands the concept to the planner: A cooperative search where friends carry pets together
AssertionError: expected 'failed' to be 'review' // Object.is equality

Expected: "review"
Received: "failed"

 ❯ tests/concept.test.ts:175:27
    173|     engine.start(p.id, p.revision, "plan");
    174|     const planned = await engine.wait(p.id);
    175|     expect(planned.stage).toBe("review");
       |                           ^
    176|     expect(planned.generation!.id).toBe(cycle);
    177|     expect(planned.charges).toHaveLength(3);

⎯⎯⎯⎯⎯⎯⎯⎯⎯⎯⎯⎯⎯⎯⎯⎯⎯⎯⎯⎯⎯⎯⎯⎯[2/5]⎯

 FAIL  tests/concept.test.ts > keeps legacy direct planning working
AssertionError: expected 'failed' to be 'review' // Object.is equality

Expected: "review"
Received: "failed"

 ❯ tests/concept.test.ts:209:23
    207|   engine.start(p.id, 1, "plan");
    208|   const saved = await engine.wait(p.id);
    209|   expect(saved.stage).toBe("review");
       |                       ^
    210|   expect(saved.concept).toBeUndefined();
    211|   expect(calls[0].context.conceptAuthority).toBeUndefined();

⎯⎯⎯⎯⎯⎯⎯⎯⎯⎯⎯⎯⎯⎯⎯⎯⎯⎯⎯⎯⎯⎯⎯⎯[3/5]⎯


 Test Files  2 failed | 88 passed (90)
      Tests  5 failed | 1412 passed (1417)
   Start at  14:25:29
   Duration  41.98s (tests 75%, import 21%, transform 3%)

    Isolate  90 workers spawned · ~105ms startup each (spawn + environment, per file)
             at least ~4.63s faster with isolate: false — reuses workers across files instead of one per file

