
> takko-studio@0.2.0 build
> tsc --noEmit && vite build

vite v8.3.0 building client environment for production...
transforming...
✓ 147 modules transformed.
rendering chunks...
computing gzip size...
dist/index.html                             0.52 kB │ gzip:   0.33 kB
dist/assets/DesignLab-Clo1Y0WS.css         33.18 kB │ gzip:   6.64 kB
dist/assets/index-C4wYa9Qs.css             91.07 kB │ gzip:  17.94 kB
dist/assets/AnimationGallery-DAMLYqtm.js    1.30 kB │ gzip:   0.72 kB
dist/assets/DesignLab-87xlQS4U.js          45.45 kB │ gzip:  11.46 kB
dist/assets/index-qZMMhtoA.js             416.83 kB │ gzip: 124.45 kB
dist/assets/AnimationPlayer-DxNz7vEi.js   564.84 kB │ gzip: 141.22 kB

✓ built in 1.52s
[plugin builtin:vite-reporter] 
(!) Some chunks are larger than 500 kB after minification. Consider:
- Using dynamic import() to code-split the application
- Use build.rolldownOptions.output.codeSplitting to improve chunking: https://rolldown.rs/reference/OutputOptions.codeSplitting
- Adjust chunk size limit for this warning via build.chunkSizeWarningLimit.
