[WebServer] (node:41380) Warning: The 'NO_COLOR' env is ignored due to the 'FORCE_COLOR' env being set.
[WebServer] (Use `node --trace-warnings ...` to show where the warning was created)
[WebServer] [plugin builtin:vite-reporter] 
[WebServer] (!) Some chunks are larger than 500 kB after minification. Consider:
[WebServer] - Using dynamic import() to code-split the application
[WebServer] - Use build.rolldownOptions.output.codeSplitting to improve chunking: https://rolldown.rs/reference/OutputOptions.codeSplitting
[WebServer] - Adjust chunk size limit for this warning via build.chunkSizeWarningLimit.
[WebServer] (node:32032) Warning: The 'NO_COLOR' env is ignored due to the 'FORCE_COLOR' env being set.
[WebServer] (Use `node --trace-warnings ...` to show where the warning was created)
[WebServer] (node:42440) Warning: The 'NO_COLOR' env is ignored due to the 'FORCE_COLOR' env being set.
[WebServer] (Use `node --trace-warnings ...` to show where the warning was created)

Running 10 tests using 1 worker

(node:15488) Warning: The 'NO_COLOR' env is ignored due to the 'FORCE_COLOR' env being set.
(Use `node --trace-warnings ...` to show where the warning was created)
  ok  1 [desktop] › tests\browser\b-foundation.spec.ts:3:1 › selected B workspace docks editing below the visible graph and preserves contracts (3.5s)
  x   2 [desktop] › tests\browser\b-foundation.spec.ts:134:1 › B icon navigation retains project selection and real model settings (2.8s)
(node:40464) Warning: The 'NO_COLOR' env is ignored due to the 'FORCE_COLOR' env being set.
(Use `node --trace-warnings ...` to show where the warning was created)
  ok  3 [desktop] › tests\browser\integrated-workspace.spec.ts:11:1 › canvas and conversation stay visible and remote changes never overwrite local edits (5.2s)
  ok  4 [desktop] › tests\browser\integrated-workspace.spec.ts:82:1 › canvas pan, zoom, dragging and auto layout preserve game connection contracts (2.7s)
  ok  5 [desktop] › tests\browser\integrated-workspace.spec.ts:147:1 › R15 previews respect reduced motion and recover explicitly when graphics context is lost (3.2s)
(node:37272) Warning: The 'NO_COLOR' env is ignored due to the 'FORCE_COLOR' env being set.
(Use `node --trace-warnings ...` to show where the warning was created)
  ok  6 [mobile] › tests\browser\b-foundation.spec.ts:3:1 › selected B workspace docks editing below the visible graph and preserves contracts (2.8s)
  ok  7 [mobile] › tests\browser\b-foundation.spec.ts:134:1 › B icon navigation retains project selection and real model settings (543ms)
  ok  8 [mobile] › tests\browser\integrated-workspace.spec.ts:11:1 › canvas and conversation stay visible and remote changes never overwrite local edits (6.3s)
  ok  9 [mobile] › tests\browser\integrated-workspace.spec.ts:82:1 › canvas pan, zoom, dragging and auto layout preserve game connection contracts (2.3s)
  ok 10 [mobile] › tests\browser\integrated-workspace.spec.ts:147:1 › R15 previews respect reduced motion and recover explicitly when graphics context is lost (3.3s)


  1) [desktop] › tests\browser\b-foundation.spec.ts:134:1 › B icon navigation retains project selection and real model settings 

    Error: locator.click: Error: strict mode violation: getByRole('navigation', { name: 'Projects', exact: true }).getByRole('button', { name: 'Navigation from the B icon rail', exact: true }) resolved to 3 elements:
        1) <button aria-current="page" class="project-link selected">…</button> aka getByRole('button', { name: 'Navigation from the B icon' }).first()
        2) <button class="project-link">…</button> aka getByRole('button', { name: 'Navigation from the B icon' }).nth(1)
        3) <button class="project-link">…</button> aka getByRole('button', { name: 'Navigation from the B icon' }).nth(2)

    Call log:
      - waiting for getByRole('navigation', { name: 'Projects', exact: true }).getByRole('button', { name: 'Navigation from the B icon rail', exact: true })


      148 |       .getByRole("navigation", { name: "Projects", exact: true })
      149 |       .getByRole("button", { name: p.name, exact: true })
    > 150 |       .click();
          |        ^
      151 |     await expect(page.locator(".project-library")).not.toHaveAttribute(
      152 |       "open",
      153 |       "",
        at D:\RobloxProjects\Roblox Gen\tests\browser\b-foundation.spec.ts:150:8

    Error Context: test-results\b-foundation-B-icon-naviga-7cd5b-ion-and-real-model-settings-desktop\error-context.md

    attachment #2: trace (application/zip) ─────────────────────────────────────────────────────────
    test-results\b-foundation-B-icon-naviga-7cd5b-ion-and-real-model-settings-desktop\trace.zip
    Usage:

        npx playwright show-trace test-results\b-foundation-B-icon-naviga-7cd5b-ion-and-real-model-settings-desktop\trace.zip

    ────────────────────────────────────────────────────────────────────────────────────────────────

  1 failed
    [desktop] › tests\browser\b-foundation.spec.ts:134:1 › B icon navigation retains project selection and real model settings 
  9 passed (48.3s)
