[WebServer] (node:35428) Warning: The 'NO_COLOR' env is ignored due to the 'FORCE_COLOR' env being set.
[WebServer] (Use `node --trace-warnings ...` to show where the warning was created)
[WebServer] [plugin builtin:vite-reporter] 
[WebServer] (!) Some chunks are larger than 500 kB after minification. Consider:
[WebServer] - Using dynamic import() to code-split the application
[WebServer] - Use build.rolldownOptions.output.codeSplitting to improve chunking: https://rolldown.rs/reference/OutputOptions.codeSplitting
[WebServer] - Adjust chunk size limit for this warning via build.chunkSizeWarningLimit.
[WebServer] (node:39892) Warning: The 'NO_COLOR' env is ignored due to the 'FORCE_COLOR' env being set.
[WebServer] (Use `node --trace-warnings ...` to show where the warning was created)
[WebServer] (node:33816) Warning: The 'NO_COLOR' env is ignored due to the 'FORCE_COLOR' env being set.
[WebServer] (Use `node --trace-warnings ...` to show where the warning was created)

Running 6 tests using 1 worker

(node:35280) Warning: The 'NO_COLOR' env is ignored due to the 'FORCE_COLOR' env being set.
(Use `node --trace-warnings ...` to show where the warning was created)
  x  1 [desktop] › tests\browser\chat-architecture.spec.ts:4:1 › reviewed node connections persist and do not dispatch generation (31.4s)
(node:36572) Warning: The 'NO_COLOR' env is ignored due to the 'FORCE_COLOR' env being set.
(Use `node --trace-warnings ...` to show where the warning was created)
  ok 2 [desktop] › tests\browser\chat-architecture.spec.ts:36:1 › chat retains message drafts and opens technical details without losing them (9.2s)
  ok 3 [desktop] › tests\browser\chat-architecture.spec.ts:53:1 › actual imported keyframes move the inline rig and survive refresh (9.1s)
(node:30972) Warning: The 'NO_COLOR' env is ignored due to the 'FORCE_COLOR' env being set.
(Use `node --trace-warnings ...` to show where the warning was created)
  x  4 [mobile] › tests\browser\chat-architecture.spec.ts:4:1 › reviewed node connections persist and do not dispatch generation (30.9s)
(node:19992) Warning: The 'NO_COLOR' env is ignored due to the 'FORCE_COLOR' env being set.
(Use `node --trace-warnings ...` to show where the warning was created)
  ok 5 [mobile] › tests\browser\chat-architecture.spec.ts:36:1 › chat retains message drafts and opens technical details without losing them (12.8s)
  ok 6 [mobile] › tests\browser\chat-architecture.spec.ts:53:1 › actual imported keyframes move the inline rig and survive refresh (9.5s)


  1) [desktop] › tests\browser\chat-architecture.spec.ts:4:1 › reviewed node connections persist and do not dispatch generation 

    Test timeout of 30000ms exceeded.

    Error: locator.fill: Test timeout of 30000ms exceeded.
    Call log:
      - waiting for getByRole('dialog', { name: 'Game architecture' }).getByLabel('What does it do?', { exact: true })


      11 |   await dialog.getByRole("button",{name:"Add system",exact:true}).click();
      12 |   await dialog.getByLabel("System name",{exact:true}).fill("Combat");
    > 13 |   await dialog.getByLabel("What does it do?",{exact:true}).fill("Validate attacks and deal damage on the server.");
         |                                                            ^
      14 |   await dialog.getByRole("button",{name:"Add system",exact:true}).click();
      15 |   await dialog.getByLabel("System name",{exact:true}).fill("Energy");
      16 |   await dialog.getByLabel("What does it do?",{exact:true}).fill("Store each player's energy.");
        at D:\RobloxProjects\Roblox Gen\tests\browser\chat-architecture.spec.ts:13:60

    Error Context: test-results\chat-architecture-reviewed-76ca6--do-not-dispatch-generation-desktop\error-context.md

    attachment #2: trace (application/zip) ─────────────────────────────────────────────────────────
    test-results\chat-architecture-reviewed-76ca6--do-not-dispatch-generation-desktop\trace.zip
    Usage:

        npx playwright show-trace test-results\chat-architecture-reviewed-76ca6--do-not-dispatch-generation-desktop\trace.zip

    ────────────────────────────────────────────────────────────────────────────────────────────────

  2) [mobile] › tests\browser\chat-architecture.spec.ts:4:1 › reviewed node connections persist and do not dispatch generation 

    Test timeout of 30000ms exceeded.

    Error: locator.fill: Test timeout of 30000ms exceeded.
    Call log:
      - waiting for getByRole('dialog', { name: 'Game architecture' }).getByLabel('What does it do?', { exact: true })


      11 |   await dialog.getByRole("button",{name:"Add system",exact:true}).click();
      12 |   await dialog.getByLabel("System name",{exact:true}).fill("Combat");
    > 13 |   await dialog.getByLabel("What does it do?",{exact:true}).fill("Validate attacks and deal damage on the server.");
         |                                                            ^
      14 |   await dialog.getByRole("button",{name:"Add system",exact:true}).click();
      15 |   await dialog.getByLabel("System name",{exact:true}).fill("Energy");
      16 |   await dialog.getByLabel("What does it do?",{exact:true}).fill("Store each player's energy.");
        at D:\RobloxProjects\Roblox Gen\tests\browser\chat-architecture.spec.ts:13:60

    Error Context: test-results\chat-architecture-reviewed-76ca6--do-not-dispatch-generation-mobile\error-context.md

    attachment #2: trace (application/zip) ─────────────────────────────────────────────────────────
    test-results\chat-architecture-reviewed-76ca6--do-not-dispatch-generation-mobile\trace.zip
    Usage:

        npx playwright show-trace test-results\chat-architecture-reviewed-76ca6--do-not-dispatch-generation-mobile\trace.zip

    ────────────────────────────────────────────────────────────────────────────────────────────────

  2 failed
    [desktop] › tests\browser\chat-architecture.spec.ts:4:1 › reviewed node connections persist and do not dispatch generation 
    [mobile] › tests\browser\chat-architecture.spec.ts:4:1 › reviewed node connections persist and do not dispatch generation 
  4 passed (2.0m)
