[WebServer] (node:26824) Warning: The 'NO_COLOR' env is ignored due to the 'FORCE_COLOR' env being set.
[WebServer] (Use `node --trace-warnings ...` to show where the warning was created)
[WebServer] [plugin builtin:vite-reporter] 
[WebServer] (!) Some chunks are larger than 500 kB after minification. Consider:
[WebServer] - Using dynamic import() to code-split the application
[WebServer] - Use build.rolldownOptions.output.codeSplitting to improve chunking: https://rolldown.rs/reference/OutputOptions.codeSplitting
[WebServer] - Adjust chunk size limit for this warning via build.chunkSizeWarningLimit.
[WebServer] (node:20084) Warning: The 'NO_COLOR' env is ignored due to the 'FORCE_COLOR' env being set.
[WebServer] (Use `node --trace-warnings ...` to show where the warning was created)
[WebServer] (node:29520) Warning: The 'NO_COLOR' env is ignored due to the 'FORCE_COLOR' env being set.
[WebServer] (Use `node --trace-warnings ...` to show where the warning was created)

Running 4 tests using 1 worker

(node:3704) Warning: The 'NO_COLOR' env is ignored due to the 'FORCE_COLOR' env being set.
(Use `node --trace-warnings ...` to show where the warning was created)
  ok 1 [desktop] › tests\browser\provider-connections.spec.ts:6:1 › catalog stays locked for rejected keys, then two models reuse one validated provider (3.5s)
  ok 2 [desktop] › tests\browser\settings-workspace.spec.ts:273:1 › Models and Presets pages and dialogs pass accessibility and keep actions visible (6.3s)
(node:31436) Warning: The 'NO_COLOR' env is ignored due to the 'FORCE_COLOR' env being set.
(Use `node --trace-warnings ...` to show where the warning was created)
  ok 3 [mobile] › tests\browser\provider-connections.spec.ts:6:1 › catalog stays locked for rejected keys, then two models reuse one validated provider (3.9s)
  ok 4 [mobile] › tests\browser\settings-workspace.spec.ts:273:1 › Models and Presets pages and dialogs pass accessibility and keep actions visible (6.1s)

  4 passed (31.2s)
