
> takko-studio@0.2.0 check
> npm test && npm run test:luau && npm run test:plugin && npm run test:guards && npm run build && npm run test:desktop && npm run test:production && npm run test:e2e


> takko-studio@0.2.0 test
> vitest run


 RUN  v5.0.0 D:/RobloxProjects/Roblox Gen


 Test Files  85 passed (85)
      Tests  1377 passed (1377)
   Start at  13:41:01
   Duration  90.05s (tests 79%, import 18%, transform 3%)

    Isolate  85 workers spawned · ~240ms startup each (spawn + environment, per file)
             at least ~9.94s faster with isolate: false — reuses workers across files instead of one per file


> takko-studio@0.2.0 test:luau
> node scripts/test-luau.mjs

PASS accepted strike and exact cooldown boundary
PASS replayed or out of order requests cannot attack twice
PASS malformed action and sequence values are rejected
PASS dead player cannot attack and respawn has fresh state
PASS ability cooldowns are independent
PASS damage requires range visibility and a living target
6 combat scenarios passed (offline, not Studio)
COMPILES ServerScriptService\Combat.server.luau
COMPILES ServerScriptService\CombatCore.luau
COMPILES ReplicatedStorage\Forge\Config.luau
COMPILES StarterPlayer\StarterPlayerScripts\Combat.client.luau

> takko-studio@0.2.0 test:plugin
> node scripts/test-plugin.mjs

PASS one-click local pairing, supplied tokens and local-only endpoint validation
PASS apply creates actual manifest objects and source, preserving unrelated content
PASS test harness inserts server/client code and removes temporary instances
PASS empty tests are rejected and failed harness setup is cleaned up
PASS source edits and mismatched artifacts block replacement and stale test reports
PASS source edits during yielding staging prevent replacement
PASS failed staging preserves the existing project
PASS forward references resolve to staged instances; missing references preserve the applied rig
PASS authorized imported MeshPart is created through AssetService Content without assigning read-only MeshId
PASS absent authorization, forged mesh IDs and noncanonical IDs are rejected before native allocation
PASS native mesh allocation failure preserves the existing owned root and does not report success
PASS yielding mesh allocation rechecks ownership and preserves concurrent texture edits
PASS delivered work survives heartbeats, double clicks execute once, receipts retry, and stale commands cannot run
PASS reconnect serializes with polling, commits connection state only on success, and preserves failed reconnect state
COMPILES plugin and 8 injected sources. Studio APIs were mocked; no live Studio pass claimed.

> takko-studio@0.2.0 test:guards
> node scripts/evaluate-guards.mjs

[
  {
    "id": "baseline",
    "passed": true,
    "expectedPass": true,
    "matched": true
  },
  {
    "id": "missing-cooldown",
    "passed": false,
    "expectedPass": false,
    "matched": true
  },
  {
    "id": "replay-accepted",
    "passed": false,
    "expectedPass": false,
    "matched": true
  },
  {
    "id": "out-of-range-damage",
    "passed": false,
    "expectedPass": false,
    "matched": true
  },
  {
    "id": "damage-through-walls",
    "passed": false,
    "expectedPass": false,
    "matched": true
  },
  {
    "id": "dead-player-attacks",
    "passed": false,
    "expectedPass": false,
    "matched": true
  }
]

> takko-studio@0.2.0 build
> tsc --noEmit && vite build

src/web/ModelLibrary.tsx(1463,38): error TS2339: Property 'hasKey' does not exist on type '{ routes: { research?: string[] | undefined; planner: string[]; builder: string[]; reviewer: string[]; componentReviewer?: string[] | undefined; componentAdapter?: string[] | undefined; repair: string[]; }; ... 7 more ...; icon: "bolt" | ... 4 more ... | "taco"; }'.
src/web/ModelLibrary.tsx(1465,35): error TS2339: Property 'hasKey' does not exist on type '{ routes: { research?: string[] | undefined; planner: string[]; builder: string[]; reviewer: string[]; componentReviewer?: string[] | undefined; componentAdapter?: string[] | undefined; repair: string[]; }; ... 7 more ...; icon: "bolt" | ... 4 more ... | "taco"; }'.
