
> takko-studio@0.2.0 check
> npm test && npm run test:luau && npm run test:plugin && npm run test:guards && npm run build && npm run test:desktop && npm run test:production && npm run test:e2e


> takko-studio@0.2.0 test
> vitest run


 RUN  v5.0.0 D:/RobloxProjects/Roblox Gen

⎯⎯⎯⎯⎯⎯ Unhandled Errors ⎯⎯⎯⎯⎯⎯

Vitest caught 1 unhandled error during the test run.
This might cause false positive tests. Resolve unhandled errors to make sure your tests are not affected.

⎯⎯⎯⎯⎯⎯ Unhandled Error ⎯⎯⎯⎯⎯⎯⎯
Error: [vitest-pool]: Worker forks emitted error.
 ❯ EventEmitter.onTaskError ../Roblox%20Gen/node_modules/vitest/dist/chunks/index.B89dZ0-N.js:11463:21
 ❯ EventEmitter.emit node:events:509:28
 ❯ ChildProcess.emitUnexpectedExit ../Roblox%20Gen/node_modules/vitest/dist/chunks/index.B89dZ0-N.js:10940:22
 ❯ ChildProcess.emit node:events:509:28
 ❯ Process.ChildProcess._handle.onexit node:internal/child_process:295:12

Caused by: Error: Worker exited unexpectedly with exit code 3221226505 during started state while running test file D:/RobloxProjects/Roblox Gen/tests/api.test.ts
 ❯ ChildProcess.emitUnexpectedExit ../Roblox%20Gen/node_modules/vitest/dist/chunks/index.B89dZ0-N.js:10938:33
 ❯ ChildProcess.emit node:events:509:28
 ❯ Process.ChildProcess._handle.onexit node:internal/child_process:295:12

⎯⎯⎯⎯⎯⎯⎯⎯⎯⎯⎯⎯⎯⎯⎯⎯⎯⎯⎯⎯⎯⎯⎯⎯⎯⎯⎯⎯⎯⎯


 Test Files  84 passed (85)
      Tests  1361 passed (1377)
     Errors  1 error
   Start at  13:43:44
   Duration  87.97s (tests 78%, import 18%, transform 3%)

    Isolate  85 workers spawned · ~241ms startup each (spawn + environment, per file)
             at least ~10.02s faster with isolate: false — reuses workers across files instead of one per file

