[WebServer] (node:31468) Warning: The 'NO_COLOR' env is ignored due to the 'FORCE_COLOR' env being set.
[WebServer] (Use `node --trace-warnings ...` to show where the warning was created)
[WebServer] [plugin builtin:vite-reporter] 
[WebServer] (!) Some chunks are larger than 500 kB after minification. Consider:
[WebServer] - Using dynamic import() to code-split the application
[WebServer] - Use build.rolldownOptions.output.codeSplitting to improve chunking: https://rolldown.rs/reference/OutputOptions.codeSplitting
[WebServer] - Adjust chunk size limit for this warning via build.chunkSizeWarningLimit.
[WebServer] (node:9456) Warning: The 'NO_COLOR' env is ignored due to the 'FORCE_COLOR' env being set.
[WebServer] (Use `node --trace-warnings ...` to show where the warning was created)
[WebServer] (node:22376) Warning: The 'NO_COLOR' env is ignored due to the 'FORCE_COLOR' env being set.
[WebServer] (Use `node --trace-warnings ...` to show where the warning was created)
[WebServer] (node:30624) Warning: The 'NO_COLOR' env is ignored due to the 'FORCE_COLOR' env being set.
[WebServer] (Use `node --trace-warnings ...` to show where the warning was created)

Running 12 tests using 1 worker

(node:28700) Warning: The 'NO_COLOR' env is ignored due to the 'FORCE_COLOR' env being set.
(Use `node --trace-warnings ...` to show where the warning was created)
  ok  1 [desktop] › tests\browser\marketplace.spec.ts:4:1 › existing-project asset roles survive follow-up and reload without leaking into new chat (4.6s)
  ok  2 [desktop] › tests\browser\marketplace.spec.ts:100:1 › Marketplace supports saved assets, inspected drag/drop and chat attachment context (4.4s)
  ok  3 [desktop] › tests\browser\marketplace.spec.ts:226:1 › blocked first drops display findings and never become chat attachments (635ms)
  ok  4 [desktop] › tests\browser\surgical-ux.spec.ts:3:1 › pointer and keyboard focus use different shared treatments (1.1s)
  ok  5 [desktop] › tests\browser\surgical-ux.spec.ts:4:1 › Question opens, preserves Back choices and custom answers, and leaves a compact receipt (4.3s)
  ok  6 [desktop] › tests\browser\surgical-ux.spec.ts:5:1 › paged browsing preserves scroll, chooses from preview and releases its renderer in a short window (5.6s)
(node:21276) Warning: The 'NO_COLOR' env is ignored due to the 'FORCE_COLOR' env being set.
(Use `node --trace-warnings ...` to show where the warning was created)
  ok  7 [mobile] › tests\browser\marketplace.spec.ts:4:1 › existing-project asset roles survive follow-up and reload without leaking into new chat (4.8s)
  ok  8 [mobile] › tests\browser\marketplace.spec.ts:100:1 › Marketplace supports saved assets, inspected drag/drop and chat attachment context (5.2s)
  ok  9 [mobile] › tests\browser\marketplace.spec.ts:226:1 › blocked first drops display findings and never become chat attachments (663ms)
  ok 10 [mobile] › tests\browser\surgical-ux.spec.ts:3:1 › pointer and keyboard focus use different shared treatments (762ms)
  ok 11 [mobile] › tests\browser\surgical-ux.spec.ts:4:1 › Question opens, preserves Back choices and custom answers, and leaves a compact receipt (4.5s)
  ok 12 [mobile] › tests\browser\surgical-ux.spec.ts:5:1 › paged browsing preserves scroll, chooses from preview and releases its renderer in a short window (5.6s)

  12 passed (53.1s)
