[WebServer] (node:8408) Warning: The 'NO_COLOR' env is ignored due to the 'FORCE_COLOR' env being set.
[WebServer] (Use `node --trace-warnings ...` to show where the warning was created)
[WebServer] [plugin builtin:vite-reporter] 
[WebServer] (!) Some chunks are larger than 500 kB after minification. Consider:
[WebServer] - Using dynamic import() to code-split the application
[WebServer] - Use build.rolldownOptions.output.codeSplitting to improve chunking: https://rolldown.rs/reference/OutputOptions.codeSplitting
[WebServer] - Adjust chunk size limit for this warning via build.chunkSizeWarningLimit.
[WebServer] (node:29996) Warning: The 'NO_COLOR' env is ignored due to the 'FORCE_COLOR' env being set.
[WebServer] (Use `node --trace-warnings ...` to show where the warning was created)
[WebServer] (node:31360) Warning: The 'NO_COLOR' env is ignored due to the 'FORCE_COLOR' env being set.
[WebServer] (Use `node --trace-warnings ...` to show where the warning was created)
[WebServer] (node:29404) Warning: The 'NO_COLOR' env is ignored due to the 'FORCE_COLOR' env being set.
[WebServer] (Use `node --trace-warnings ...` to show where the warning was created)

Running 16 tests using 1 worker

(node:25196) Warning: The 'NO_COLOR' env is ignored due to the 'FORCE_COLOR' env being set.
(Use `node --trace-warnings ...` to show where the warning was created)
  ok  1 [desktop] › tests\browser\surgical-ux.spec.ts:3:1 › pointer and keyboard focus use different shared treatments (461ms)
  ok  2 [desktop] › tests\browser\surgical-ux.spec.ts:4:1 › Question opens, preserves Back choices and custom answers, and leaves a compact receipt (4.1s)
  x   3 [desktop] › tests\browser\surgical-ux.spec.ts:5:1 › paged browsing preserves scroll, chooses from preview and releases its renderer in a short window (30.1s)
(node:22920) Warning: The 'NO_COLOR' env is ignored due to the 'FORCE_COLOR' env being set.
(Use `node --trace-warnings ...` to show where the warning was created)
  ok  4 [desktop] › tests\browser\ui-polish.spec.ts:5:1 › focused decisions retain choices, support multiple and skip, and save a compact receipt (6.2s)
  ok  5 [desktop] › tests\browser\ui-polish.spec.ts:82:1 › dialog custom input, focus loop, Escape and restored draft work without submission (2.3s)
  ok  6 [desktop] › tests\browser\ui-polish.spec.ts:115:1 › one simple decision stays inline and custom answers remain available (2.3s)
  ok  7 [desktop] › tests\browser\ui-polish.spec.ts:135:1 › panel pointer and keyboard resize respect bounds and survive reload (4.7s)
  ok  8 [desktop] › tests\browser\ui-polish.spec.ts:177:1 › inspector, source, Studio, plan and composer stay usable (3.4s)
(node:30760) Warning: The 'NO_COLOR' env is ignored due to the 'FORCE_COLOR' env being set.
(Use `node --trace-warnings ...` to show where the warning was created)
  ok  9 [mobile] › tests\browser\surgical-ux.spec.ts:3:1 › pointer and keyboard focus use different shared treatments (497ms)
  ok 10 [mobile] › tests\browser\surgical-ux.spec.ts:4:1 › Question opens, preserves Back choices and custom answers, and leaves a compact receipt (4.5s)
  x  11 [mobile] › tests\browser\surgical-ux.spec.ts:5:1 › paged browsing preserves scroll, chooses from preview and releases its renderer in a short window (30.1s)
(node:11568) Warning: The 'NO_COLOR' env is ignored due to the 'FORCE_COLOR' env being set.
(Use `node --trace-warnings ...` to show where the warning was created)
  ok 12 [mobile] › tests\browser\ui-polish.spec.ts:5:1 › focused decisions retain choices, support multiple and skip, and save a compact receipt (6.8s)
  ok 13 [mobile] › tests\browser\ui-polish.spec.ts:82:1 › dialog custom input, focus loop, Escape and restored draft work without submission (2.3s)
  ok 14 [mobile] › tests\browser\ui-polish.spec.ts:115:1 › one simple decision stays inline and custom answers remain available (2.4s)
  -  15 [mobile] › tests\browser\ui-polish.spec.ts:135:1 › panel pointer and keyboard resize respect bounds and survive reload
  ok 16 [mobile] › tests\browser\ui-polish.spec.ts:177:1 › inspector, source, Studio, plan and composer stay usable (3.6s)


  1) [desktop] › tests\browser\surgical-ux.spec.ts:5:1 › paged browsing preserves scroll, chooses from preview and releases its renderer in a short window 

    Test timeout of 30000ms exceeded.

    Error: locator.click: Test timeout of 30000ms exceeded.
    Call log:
      - waiting for getByRole('button', { name: 'Preview & choose assets', exact: true })


       at surgical-ux-flows.ts:39

      37 |  await page.route('**/api/status',r=>r.fulfill({json:{concepts:true,assetChoices:true,studioConnectionGate:false}}));
      38 |  const f=await assetChoiceFixture(page,origin);
    > 39 |  await page.getByRole('button',{name:'Preview & choose assets',exact:true}).click();
         |                                                                             ^
      40 |  const browser=page.getByRole('dialog',{name:'Choose assets',exact:true});
      41 |  await expect(browser.getByRole('article')).toHaveCount(30);
      42 |  await expect(browser.getByRole('article').first()).toContainText('92% · 100 votes');
        at browseFlow (D:\RobloxProjects\Roblox Gen\tests\browser\surgical-ux-flows.ts:39:77)
        at D:\RobloxProjects\Roblox Gen\tests\browser\surgical-ux.spec.ts:7:2

    Error Context: docs\results\surgical-ux\browser2\surgical-ux-paged-browsing-ec641--renderer-in-a-short-window-desktop\error-context.md

    attachment #2: trace (application/zip) ─────────────────────────────────────────────────────────
    docs\results\surgical-ux\browser2\surgical-ux-paged-browsing-ec641--renderer-in-a-short-window-desktop\trace.zip
    Usage:

        npx playwright show-trace docs\results\surgical-ux\browser2\surgical-ux-paged-browsing-ec641--renderer-in-a-short-window-desktop\trace.zip

    ────────────────────────────────────────────────────────────────────────────────────────────────

  2) [mobile] › tests\browser\surgical-ux.spec.ts:5:1 › paged browsing preserves scroll, chooses from preview and releases its renderer in a short window 

    Test timeout of 30000ms exceeded.

    Error: locator.click: Test timeout of 30000ms exceeded.
    Call log:
      - waiting for getByRole('button', { name: 'Preview & choose assets', exact: true })


       at surgical-ux-flows.ts:39

      37 |  await page.route('**/api/status',r=>r.fulfill({json:{studios:[],concepts:true,assetChoices:true,studioConnectionGate:false}}));
      38 |  const f=await assetChoiceFixture(page,origin);
    > 39 |  await page.getByRole('button',{name:'Preview & choose assets',exact:true}).click();
         |                                                                             ^
      40 |  const browser=page.getByRole('dialog',{name:'Choose assets',exact:true});
      41 |  await expect(browser.getByRole('article')).toHaveCount(30);
      42 |  await expect(browser.getByRole('article').first()).toContainText('92% · 100 votes');
        at browseFlow (D:\RobloxProjects\Roblox Gen\tests\browser\surgical-ux-flows.ts:39:77)
        at D:\RobloxProjects\Roblox Gen\tests\browser\surgical-ux.spec.ts:7:2

    Error Context: docs\results\surgical-ux\browser2\surgical-ux-paged-browsing-ec641--renderer-in-a-short-window-mobile\error-context.md

    attachment #2: trace (application/zip) ─────────────────────────────────────────────────────────
    docs\results\surgical-ux\browser2\surgical-ux-paged-browsing-ec641--renderer-in-a-short-window-mobile\trace.zip
    Usage:

        npx playwright show-trace docs\results\surgical-ux\browser2\surgical-ux-paged-browsing-ec641--renderer-in-a-short-window-mobile\trace.zip

    ────────────────────────────────────────────────────────────────────────────────────────────────

  2 failed
    [desktop] › tests\browser\surgical-ux.spec.ts:5:1 › paged browsing preserves scroll, chooses from preview and releases its renderer in a short window 
    [mobile] › tests\browser\surgical-ux.spec.ts:5:1 › paged browsing preserves scroll, chooses from preview and releases its renderer in a short window 
  1 skipped
  13 passed (1.9m)
