[WebServer] (node:29908) Warning: The 'NO_COLOR' env is ignored due to the 'FORCE_COLOR' env being set.
[WebServer] (Use `node --trace-warnings ...` to show where the warning was created)
[WebServer] [plugin builtin:vite-reporter] 
[WebServer] (!) Some chunks are larger than 500 kB after minification. Consider:
[WebServer] - Using dynamic import() to code-split the application
[WebServer] - Use build.rolldownOptions.output.codeSplitting to improve chunking: https://rolldown.rs/reference/OutputOptions.codeSplitting
[WebServer] - Adjust chunk size limit for this warning via build.chunkSizeWarningLimit.
[WebServer] (node:20828) Warning: The 'NO_COLOR' env is ignored due to the 'FORCE_COLOR' env being set.
[WebServer] (Use `node --trace-warnings ...` to show where the warning was created)
[WebServer] (node:32200) Warning: The 'NO_COLOR' env is ignored due to the 'FORCE_COLOR' env being set.
[WebServer] (Use `node --trace-warnings ...` to show where the warning was created)
[WebServer] (node:28300) Warning: The 'NO_COLOR' env is ignored due to the 'FORCE_COLOR' env being set.
[WebServer] (Use `node --trace-warnings ...` to show where the warning was created)

Running 24 tests using 1 worker

(node:25808) Warning: The 'NO_COLOR' env is ignored due to the 'FORCE_COLOR' env being set.
(Use `node --trace-warnings ...` to show where the warning was created)
  ok  1 [desktop] › tests\browser\asset-choices.spec.ts:6:1 › already planned briefs still discover assets and expose brief approval (4.4s)
  ok  2 [desktop] › tests\browser\asset-choices.spec.ts:24:1 › brief searches automatically, previews geometry and clips, then approves without typing (7.8s)
  ok  3 [desktop] › tests\browser\asset-choices.spec.ts:124:1 › dirty and changed briefs invalidate approval and search again (2.5s)
  ok  4 [desktop] › tests\browser\asset-choices.spec.ts:144:1 › connection failures and empty results give an explicit recovery path (2.3s)
  ok  5 [desktop] › tests\browser\marketplace.spec.ts:4:1 › existing-project asset roles survive follow-up and reload without leaking into new chat (4.6s)
  ok  6 [desktop] › tests\browser\marketplace.spec.ts:100:1 › Marketplace supports saved assets, inspected drag/drop and chat attachment context (3.8s)
  ok  7 [desktop] › tests\browser\marketplace.spec.ts:226:1 › blocked first drops display findings and never become chat attachments (651ms)
  x   8 [desktop] › tests\browser\ui-polish.spec.ts:5:1 › focused decisions retain choices, support multiple and skip, and save a compact receipt (30.5s)
(node:31036) Warning: The 'NO_COLOR' env is ignored due to the 'FORCE_COLOR' env being set.
(Use `node --trace-warnings ...` to show where the warning was created)
  ok  9 [desktop] › tests\browser\ui-polish.spec.ts:83:1 › dialog custom input, focus loop, Escape and restored draft work without submission (2.5s)
  ok 10 [desktop] › tests\browser\ui-polish.spec.ts:116:1 › one simple decision stays inline and custom answers remain available (2.4s)
  ok 11 [desktop] › tests\browser\ui-polish.spec.ts:136:1 › panel pointer and keyboard resize respect bounds and survive reload (4.8s)
  ok 12 [desktop] › tests\browser\ui-polish.spec.ts:178:1 › inspector, source, Studio, plan and composer stay usable (3.6s)
(node:25004) Warning: The 'NO_COLOR' env is ignored due to the 'FORCE_COLOR' env being set.
(Use `node --trace-warnings ...` to show where the warning was created)
  ok 13 [mobile] › tests\browser\asset-choices.spec.ts:6:1 › already planned briefs still discover assets and expose brief approval (4.4s)
  ok 14 [mobile] › tests\browser\asset-choices.spec.ts:24:1 › brief searches automatically, previews geometry and clips, then approves without typing (7.9s)
  ok 15 [mobile] › tests\browser\asset-choices.spec.ts:124:1 › dirty and changed briefs invalidate approval and search again (2.5s)
  ok 16 [mobile] › tests\browser\asset-choices.spec.ts:144:1 › connection failures and empty results give an explicit recovery path (2.3s)
  ok 17 [mobile] › tests\browser\marketplace.spec.ts:4:1 › existing-project asset roles survive follow-up and reload without leaking into new chat (4.6s)
  ok 18 [mobile] › tests\browser\marketplace.spec.ts:100:1 › Marketplace supports saved assets, inspected drag/drop and chat attachment context (5.2s)
  ok 19 [mobile] › tests\browser\marketplace.spec.ts:226:1 › blocked first drops display findings and never become chat attachments (680ms)
  x  20 [mobile] › tests\browser\ui-polish.spec.ts:5:1 › focused decisions retain choices, support multiple and skip, and save a compact receipt (30.4s)
(node:29744) Warning: The 'NO_COLOR' env is ignored due to the 'FORCE_COLOR' env being set.
(Use `node --trace-warnings ...` to show where the warning was created)
  ok 21 [mobile] › tests\browser\ui-polish.spec.ts:83:1 › dialog custom input, focus loop, Escape and restored draft work without submission (2.4s)
  ok 22 [mobile] › tests\browser\ui-polish.spec.ts:116:1 › one simple decision stays inline and custom answers remain available (2.4s)
  -  23 [mobile] › tests\browser\ui-polish.spec.ts:136:1 › panel pointer and keyboard resize respect bounds and survive reload
  ok 24 [mobile] › tests\browser\ui-polish.spec.ts:178:1 › inspector, source, Studio, plan and composer stay usable (3.6s)


  1) [desktop] › tests\browser\ui-polish.spec.ts:5:1 › focused decisions retain choices, support multiple and skip, and save a compact receipt 

    Test timeout of 30000ms exceeded.

    Error: locator.click: Test timeout of 30000ms exceeded.
    Call log:
      - waiting for getByRole('dialog', { name: 'Question' }).getByRole('button', { name: 'Next', exact: true })


      67 |   await dialog.getByLabel("Your answer", { exact: true }).fill("Fists only");
      68 |   await dialog.getByRole("button", { name: "Next", exact: true }).click();
    > 69 |   await dialog.getByRole("button", { name: "Next", exact: true }).click();
         |                                                                   ^
      70 |   await dialog.getByRole("button", { name: "Send", exact: true }).click();
      71 |   await expect(
      72 |     page.getByRole("button", { name: "Approve brief" }),
        at D:\RobloxProjects\Roblox Gen\tests\browser\ui-polish.spec.ts:69:67

    Error Context: docs\results\surgical-ux\browser1\ui-polish-focused-decision-1523c--and-save-a-compact-receipt-desktop\error-context.md

    attachment #2: trace (application/zip) ─────────────────────────────────────────────────────────
    docs\results\surgical-ux\browser1\ui-polish-focused-decision-1523c--and-save-a-compact-receipt-desktop\trace.zip
    Usage:

        npx playwright show-trace docs\results\surgical-ux\browser1\ui-polish-focused-decision-1523c--and-save-a-compact-receipt-desktop\trace.zip

    ────────────────────────────────────────────────────────────────────────────────────────────────

  2) [mobile] › tests\browser\ui-polish.spec.ts:5:1 › focused decisions retain choices, support multiple and skip, and save a compact receipt 

    Test timeout of 30000ms exceeded.

    Error: locator.click: Test timeout of 30000ms exceeded.
    Call log:
      - waiting for getByRole('dialog', { name: 'Question' }).getByRole('button', { name: 'Next', exact: true })


      67 |   await dialog.getByLabel("Your answer", { exact: true }).fill("Fists only");
      68 |   await dialog.getByRole("button", { name: "Next", exact: true }).click();
    > 69 |   await dialog.getByRole("button", { name: "Next", exact: true }).click();
         |                                                                   ^
      70 |   await dialog.getByRole("button", { name: "Send", exact: true }).click();
      71 |   await expect(
      72 |     page.getByRole("button", { name: "Approve brief" }),
        at D:\RobloxProjects\Roblox Gen\tests\browser\ui-polish.spec.ts:69:67

    Error Context: docs\results\surgical-ux\browser1\ui-polish-focused-decision-1523c--and-save-a-compact-receipt-mobile\error-context.md

    attachment #2: trace (application/zip) ─────────────────────────────────────────────────────────
    docs\results\surgical-ux\browser1\ui-polish-focused-decision-1523c--and-save-a-compact-receipt-mobile\trace.zip
    Usage:

        npx playwright show-trace docs\results\surgical-ux\browser1\ui-polish-focused-decision-1523c--and-save-a-compact-receipt-mobile\trace.zip

    ────────────────────────────────────────────────────────────────────────────────────────────────

  2 failed
    [desktop] › tests\browser\ui-polish.spec.ts:5:1 › focused decisions retain choices, support multiple and skip, and save a compact receipt 
    [mobile] › tests\browser\ui-polish.spec.ts:5:1 › focused decisions retain choices, support multiple and skip, and save a compact receipt 
  1 skipped
  21 passed (2.5m)
