src/web/AssetChoices.tsx 187ms
src/web/AssetPreviewDialog.tsx 25ms
src/web/AssetVotes.tsx 6ms
src/web/Clarifications.tsx 41ms
src/web/focus-modality.ts 7ms
src/web/focus.css 26ms
src/web/useAssetThumbnails.ts 11ms
src/web/Marketplace.tsx 86ms
src/web/SettingsWorkspace.tsx 32ms
src/web/asset-choices.css 31ms
src/marketplace/creator-store.ts 30ms
src/marketplace/discovery-routes.ts 57ms
src/marketplace/library.ts 38ms
src/marketplace/types.ts 19ms
src/marketplace/studio.ts 51ms
src/marketplace/routes.ts 24ms
tests/creator-store.test.ts 13ms
tests/browser/asset-choices-fixture.ts 24ms
tests/browser/asset-choices.spec.ts 29ms
tests/browser/ui-polish.spec.ts 32ms
