vite v8.3.0 building client environment for production...
transforming...
✓ 163 modules transformed.
rendering chunks...
computing gzip size...
.forge/surgical-renderer-web/index.html                              0.52 kB │ gzip:   0.33 kB
.forge/surgical-renderer-web/assets/DesignLab-Clo1Y0WS.css          33.18 kB │ gzip:   6.64 kB
.forge/surgical-renderer-web/assets/index-2IaWhUNP.css             122.49 kB │ gzip:  23.53 kB
.forge/surgical-renderer-web/assets/AnimationPlayer-RSqqwSqi.js      1.11 kB │ gzip:   0.62 kB
.forge/surgical-renderer-web/assets/AssetModelPreview-BSoLlQnY.js    1.12 kB │ gzip:   0.68 kB
.forge/surgical-renderer-web/assets/AnimationGallery-B1AXPJfs.js     1.30 kB │ gzip:   0.72 kB
.forge/surgical-renderer-web/assets/DesignLab-ChqUuC4b.js           45.50 kB │ gzip:  11.49 kB
.forge/surgical-renderer-web/assets/index-B4Y05jl-.js              452.27 kB │ gzip: 134.78 kB
.forge/surgical-renderer-web/assets/TakkoViewport-B4SXgH-U.js      566.80 kB │ gzip: 141.92 kB

✓ built in 365ms
[plugin builtin:vite-reporter] 
(!) Some chunks are larger than 500 kB after minification. Consider:
- Using dynamic import() to code-split the application
- Use build.rolldownOptions.output.codeSplitting to improve chunking: https://rolldown.rs/reference/OutputOptions.codeSplitting
- Adjust chunk size limit for this warning via build.chunkSizeWarningLimit.
