
 RUN  v5.0.0 D:/RobloxProjects/Roblox Gen

 ❯ tests/post-plan-replay.test.ts (6 tests | 2 failed) 4125ms
   × derives dependencies from requirement provenance without requiring duplicate task tags 8ms
   × retains the previous plan and all historical spending when correction is exhausted 92ms

⎯⎯⎯⎯⎯⎯⎯ Failed Tests 2 ⎯⎯⎯⎯⎯⎯⎯

 FAIL  tests/post-plan-replay.test.ts > derives dependencies from requirement provenance without requiring duplicate task tags
AssertionError: expected [] to include 'mechanics'
 ❯ tests/post-plan-replay.test.ts:30:88
     28|   for(const task of p.spec!.tasks)for(const id of task.requirements){
     29|     const source=p.spec!.requirements.find(r=>r.id===id)!.sourceId;
     30|     if(source?.startsWith("proposal:"))expect(p.proposalPlan!.tasks[ta…
       |                                                                                        ^
     31|   }
     32| });

⎯⎯⎯⎯⎯⎯⎯⎯⎯⎯⎯⎯⎯⎯⎯⎯⎯⎯⎯⎯⎯⎯⎯⎯[1/2]⎯

 FAIL  tests/post-plan-replay.test.ts > retains the previous plan and all historical spending when correction is exhausted
AssertionError: expected { …(8) } to deeply equal { …(8) }

- Expected
+ Received

@@ -1,8 +1,8 @@
  {
    "approval": {
-     "at": "2026-09-25T05:28:59.123Z",
+     "at": "2026-09-25T17:53:48.831Z",
      "hash": "ed2cbb9ab448f4f8de534d51ff1cd4b21204edb2e02b32b71c26b7db6b8912f6",
      "revision": 2,
    },
    "changed": [
      "assets",

 ❯ tests/post-plan-replay.test.ts:42:148


⎯⎯⎯⎯⎯⎯⎯⎯⎯⎯⎯⎯⎯⎯⎯⎯⎯⎯⎯⎯⎯⎯⎯⎯[2/2]⎯


 Test Files  1 failed (1)
      Tests  2 failed | 4 passed (6)
   Start at  13:53:43
   Duration  5.26s (tests 81%, transform 13%, import 6%)

