
 RUN  v5.0.0 D:/RobloxProjects/Roblox Gen

 ❯ tests/conversation-planning.test.ts (20 tests | 5 failed) 1824ms
   × runs one approval through planning and coordination, then rebuilds only theme and transitive HUD consumers 113ms
   × preserves the prior artifact on a failed incremental build and resumes completed replacement workers 112ms
   × re-edits through OpenCode approval/build, retaining the published artifact on failure and resuming only changed consumers 102ms
   × blocks edits and approval during native apply and unknown native outcomes 93ms
   × rejects repairing a retained stale artifact under the new proposal approval 96ms

⎯⎯⎯⎯⎯⎯⎯ Failed Tests 5 ⎯⎯⎯⎯⎯⎯⎯

 FAIL  tests/conversation-planning.test.ts > runs one approval through planning and coordination, then rebuilds only theme and transitive HUD consumers
AssertionError: expected 'Missing proposal requirement coverage…' to be null

- Expected:
null

+ Received:
"Missing proposal requirement coverage: proposal:mechanics. Add a requirement owned by an existing or necessary task. If no separate implementation is needed, explicitly describe which existing approved content satisfies it without adding scope.
Missing proposal requirement coverage: proposal:theme. Add a requirement owned by an existing or necessary task. If no separate implementation is needed, explicitly describe which existing approved content satisfies it without adding scope.
Missing proposal requirement coverage: proposal:environment. Add a requirement owned by an existing or necessary task. If no separate implementation is needed, explicitly describe which existing approved content satisfies it without adding scope."

 ❯ built tests/conversation-planning.test.ts:309:19
    307|   ).toBe(202);
    308|   const p = await f.engine.wait(f.p.id);
    309|   expect(p.error).toBeNull();
       |                   ^
    310|   expect(p.stage).toBe("ready_to_test");
    311|   return { ...f, p };
 ❯ tests/conversation-planning.test.ts:424:13

⎯⎯⎯⎯⎯⎯⎯⎯⎯⎯⎯⎯⎯⎯⎯⎯⎯⎯⎯⎯⎯⎯⎯⎯[1/5]⎯

 FAIL  tests/conversation-planning.test.ts > preserves the prior artifact on a failed incremental build and resumes completed replacement workers
AssertionError: expected 'Missing proposal requirement coverage…' to be null

- Expected:
null

+ Received:
"Missing proposal requirement coverage: proposal:mechanics. Add a requirement owned by an existing or necessary task. If no separate implementation is needed, explicitly describe which existing approved content satisfies it without adding scope.
Missing proposal requirement coverage: proposal:theme. Add a requirement owned by an existing or necessary task. If no separate implementation is needed, explicitly describe which existing approved content satisfies it without adding scope.
Missing proposal requirement coverage: proposal:environment. Add a requirement owned by an existing or necessary task. If no separate implementation is needed, explicitly describe which existing approved content satisfies it without adding scope."

 ❯ built tests/conversation-planning.test.ts:309:19
    307|   ).toBe(202);
    308|   const p = await f.engine.wait(f.p.id);
    309|   expect(p.error).toBeNull();
       |                   ^
    310|   expect(p.stage).toBe("ready_to_test");
    311|   return { ...f, p };
 ❯ tests/conversation-planning.test.ts:460:13

⎯⎯⎯⎯⎯⎯⎯⎯⎯⎯⎯⎯⎯⎯⎯⎯⎯⎯⎯⎯⎯⎯⎯⎯[2/5]⎯

 FAIL  tests/conversation-planning.test.ts > re-edits through OpenCode approval/build, retaining the published artifact on failure and resuming only changed consumers
AssertionError: expected 'Could not complete planner. Missing p…' to be null

- Expected:
null

+ Received:
"Could not complete planner. Missing proposal requirement coverage: proposal:mechanics. Add a requirement owned by an existing or necessary task. If no separate implementation is needed, explicitly describe which existing approved content satisfies it without adding…"

 ❯ built tests/conversation-planning.test.ts:309:19
    307|   ).toBe(202);
    308|   const p = await f.engine.wait(f.p.id);
    309|   expect(p.error).toBeNull();
       |                   ^
    310|   expect(p.stage).toBe("ready_to_test");
    311|   return { ...f, p };
 ❯ tests/conversation-planning.test.ts:495:13

⎯⎯⎯⎯⎯⎯⎯⎯⎯⎯⎯⎯⎯⎯⎯⎯⎯⎯⎯⎯⎯⎯⎯⎯[3/5]⎯

 FAIL  tests/conversation-planning.test.ts > blocks edits and approval during native apply and unknown native outcomes
AssertionError: expected 'Missing proposal requirement coverage…' to be null

- Expected:
null

+ Received:
"Missing proposal requirement coverage: proposal:mechanics. Add a requirement owned by an existing or necessary task. If no separate implementation is needed, explicitly describe which existing approved content satisfies it without adding scope.
Missing proposal requirement coverage: proposal:theme. Add a requirement owned by an existing or necessary task. If no separate implementation is needed, explicitly describe which existing approved content satisfies it without adding scope.
Missing proposal requirement coverage: proposal:environment. Add a requirement owned by an existing or necessary task. If no separate implementation is needed, explicitly describe which existing approved content satisfies it without adding scope."

 ❯ built tests/conversation-planning.test.ts:309:19
    307|   ).toBe(202);
    308|   const p = await f.engine.wait(f.p.id);
    309|   expect(p.error).toBeNull();
       |                   ^
    310|   expect(p.stage).toBe("ready_to_test");
    311|   return { ...f, p };
 ❯ tests/conversation-planning.test.ts:542:13

⎯⎯⎯⎯⎯⎯⎯⎯⎯⎯⎯⎯⎯⎯⎯⎯⎯⎯⎯⎯⎯⎯⎯⎯[4/5]⎯

 FAIL  tests/conversation-planning.test.ts > rejects repairing a retained stale artifact under the new proposal approval
AssertionError: expected 'Missing proposal requirement coverage…' to be null

- Expected:
null

+ Received:
"Missing proposal requirement coverage: proposal:mechanics. Add a requirement owned by an existing or necessary task. If no separate implementation is needed, explicitly describe which existing approved content satisfies it without adding scope.
Missing proposal requirement coverage: proposal:theme. Add a requirement owned by an existing or necessary task. If no separate implementation is needed, explicitly describe which existing approved content satisfies it without adding scope.
Missing proposal requirement coverage: proposal:environment. Add a requirement owned by an existing or necessary task. If no separate implementation is needed, explicitly describe which existing approved content satisfies it without adding scope."

 ❯ built tests/conversation-planning.test.ts:309:19
    307|   ).toBe(202);
    308|   const p = await f.engine.wait(f.p.id);
    309|   expect(p.error).toBeNull();
       |                   ^
    310|   expect(p.stage).toBe("ready_to_test");
    311|   return { ...f, p };
 ❯ tests/conversation-planning.test.ts:786:13

⎯⎯⎯⎯⎯⎯⎯⎯⎯⎯⎯⎯⎯⎯⎯⎯⎯⎯⎯⎯⎯⎯⎯⎯[5/5]⎯


 Test Files  1 failed | 1 passed (2)
      Tests  5 failed | 21 passed (26)
   Start at  13:54:44
   Duration  6.05s (tests 55%, import 31%, transform 14%)

