
 RUN  v5.0.0 D:/RobloxProjects/Roblox Gen

 ❯ tests/fist-asset-search.test.ts (4 tests | 4 failed) 19ms
   × uses a punch-specific animation query for an explicit fist-fighting brief 11ms
   × uses a punch-specific animation query for an explicit punching brief 2ms
   × uses a punch-specific animation query for an explicit boxing brief 2ms
   × retains explicit rig requirements in the punch-specific search 3ms

⎯⎯⎯⎯⎯⎯⎯ Failed Tests 4 ⎯⎯⎯⎯⎯⎯⎯

 FAIL  tests/fist-asset-search.test.ts > uses a punch-specific animation query for an explicit fist-fighting brief
 FAIL  tests/fist-asset-search.test.ts > uses a punch-specific animation query for an explicit punching brief
 FAIL  tests/fist-asset-search.test.ts > uses a punch-specific animation query for an explicit boxing brief
AssertionError: expected { id: 'combat', …(4) } to match object { query: 'punch animation', …(2) }
(2 matching properties omitted from actual)

- Expected
+ Received

  {
    "kind": "Model",
    "preview": "animation",
-   "query": "punch animation",
+   "query": "combat animation pack",
  }

 ❯ tests/fist-asset-search.test.ts:6:51
      4| it.each(["fist-fighting", "punching", "boxing"])("uses a punch-specifi…
      5|   const groups = assetSearches({request: `A simple ${style} game with …
      6|   expect(groups.find(group=>group.id==="combat")).toMatchObject({query…
       |                                                   ^
      7|   expect(groups.map(group=>group.id)).toEqual(["dummy","combat","sound…
      8| });

⎯⎯⎯⎯⎯⎯⎯⎯⎯⎯⎯⎯⎯⎯⎯⎯⎯⎯⎯⎯⎯⎯⎯⎯[1/4]⎯

 FAIL  tests/fist-asset-search.test.ts > retains explicit rig requirements in the punch-specific search
AssertionError: expected 'combat animation pack R15' to be 'punch animation R15' // Object.is equality

Expected: "punch animation R15"
Received: "combat animation pack R15"

 ❯ tests/fist-asset-search.test.ts:12:58
     10| it("retains explicit rig requirements in the punch-specific search", (…
     11|   const groups=assetSearches({request:"Fist fighting animations", answ…
     12|   expect(groups.find(group=>group.id==="combat")?.query).toBe("punch a…
       |                                                          ^
     13| });
     14|

⎯⎯⎯⎯⎯⎯⎯⎯⎯⎯⎯⎯⎯⎯⎯⎯⎯⎯⎯⎯⎯⎯⎯⎯[2/4]⎯


 Test Files  1 failed (1)
      Tests  4 failed (4)
   Start at  23:26:36
   Duration  247ms (transform 46%, tests 26%, import 21%, worker 8%)

