
 RUN  v5.0.0 D:/RobloxProjects/Roblox Gen

 ❯ tests/fist-asset-search.test.ts (5 tests | 1 failed) 13ms
   × uses a focused hit-effect query for fist-fighting VFX 8ms

⎯⎯⎯⎯⎯⎯⎯ Failed Tests 1 ⎯⎯⎯⎯⎯⎯⎯

 FAIL  tests/fist-asset-search.test.ts > uses a focused hit-effect query for fist-fighting VFX
AssertionError: expected 'hit impact VFX' to be 'hit vfx' // Object.is equality

Expected: "hit vfx"
Received: "hit impact VFX"

 ❯ tests/fist-asset-search.test.ts:6:63
      4| it("uses a focused hit-effect query for fist-fighting VFX", () => {
      5|   const groups = assetSearches({ request: "Fist fighting with VFX and …
      6|   expect(groups.find(group => group.id === "effects")?.query).toBe("hi…
       |                                                               ^
      7|   expect(groups.find(group => group.id === "sound")?.query).toBe("punc…
      8| });

⎯⎯⎯⎯⎯⎯⎯⎯⎯⎯⎯⎯⎯⎯⎯⎯⎯⎯⎯⎯⎯⎯⎯⎯[1/1]⎯


 Test Files  1 failed (1)
      Tests  1 failed | 4 passed (5)
   Start at  23:35:25
   Duration  224ms (transform 49%, import 24%, tests 20%, worker 7%)

