
> takko-studio@0.2.0 desktop:build
> npm run build && tsc --noEmit --project desktop/tsconfig.json && node desktop/build.mjs


> takko-studio@0.2.0 build
> tsc --noEmit && vite build

vite v8.3.0 building client environment for production...
transforming...
✓ 165 modules transformed.
rendering chunks...
computing gzip size...
dist/index.html                              0.52 kB │ gzip:   0.33 kB
dist/assets/DesignLab-Clo1Y0WS.css          33.18 kB │ gzip:   6.64 kB
dist/assets/index-txru-pbA.css             123.31 kB │ gzip:  23.69 kB
dist/assets/AnimationPlayer-Dq6_AV2r.js      1.11 kB │ gzip:   0.62 kB
dist/assets/AssetModelPreview-CFOzep8o.js    1.12 kB │ gzip:   0.68 kB
dist/assets/AnimationGallery-CgU87IkT.js     1.30 kB │ gzip:   0.73 kB
dist/assets/DesignLab-DNjHVgdq.js           45.50 kB │ gzip:  11.49 kB
dist/assets/index-BHoQXJHk.js              457.22 kB │ gzip: 136.22 kB
dist/assets/TakkoViewport-DUn4-v8p.js      566.80 kB │ gzip: 141.93 kB

✓ built in 389ms
[plugin builtin:vite-reporter] 
(!) Some chunks are larger than 500 kB after minification. Consider:
- Using dynamic import() to code-split the application
- Use build.rolldownOptions.output.codeSplitting to improve chunking: https://rolldown.rs/reference/OutputOptions.codeSplitting
- Adjust chunk size limit for this warning via build.chunkSizeWarningLimit.
Desktop resources built in dist-desktop. No application was launched.
