
 RUN  v5.0.0 D:/RobloxProjects/Roblox Gen

 ❯ tests/concept.test.ts (15 tests | 1 failed) 931ms
   × honors the configured reasoning and output allowance during concept generation 47ms

⎯⎯⎯⎯⎯⎯⎯ Failed Tests 1 ⎯⎯⎯⎯⎯⎯⎯

 FAIL  tests/concept.test.ts > honors the configured reasoning and output allowance during concept generation
AssertionError: expected 2000 to be 32768 // Object.is equality

- Expected
+ Received

- 32768
+ 2000

 ❯ tests/concept.test.ts:136:36
    134|   const saved = await engine.wait(project.id);
    135|   expect(saved.error).toBeNull();
    136|   expect(calls[0].body.max_tokens).toBe(32768);
       |                                    ^
    137|   expect(saved.charges).toHaveLength(1);
    138| });

⎯⎯⎯⎯⎯⎯⎯⎯⎯⎯⎯⎯⎯⎯⎯⎯⎯⎯⎯⎯⎯⎯⎯⎯[1/1]⎯


 Test Files  1 failed (1)
      Tests  1 failed | 14 passed (15)
   Start at  23:21:47
   Duration  2.30s (tests 43%, transform 35%, import 21%)

