
> takko-studio@0.2.0 desktop:build
> npm run build && tsc --noEmit --project desktop/tsconfig.json && node desktop/build.mjs


> takko-studio@0.2.0 build
> tsc --noEmit && vite build

vite v8.3.0 building client environment for production...
transforming...
✓ 165 modules transformed.
rendering chunks...
computing gzip size...
dist/index.html                              0.52 kB │ gzip:   0.32 kB
dist/assets/DesignLab-Clo1Y0WS.css          33.18 kB │ gzip:   6.64 kB
dist/assets/index-txru-pbA.css             123.31 kB │ gzip:  23.69 kB
dist/assets/AnimationPlayer-C3aXD0ol.js      1.11 kB │ gzip:   0.62 kB
dist/assets/AssetModelPreview-8YTySAlo.js    1.12 kB │ gzip:   0.68 kB
dist/assets/AnimationGallery-1pW9OUIg.js     1.30 kB │ gzip:   0.72 kB
dist/assets/DesignLab-C2zNC0ul.js           45.50 kB │ gzip:  11.49 kB
dist/assets/index-Dla2leU6.js              457.21 kB │ gzip: 136.21 kB
dist/assets/TakkoViewport-xdWt6Zph.js      566.80 kB │ gzip: 141.92 kB

✓ built in 695ms
[plugin builtin:vite-reporter] 
(!) Some chunks are larger than 500 kB after minification. Consider:
- Using dynamic import() to code-split the application
- Use build.rolldownOptions.output.codeSplitting to improve chunking: https://rolldown.rs/reference/OutputOptions.codeSplitting
- Adjust chunk size limit for this warning via build.chunkSizeWarningLimit.
Desktop resources built in dist-desktop. No application was launched.
