
 RUN  v5.0.0 D:/RobloxProjects/Roblox Gen

 ❯ tests/approved-asset-binding.test.ts (3 tests | 3 failed) 22ms
   ❯ approved asset links from real planner output (3)
     × builds the four real planned needs without catalog IDs in requirement prose or duplicating the animation pack 10ms
     × stamps spec-derived discovery groups with the originating need identity 7ms
     × retains approved selection identity when all model-authored catalog numbers are absent 3ms

⎯⎯⎯⎯⎯⎯⎯ Failed Tests 3 ⎯⎯⎯⎯⎯⎯⎯

 FAIL  tests/approved-asset-binding.test.ts > approved asset links from real planner output > builds the four real planned needs without catalog IDs in requirement prose or duplicating the animation pack
Error: Approved asset needs a linked requirement before building: Practice dummy #1245720733
 ❯ buildAssetNeeds src/marketplace/approved-adapter.ts:29:13
     27|     );
     28|     if (!requirement)
     29|       throw new Error(
       |             ^
     30|         "Approved asset needs a linked requirement before building: " +
     31|           group.label +
 ❯ tests/approved-asset-binding.test.ts:18:19

⎯⎯⎯⎯⎯⎯⎯⎯⎯⎯⎯⎯⎯⎯⎯⎯⎯⎯⎯⎯⎯⎯⎯⎯[1/3]⎯

 FAIL  tests/approved-asset-binding.test.ts > approved asset links from real planner output > stamps spec-derived discovery groups with the originating need identity
AssertionError: expected [ { id: 'dummy', …(4) }, …(3) ] to deep equally contain ObjectContaining{…}

- Expected:
ObjectContaining {
  "assetNeedId": "trainingDummyAsset",
  "query": "training dummy punching bag",
}

+ Received:
[
  {
    "id": "dummy",
    "kind": "Model",
    "label": "Practice dummy",
    "preview": "model",
    "query": "training dummy",
  },
  {
    "id": "combat",
    "kind": "Model",
    "label": "Fighting animation",
    "preview": "animation",
    "query": "punch animation",
  },
  {
    "id": "sound",
    "kind": "Audio",
    "label": "Sound effects",
    "preview": "audio",
    "query": "punch impact",
  },
  {
    "id": "effects",
    "kind": "Model",
    "label": "Visual effects",
    "preview": "model",
    "query": "hit vfx",
  },
]

 ❯ tests/approved-asset-binding.test.ts:30:22
     28|     expect(groups).toHaveLength(4);
     29|     for (const need of p.spec!.assetNeeds!)
     30|       expect(groups).toContainEqual(expect.objectContaining({ assetNee…
       |                      ^
     31|     expect(groups.find(g => (g as any).assetNeedId === "punchAnimation…
     32|   });

⎯⎯⎯⎯⎯⎯⎯⎯⎯⎯⎯⎯⎯⎯⎯⎯⎯⎯⎯⎯⎯⎯⎯⎯[2/3]⎯

 FAIL  tests/approved-asset-binding.test.ts > approved asset links from real planner output > retains approved selection identity when all model-authored catalog numbers are absent
Error: Approved asset needs a linked requirement before building: Practice dummy #1245720733
 ❯ buildAssetNeeds src/marketplace/approved-adapter.ts:29:13
     27|     );
     28|     if (!requirement)
     29|       throw new Error(
       |             ^
     30|         "Approved asset needs a linked requirement before building: " +
     31|           group.label +
 ❯ tests/approved-asset-binding.test.ts:38:19

⎯⎯⎯⎯⎯⎯⎯⎯⎯⎯⎯⎯⎯⎯⎯⎯⎯⎯⎯⎯⎯⎯⎯⎯[3/3]⎯


 Test Files  1 failed (1)
      Tests  3 failed (3)
   Start at  21:15:28
   Duration  2.17s (import 92%, transform 4%, worker 2%, tests 1%)

