
 RUN  v5.0.0 D:/RobloxProjects/Roblox Gen

 ❯ tests/approved-asset-binding.test.ts (6 tests | 1 failed) 42ms
   ❯ approved asset links from real planner output (6)
     × does not guess past stale links or equally matching needs 11ms

⎯⎯⎯⎯⎯⎯⎯ Failed Tests 1 ⎯⎯⎯⎯⎯⎯⎯

 FAIL  tests/approved-asset-binding.test.ts > approved asset links from real planner output > does not guess past stale links or equally matching needs
AssertionError: expected [Function] to throw an error

- Expected:
null

+ Received:
undefined

 ❯ tests/approved-asset-binding.test.ts:77:38
     75|     delete p.assetDiscovery!.groups[0].assetNeedId;
     76|     p.spec!.assetNeeds!.push({...p.spec!.assetNeeds![0], id: "anotherD…
     77|     expect(() => buildAssetNeeds(p)).toThrow("Ambiguous");
       |                                      ^
     78|   });
     79|

⎯⎯⎯⎯⎯⎯⎯⎯⎯⎯⎯⎯⎯⎯⎯⎯⎯⎯⎯⎯⎯⎯⎯⎯[1/1]⎯


 Test Files  1 failed | 3 passed (4)
      Tests  1 failed | 66 passed (67)
   Start at  21:20:45
   Duration  3.34s (tests 62%, import 19%, transform 19%)

