
> takko-studio@0.2.0 check
> npm run build && npm test && npm run test:luau && npm run test:plugin && npm run test:guards && npm run lint:css && npm run test:desktop && npm run test:production && npm run test:e2e


> takko-studio@0.2.0 build
> tsc --noEmit && vite build

vite v8.3.0 building client environment for production...
transforming...
[plugin rolldown:vite-resolve] Module "node:crypto" has been externalized for browser compatibility, imported by "D:/RobloxProjects/Roblox Gen/src/generation/scope-questions.ts". See https://vite.dev/guide/troubleshooting.html#module-externalized-for-browser-compatibility for more details.
✓ 177 modules transformed.
rendering chunks...
computing gzip size...
dist/index.html                              0.52 kB │ gzip:   0.32 kB
dist/assets/DesignLab-Gs8meDSA.css          33.24 kB │ gzip:   6.60 kB
dist/assets/index-DTbUv3UD.css             125.70 kB │ gzip:  24.00 kB
dist/assets/AnimationPlayer-BzGm3Eyt.js      1.11 kB │ gzip:   0.62 kB
dist/assets/AnimationGallery-TPlKojQ6.js     1.30 kB │ gzip:   0.72 kB
dist/assets/AssetModelPreview-CFfU-rqJ.js    9.89 kB │ gzip:   3.60 kB
dist/assets/DesignLab-TEQGp_9i.js           45.46 kB │ gzip:  11.46 kB
dist/assets/TakkoViewport-C0VPf349.js      569.36 kB │ gzip: 142.48 kB
dist/assets/index-sshSuQF3.js              726.10 kB │ gzip: 168.64 kB

✓ built in 711ms
[plugin builtin:vite-reporter] 
(!) Some chunks are larger than 500 kB after minification. Consider:
- Using dynamic import() to code-split the application
- Use build.rolldownOptions.output.codeSplitting to improve chunking: https://rolldown.rs/reference/OutputOptions.codeSplitting
- Adjust chunk size limit for this warning via build.chunkSizeWarningLimit.

> takko-studio@0.2.0 test
> vitest run


 RUN  v5.0.0 D:/RobloxProjects/Roblox Gen

 ❯ tests/world-policy.test.ts (8 tests | 1 failed) 53ms
   × distinguishes Lighting reads from mutations in a builder source submission 12ms

⎯⎯⎯⎯⎯⎯⎯ Failed Tests 1 ⎯⎯⎯⎯⎯⎯⎯

 FAIL  tests/world-policy.test.ts > distinguishes Lighting reads from mutations in a builder source submission
AssertionError: expected [ { …(3) } ] to deeply equal []

- Expected
+ Received

- []
+ [
+   {
+     "detail": "ReplicatedStorage/Forge_8a81efe9b8ed/PunchConfig.module.luau creates lights or changes Lighting without an explicit lighting requirement. Keep template lighting unchanged. This static check does not prove absence of dynamic lighting changes.",
+     "id": "world:lights:source:ReplicatedStorage/Forge_8a81efe9b8ed/PunchConfig.module.luau",
+     "status": "failed",
+   },
+ ]

 ❯ tests/world-policy.test.ts:57:101
     55|   const source=corpus[0].artifact!.files[0];
     56|   const check=(body:string)=>checkWorldScene({files:[{...source,source…
     57|   expect(check('local Lighting = game:GetService("Lighting")\nassert(L…
       |                                                                                                     ^
     58|   expect(check('local Lighting = game:GetService("Lighting")\nLighting…
     59| });

⎯⎯⎯⎯⎯⎯⎯⎯⎯⎯⎯⎯⎯⎯⎯⎯⎯⎯⎯⎯⎯⎯⎯⎯[1/1]⎯


 Test Files  1 failed | 120 passed (121)
      Tests  1 failed | 1678 passed (1679)
   Start at  13:23:29
   Duration  156.22s (tests 82%, import 15%, transform 2%)

    Isolate  121 workers spawned · ~214ms startup each (spawn + environment, per file)
             at least ~12.72s faster with isolate: false — reuses workers across files instead of one per file

