
 RUN  v5.0.0 D:/RobloxProjects/Roblox Gen

 ❯ tests/world-policy.test.ts (8 tests | 1 failed) 50ms
   × distinguishes Lighting reads from mutations in a builder source submission 12ms

⎯⎯⎯⎯⎯⎯⎯ Failed Tests 1 ⎯⎯⎯⎯⎯⎯⎯

 FAIL  tests/world-policy.test.ts > distinguishes Lighting reads from mutations in a builder source submission
AssertionError: expected [ { …(3) } ] to deeply equal []

- Expected
+ Received

- []
+ [
+   {
+     "detail": "ReplicatedStorage/Forge_8a81efe9b8ed/PunchConfig.module.luau creates lights or changes Lighting without an explicit lighting requirement. Keep template lighting unchanged. This static check does not prove absence of dynamic lighting changes.",
+     "id": "world:lights:source:ReplicatedStorage/Forge_8a81efe9b8ed/PunchConfig.module.luau",
+     "status": "failed",
+   },
+ ]

 ❯ tests/world-policy.test.ts:57:101
     55|   const source=corpus[0].artifact!.files[0];
     56|   const check=(body:string)=>checkWorldScene({files:[{...source,source…
     57|   expect(check('local Lighting = game:GetService("Lighting")\nassert(L…
       |                                                                                                     ^
     58|   expect(check('local Lighting = game:GetService("Lighting")\nLighting…
     59| });

⎯⎯⎯⎯⎯⎯⎯⎯⎯⎯⎯⎯⎯⎯⎯⎯⎯⎯⎯⎯⎯⎯⎯⎯[1/1]⎯


 Test Files  1 failed (1)
      Tests  1 failed | 7 passed (8)
   Start at  13:25:36
   Duration  1.42s (transform 55%, import 40%, tests 4%, worker 1%)

