{"version":9,"type":"context-options","origin":"library","browserName":"","playwrightVersion":"1.63.0","options":{},"platform":"win32","wallTime":1790637370242,"monotonicTime":131090.743,"sdkLanguage":"javascript","title":"lemonade-layout.spec.ts:5 › research routing preference survives save and reopen"}
{"type":"before","callId":"call@1321","startTime":131166.513,"class":"APIRequestContext","method":"fetch","params":{"url":"/api/models","method":"GET"},"stepId":"pw:api@31"}
{"type":"log","callId":"call@1321","time":131168.725,"message":"→ GET http://127.0.0.1:4319/api/models"}
{"type":"log","callId":"call@1321","time":131168.758,"message":"  user-agent: Mozilla/5.0 (Windows NT 10.0; Win64; x64) AppleWebKit/537.36 (KHTML, like Gecko) Chrome/153.0.8010.12 Safari/537.36"}
{"type":"log","callId":"call@1321","time":131168.766,"message":"  accept: */*"}
{"type":"log","callId":"call@1321","time":131168.77,"message":"  accept-encoding: gzip,deflate,br"}
{"type":"log","callId":"call@1321","time":131172,"message":"← 200 OK"}
{"type":"log","callId":"call@1321","time":131172.015,"message":"  x-content-type-options: nosniff"}
{"type":"log","callId":"call@1321","time":131172.021,"message":"  cache-control: no-store"}
{"type":"log","callId":"call@1321","time":131172.025,"message":"  content-type: application/json; charset=utf-8"}
{"type":"log","callId":"call@1321","time":131172.029,"message":"  content-length: 419"}
{"type":"log","callId":"call@1321","time":131172.033,"message":"  etag: W/\"1a3-mX5suTSJ43qq6BkKDLfgL/egPuU\""}
{"type":"log","callId":"call@1321","time":131172.037,"message":"  date: Mon, 28 Sep 2026 23:16:10 GMT"}
{"type":"log","callId":"call@1321","time":131172.04,"message":"  connection: keep-alive"}
{"type":"log","callId":"call@1321","time":131172.044,"message":"  keep-alive: timeout=5"}
{"type":"after","callId":"call@1321","endTime":131172.182,"result":{"response":{"url":"http://127.0.0.1:4319/api/models","status":200,"statusText":"OK","headers":[{"name":"X-Content-Type-Options","value":"nosniff"},{"name":"Cache-Control","value":"no-store"},{"name":"Content-Type","value":"application/json; charset=utf-8"},{"name":"Content-Length","value":"419"},{"name":"ETag","value":"W/\"1a3-mX5suTSJ43qq6BkKDLfgL/egPuU\""},{"name":"Date","value":"Mon, 28 Sep 2026 23:16:10 GMT"},{"name":"Connection","value":"keep-alive"},{"name":"Keep-Alive","value":"timeout=5"}],"serverAddr":{"ipAddress":"127.0.0.1","port":4319},"timing":{"startTime":1790637370319,"domainLookupStart":-1,"domainLookupEnd":-1,"connectStart":0,"secureConnectionStart":-1,"connectEnd":1.8650000000197906,"requestStart":1.8650000000197906,"responseStart":3.13900000002468},"responseEndTiming":3.486000000004424,"fetchUid":"ff98e8f4f929a9f1689415439c23f37c"}}}
{"type":"before","callId":"call@1344","startTime":132165.025,"class":"APIRequestContext","method":"fetch","params":{"url":"/api/models","method":"PUT","jsonData":"{\"profiles\":[],\"routes\":{\"planner\":[],\"builder\":[],\"reviewer\":[],\"repair\":[]},\"budgetMicros\":2000000,\"repairLimit\":2,\"presets\":[{\"routes\":{\"planner\":[],\"builder\":[],\"reviewer\":[],\"repair\":[]},\"budgetMicros\":2000000,\"repairLimit\":2,\"id\":\"00000000-0000-4000-8000-000000000001\",\"name\":\"My first preset\",\"icon\":\"taco\"}],\"activePresetId\":\"00000000-0000-4000-8000-000000000001\",\"credentialStorage\":\"session\",\"connections\":[]}"},"stepId":"pw:api@42"}
{"type":"log","callId":"call@1344","time":132166.997,"message":"→ PUT http://127.0.0.1:4319/api/models"}
{"type":"log","callId":"call@1344","time":132167.024,"message":"  user-agent: Mozilla/5.0 (Windows NT 10.0; Win64; x64) AppleWebKit/537.36 (KHTML, like Gecko) Chrome/153.0.8010.12 Safari/537.36"}
{"type":"log","callId":"call@1344","time":132167.03,"message":"  accept: */*"}
{"type":"log","callId":"call@1344","time":132167.033,"message":"  accept-encoding: gzip,deflate,br"}
{"type":"log","callId":"call@1344","time":132167.036,"message":"  content-type: application/json"}
{"type":"log","callId":"call@1344","time":132167.038,"message":"  content-length: 419"}
{"type":"log","callId":"call@1344","time":132170.66,"message":"← 400 Bad Request"}
{"type":"log","callId":"call@1344","time":132170.671,"message":"  x-content-type-options: nosniff"}
{"type":"log","callId":"call@1344","time":132170.674,"message":"  cache-control: no-store"}
{"type":"log","callId":"call@1344","time":132170.676,"message":"  content-type: application/json; charset=utf-8"}
{"type":"log","callId":"call@1344","time":132170.68,"message":"  content-length: 55"}
{"type":"log","callId":"call@1344","time":132170.684,"message":"  etag: W/\"37-ILAmIaq8ifhWbHuQMzt7AAHghsw\""}
{"type":"log","callId":"call@1344","time":132170.688,"message":"  date: Mon, 28 Sep 2026 23:16:11 GMT"}
{"type":"log","callId":"call@1344","time":132170.691,"message":"  connection: keep-alive"}
{"type":"log","callId":"call@1344","time":132170.695,"message":"  keep-alive: timeout=5"}
{"type":"after","callId":"call@1344","endTime":132170.833,"result":{"response":{"url":"http://127.0.0.1:4319/api/models","status":400,"statusText":"Bad Request","headers":[{"name":"X-Content-Type-Options","value":"nosniff"},{"name":"Cache-Control","value":"no-store"},{"name":"Content-Type","value":"application/json; charset=utf-8"},{"name":"Content-Length","value":"55"},{"name":"ETag","value":"W/\"37-ILAmIaq8ifhWbHuQMzt7AAHghsw\""},{"name":"Date","value":"Mon, 28 Sep 2026 23:16:11 GMT"},{"name":"Connection","value":"keep-alive"},{"name":"Keep-Alive","value":"timeout=5"}],"serverAddr":{"ipAddress":"127.0.0.1","port":4319},"timing":{"startTime":1790637371317,"domainLookupStart":-1,"domainLookupEnd":-1,"connectStart":-1,"secureConnectionStart":-1,"connectEnd":-1,"requestStart":0.5420000000158325,"responseStart":3.482000000018161},"responseEndTiming":3.790000000008149,"fetchUid":"0f81eb91ee1681e8a0d1fd623b8a98e8"}}}
