[WebServer] (node:14444) Warning: The 'NO_COLOR' env is ignored due to the 'FORCE_COLOR' env being set.
[WebServer] (Use `node --trace-warnings ...` to show where the warning was created)
[WebServer] [plugin builtin:vite-reporter] 
[WebServer] (!) Some chunks are larger than 500 kB after minification. Consider:
[WebServer] - Using dynamic import() to code-split the application
[WebServer] - Use build.rolldownOptions.output.codeSplitting to improve chunking: https://rolldown.rs/reference/OutputOptions.codeSplitting
[WebServer] - Adjust chunk size limit for this warning via build.chunkSizeWarningLimit.
[WebServer] (node:41104) Warning: The 'NO_COLOR' env is ignored due to the 'FORCE_COLOR' env being set.
[WebServer] (Use `node --trace-warnings ...` to show where the warning was created)
[WebServer] (node:32308) Warning: The 'NO_COLOR' env is ignored due to the 'FORCE_COLOR' env being set.
[WebServer] (Use `node --trace-warnings ...` to show where the warning was created)

Running 10 tests using 1 worker

(node:42488) Warning: The 'NO_COLOR' env is ignored due to the 'FORCE_COLOR' env being set.
(Use `node --trace-warnings ...` to show where the warning was created)
  ok  1 [desktop] › tests\browser\ui-polish.spec.ts:5:1 › focused decisions retain choices, support multiple and skip, and save a compact receipt (6.6s)
  x   2 [desktop] › tests\browser\ui-polish.spec.ts:35:1 › dialog custom input, focus loop, Escape and restored draft work without submission (8.0s)
(node:42832) Warning: The 'NO_COLOR' env is ignored due to the 'FORCE_COLOR' env being set.
(Use `node --trace-warnings ...` to show where the warning was created)
  ok  3 [desktop] › tests\browser\ui-polish.spec.ts:54:1 › one simple decision stays inline and custom answers remain available (2.6s)
  ok  4 [desktop] › tests\browser\ui-polish.spec.ts:66:1 › panel pointer and keyboard resize respect bounds and survive reload (1.3s)
  ok  5 [desktop] › tests\browser\ui-polish.spec.ts:93:1 › inspector, source, Studio, plan and composer stay usable (1.9s)
(node:42400) Warning: The 'NO_COLOR' env is ignored due to the 'FORCE_COLOR' env being set.
(Use `node --trace-warnings ...` to show where the warning was created)
  ok  6 [mobile] › tests\browser\ui-polish.spec.ts:5:1 › focused decisions retain choices, support multiple and skip, and save a compact receipt (6.7s)
  x   7 [mobile] › tests\browser\ui-polish.spec.ts:35:1 › dialog custom input, focus loop, Escape and restored draft work without submission (8.0s)
(node:27596) Warning: The 'NO_COLOR' env is ignored due to the 'FORCE_COLOR' env being set.
(Use `node --trace-warnings ...` to show where the warning was created)
  ok  8 [mobile] › tests\browser\ui-polish.spec.ts:54:1 › one simple decision stays inline and custom answers remain available (2.6s)
  -   9 [mobile] › tests\browser\ui-polish.spec.ts:66:1 › panel pointer and keyboard resize respect bounds and survive reload
  ok 10 [mobile] › tests\browser\ui-polish.spec.ts:93:1 › inspector, source, Studio, plan and composer stay usable (2.2s)


  1) [desktop] › tests\browser\ui-polish.spec.ts:35:1 › dialog custom input, focus loop, Escape and restored draft work without submission 

    Error: expect(locator).toHaveValue(expected) failed

    Locator: getByRole('dialog').getByLabel('Your answer', { exact: true })
    Expected: "A staff with a defensive kick"
    Timeout: 5000ms
    Error: element(s) not found

    Call log:
      - Expect "toHaveValue" getByRole('dialog').getByLabel('Your answer', { exact: true }) with timeout 5000ms
      - waiting for getByRole('dialog').getByLabel('Your answer', { exact: true })


      48 |   await expect(page.getByRole('button',{name:'Edit answers',exact:true})).toBeFocused();
      49 |   await page.getByRole('button',{name:'Edit answers',exact:true}).click();
    > 50 |   await expect(d.getByLabel('Your answer',{exact:true})).toHaveValue('A staff with a defensive kick');
         |                                                          ^
      51 |   expect(f.calls).toEqual([]);
      52 | });
      53 |
        at D:\RobloxProjects\Roblox Gen\tests\browser\ui-polish.spec.ts:50:58

    Error Context: docs\results\ui-polish\focused1-artifacts\ui-polish-dialog-custom-in-3708c-aft-work-without-submission-desktop\error-context.md

    attachment #2: trace (application/zip) ─────────────────────────────────────────────────────────
    docs\results\ui-polish\focused1-artifacts\ui-polish-dialog-custom-in-3708c-aft-work-without-submission-desktop\trace.zip
    Usage:

        npx playwright show-trace docs\results\ui-polish\focused1-artifacts\ui-polish-dialog-custom-in-3708c-aft-work-without-submission-desktop\trace.zip

    ────────────────────────────────────────────────────────────────────────────────────────────────

  2) [mobile] › tests\browser\ui-polish.spec.ts:35:1 › dialog custom input, focus loop, Escape and restored draft work without submission 

    Error: expect(locator).toHaveValue(expected) failed

    Locator: getByRole('dialog').getByLabel('Your answer', { exact: true })
    Expected: "A staff with a defensive kick"
    Timeout: 5000ms
    Error: element(s) not found

    Call log:
      - Expect "toHaveValue" getByRole('dialog').getByLabel('Your answer', { exact: true }) with timeout 5000ms
      - waiting for getByRole('dialog').getByLabel('Your answer', { exact: true })


      48 |   await expect(page.getByRole('button',{name:'Edit answers',exact:true})).toBeFocused();
      49 |   await page.getByRole('button',{name:'Edit answers',exact:true}).click();
    > 50 |   await expect(d.getByLabel('Your answer',{exact:true})).toHaveValue('A staff with a defensive kick');
         |                                                          ^
      51 |   expect(f.calls).toEqual([]);
      52 | });
      53 |
        at D:\RobloxProjects\Roblox Gen\tests\browser\ui-polish.spec.ts:50:58

    Error Context: docs\results\ui-polish\focused1-artifacts\ui-polish-dialog-custom-in-3708c-aft-work-without-submission-mobile\error-context.md

    attachment #2: trace (application/zip) ─────────────────────────────────────────────────────────
    docs\results\ui-polish\focused1-artifacts\ui-polish-dialog-custom-in-3708c-aft-work-without-submission-mobile\trace.zip
    Usage:

        npx playwright show-trace docs\results\ui-polish\focused1-artifacts\ui-polish-dialog-custom-in-3708c-aft-work-without-submission-mobile\trace.zip

    ────────────────────────────────────────────────────────────────────────────────────────────────

  2 failed
    [desktop] › tests\browser\ui-polish.spec.ts:35:1 › dialog custom input, focus loop, Escape and restored draft work without submission 
    [mobile] › tests\browser\ui-polish.spec.ts:35:1 › dialog custom input, focus loop, Escape and restored draft work without submission 
  1 skipped
  7 passed (53.1s)
