[
  "src/generation/concept.ts",
  "src/generation/conversation.ts",
  "src/generation/engine.ts",
  "src/generation/schema.ts",
  "src/generation/ui-preferences.ts",
  "src/server/app.ts",
  "src/web/App.tsx",
  "src/web/ArchitectureEditor.tsx",
  "src/web/BuildPlan.tsx",
  "src/web/clarification-receipt.ts",
  "src/web/Clarifications.tsx",
  "src/web/Conversation.tsx",
  "src/web/GameConcept.tsx",
  "src/web/Icons.tsx",
  "src/web/Marketplace.tsx",
  "src/web/ModelLibrary.tsx",
  "src/web/SettingsWorkspace.tsx",
  "src/web/ui-polish.css",
  "src/web/WorkspaceSplit.tsx",
  "desktop/identity.mjs",
  "desktop/main.mjs",
  "desktop/tests/lifecycle.test.mjs",
  "tests/api.test.ts",
  "tests/browser/chat-architecture.spec.ts",
  "tests/browser/concept.spec.ts",
  "tests/browser/lemonade-layout.spec.ts",
  "tests/browser/provider-fixture.ts",
  "tests/browser/settings-workspace.spec.ts",
  "tests/browser/ui-polish-fixture.ts",
  "tests/browser/ui-polish.spec.ts",
  "tests/browser/workflow.spec.ts",
  "tests/ui-polish.test.ts",
  "scripts/verify-ui-polish-desktop.ts"
]
file:///D:/RobloxProjects/Roblox%20Gen/.forge/report-ui-polish.mjs:27
 if(files.some(f=>f.build!==f.package)) throw Error('Packaged resources differ');
                                              ^

Error: Packaged resources differ
    at file:///D:/RobloxProjects/Roblox%20Gen/.forge/report-ui-polish.mjs:27:47
    at ModuleJob.run (node:internal/modules/esm/module_job:437:25)
    at async node:internal/modules/esm/loader:639:26
    at async asyncRunEntryPointWithESMLoader (node:internal/modules/run_main:101:5)

Node.js v24.15.0
