
> takko-studio@0.2.0 desktop:package
> npm run desktop:build && node desktop/package.mjs


> takko-studio@0.2.0 desktop:build
> npm run build && tsc --noEmit --project desktop/tsconfig.json && node desktop/build.mjs


> takko-studio@0.2.0 build
> tsc --noEmit && vite build

vite v8.3.0 building client environment for production...
transforming...
✓ 152 modules transformed.
rendering chunks...
computing gzip size...
dist/index.html                             0.52 kB │ gzip:   0.33 kB
dist/assets/DesignLab-Clo1Y0WS.css         33.18 kB │ gzip:   6.64 kB
dist/assets/index-CaYYf_Ay.css            112.37 kB │ gzip:  21.71 kB
dist/assets/AnimationGallery-GVvtqdsa.js    1.30 kB │ gzip:   0.72 kB
dist/assets/DesignLab-BLEygWUd.js          45.46 kB │ gzip:  11.47 kB
dist/assets/index-BXfSzqJh.js             432.02 kB │ gzip: 128.93 kB
dist/assets/AnimationPlayer-BSrikh3r.js   564.84 kB │ gzip: 141.22 kB

✓ built in 667ms
[plugin builtin:vite-reporter] 
(!) Some chunks are larger than 500 kB after minification. Consider:
- Using dynamic import() to code-split the application
- Use build.rolldownOptions.output.codeSplitting to improve chunking: https://rolldown.rs/reference/OutputOptions.codeSplitting
- Adjust chunk size limit for this warning via build.chunkSizeWarningLimit.
Desktop resources built in dist-desktop. No application was launched.
Packaging app for platform win32 x64 using electron v44.3.0
Unsigned local application bundle: release\takko-ui-polish-20260921-final\Takko-win32-x64
