[WebServer] (node:4992) Warning: The 'NO_COLOR' env is ignored due to the 'FORCE_COLOR' env being set.
[WebServer] (Use `node --trace-warnings ...` to show where the warning was created)
[WebServer] [plugin rolldown:vite-resolve] Module "node:crypto" has been externalized for browser compatibility, imported by "D:/RobloxProjects/Roblox Gen/src/generation/scope-questions.ts". See https://vite.dev/guide/troubleshooting.html#module-externalized-for-browser-compatibility for more details.
[WebServer] [plugin builtin:vite-reporter] 
[WebServer] (!) Some chunks are larger than 500 kB after minification. Consider:
[WebServer] - Using dynamic import() to code-split the application
[WebServer] - Use build.rolldownOptions.output.codeSplitting to improve chunking: https://rolldown.rs/reference/OutputOptions.codeSplitting
[WebServer] - Adjust chunk size limit for this warning via build.chunkSizeWarningLimit.
[WebServer] (node:43992) Warning: The 'NO_COLOR' env is ignored due to the 'FORCE_COLOR' env being set.
[WebServer] (Use `node --trace-warnings ...` to show where the warning was created)
[WebServer] (node:36732) Warning: The 'NO_COLOR' env is ignored due to the 'FORCE_COLOR' env being set.
[WebServer] (Use `node --trace-warnings ...` to show where the warning was created)
[WebServer] (node:27560) Warning: The 'NO_COLOR' env is ignored due to the 'FORCE_COLOR' env being set.
[WebServer] (Use `node --trace-warnings ...` to show where the warning was created)

Running 4 tests using 1 worker

(node:18792) Warning: The 'NO_COLOR' env is ignored due to the 'FORCE_COLOR' env being set.
(Use `node --trace-warnings ...` to show where the warning was created)
  ok 1 [desktop] › tests\browser\proposal-questions.spec.ts:6:1 › unanswered proposal questions pause automatic Marketplace work even with a connected Studio (2.6s)
  ok 2 [desktop] › tests\browser\proposal-questions.spec.ts:55:1 › real saved proposal questions support review, Other, closing, keyboard and free answers (7.1s)
(node:47708) Warning: The 'NO_COLOR' env is ignored due to the 'FORCE_COLOR' env being set.
(Use `node --trace-warnings ...` to show where the warning was created)
  ok 3 [mobile] › tests\browser\proposal-questions.spec.ts:6:1 › unanswered proposal questions pause automatic Marketplace work even with a connected Studio (2.7s)
  ok 4 [mobile] › tests\browser\proposal-questions.spec.ts:55:1 › real saved proposal questions support review, Other, closing, keyboard and free answers (7.4s)

  4 passed (32.9s)
