[WebServer] (node:27788) Warning: The 'NO_COLOR' env is ignored due to the 'FORCE_COLOR' env being set.
[WebServer] (Use `node --trace-warnings ...` to show where the warning was created)
[WebServer] [plugin rolldown:vite-resolve] Module "node:crypto" has been externalized for browser compatibility, imported by "D:/RobloxProjects/Roblox Gen/src/generation/scope-questions.ts". See https://vite.dev/guide/troubleshooting.html#module-externalized-for-browser-compatibility for more details.
[WebServer] [plugin builtin:vite-reporter] 
[WebServer] (!) Some chunks are larger than 500 kB after minification. Consider:
[WebServer] - Using dynamic import() to code-split the application
[WebServer] - Use build.rolldownOptions.output.codeSplitting to improve chunking: https://rolldown.rs/reference/OutputOptions.codeSplitting
[WebServer] - Adjust chunk size limit for this warning via build.chunkSizeWarningLimit.
[WebServer] (node:37672) Warning: The 'NO_COLOR' env is ignored due to the 'FORCE_COLOR' env being set.
[WebServer] (Use `node --trace-warnings ...` to show where the warning was created)
[WebServer] (node:38348) Warning: The 'NO_COLOR' env is ignored due to the 'FORCE_COLOR' env being set.
[WebServer] (Use `node --trace-warnings ...` to show where the warning was created)
[WebServer] (node:43112) Warning: The 'NO_COLOR' env is ignored due to the 'FORCE_COLOR' env being set.
[WebServer] (Use `node --trace-warnings ...` to show where the warning was created)

Running 4 tests using 1 worker

(node:46664) Warning: The 'NO_COLOR' env is ignored due to the 'FORCE_COLOR' env being set.
(Use `node --trace-warnings ...` to show where the warning was created)
  x  1 [desktop] › tests\browser\proposal-questions.spec.ts:6:1 › unanswered proposal questions pause automatic Marketplace work even with a connected Studio (6.4s)
(node:39340) Warning: The 'NO_COLOR' env is ignored due to the 'FORCE_COLOR' env being set.
(Use `node --trace-warnings ...` to show where the warning was created)
  ok 2 [desktop] › tests\browser\proposal-questions.spec.ts:52:1 › real saved proposal questions support review, Other, closing, keyboard and free answers (7.1s)
(node:2648) Warning: The 'NO_COLOR' env is ignored due to the 'FORCE_COLOR' env being set.
(Use `node --trace-warnings ...` to show where the warning was created)
  x  3 [mobile] › tests\browser\proposal-questions.spec.ts:6:1 › unanswered proposal questions pause automatic Marketplace work even with a connected Studio (6.3s)
(node:25176) Warning: The 'NO_COLOR' env is ignored due to the 'FORCE_COLOR' env being set.
(Use `node --trace-warnings ...` to show where the warning was created)
  ok 4 [mobile] › tests\browser\proposal-questions.spec.ts:52:1 › real saved proposal questions support review, Other, closing, keyboard and free answers (7.7s)


  1) [desktop] › tests\browser\proposal-questions.spec.ts:6:1 › unanswered proposal questions pause automatic Marketplace work even with a connected Studio 

    Error: expect(locator).toBeVisible() failed

    Locator: getByRole('button', { name: 'Find assets', exact: true })
    Expected: visible
    Timeout: 5000ms
    Error: element(s) not found

    Call log:
      - Expect "toBeVisible" getByRole('button', { name: 'Find assets', exact: true }) with timeout 5000ms
      - waiting for getByRole('button', { name: 'Find assets', exact: true })


      46 |   await expect(
      47 |     page.getByRole("button", { name: "Find assets", exact: true }),
    > 48 |   ).toBeVisible();
         |     ^
      49 |   expect(searches).toBe(0);
      50 | });
      51 |
        at D:\RobloxProjects\Roblox Gen\tests\browser\proposal-questions.spec.ts:48:5

    Error Context: test-results\proposal-questions-unanswe-0e5c2-ven-with-a-connected-Studio-desktop\error-context.md

    attachment #2: trace (application/zip) ─────────────────────────────────────────────────────────
    test-results\proposal-questions-unanswe-0e5c2-ven-with-a-connected-Studio-desktop\trace.zip
    Usage:

        npx playwright show-trace test-results\proposal-questions-unanswe-0e5c2-ven-with-a-connected-Studio-desktop\trace.zip

    ────────────────────────────────────────────────────────────────────────────────────────────────

  2) [mobile] › tests\browser\proposal-questions.spec.ts:6:1 › unanswered proposal questions pause automatic Marketplace work even with a connected Studio 

    Error: expect(locator).toBeVisible() failed

    Locator: getByRole('button', { name: 'Find assets', exact: true })
    Expected: visible
    Timeout: 5000ms
    Error: element(s) not found

    Call log:
      - Expect "toBeVisible" getByRole('button', { name: 'Find assets', exact: true }) with timeout 5000ms
      - waiting for getByRole('button', { name: 'Find assets', exact: true })


      46 |   await expect(
      47 |     page.getByRole("button", { name: "Find assets", exact: true }),
    > 48 |   ).toBeVisible();
         |     ^
      49 |   expect(searches).toBe(0);
      50 | });
      51 |
        at D:\RobloxProjects\Roblox Gen\tests\browser\proposal-questions.spec.ts:48:5

    Error Context: test-results\proposal-questions-unanswe-0e5c2-ven-with-a-connected-Studio-mobile\error-context.md

    attachment #2: trace (application/zip) ─────────────────────────────────────────────────────────
    test-results\proposal-questions-unanswe-0e5c2-ven-with-a-connected-Studio-mobile\trace.zip
    Usage:

        npx playwright show-trace test-results\proposal-questions-unanswe-0e5c2-ven-with-a-connected-Studio-mobile\trace.zip

    ────────────────────────────────────────────────────────────────────────────────────────────────

  2 failed
    [desktop] › tests\browser\proposal-questions.spec.ts:6:1 › unanswered proposal questions pause automatic Marketplace work even with a connected Studio 
    [mobile] › tests\browser\proposal-questions.spec.ts:6:1 › unanswered proposal questions pause automatic Marketplace work even with a connected Studio 
  2 passed (44.1s)
