
 RUN  v5.0.0 D:/RobloxProjects/Roblox Gen

⎯⎯⎯⎯⎯⎯ Unhandled Errors ⎯⎯⎯⎯⎯⎯

Vitest caught 1 unhandled error during the test run.
This might cause false positive tests. Resolve unhandled errors to make sure your tests are not affected.

⎯⎯⎯⎯⎯⎯ Unhandled Error ⎯⎯⎯⎯⎯⎯⎯
Error: [vitest-pool]: Worker forks emitted error.
 ❯ EventEmitter.onTaskError ../Roblox%20Gen/node_modules/vitest/dist/chunks/index.B89dZ0-N.js:11463:21
 ❯ EventEmitter.emit node:events:509:28
 ❯ ChildProcess.emitUnexpectedExit ../Roblox%20Gen/node_modules/vitest/dist/chunks/index.B89dZ0-N.js:10940:22
 ❯ ChildProcess.emit node:events:509:28
 ❯ Process.ChildProcess._handle.onexit node:internal/child_process:295:12

Caused by: Error: Worker exited unexpectedly with exit code 3221226505 during started state while running test file D:/RobloxProjects/Roblox Gen/tests/conversation-planning.test.ts
 ❯ ChildProcess.emitUnexpectedExit ../Roblox%20Gen/node_modules/vitest/dist/chunks/index.B89dZ0-N.js:10938:33
 ❯ ChildProcess.emit node:events:509:28
 ❯ Process.ChildProcess._handle.onexit node:internal/child_process:295:12

⎯⎯⎯⎯⎯⎯⎯⎯⎯⎯⎯⎯⎯⎯⎯⎯⎯⎯⎯⎯⎯⎯⎯⎯⎯⎯⎯⎯⎯⎯


 Test Files  4 passed (5)
      Tests  47 passed (59)
     Errors  1 error
   Start at  21:08:59
   Duration  11.02s (tests 70%, import 18%, transform 12%)

