
 RUN  v5.0.0 D:/RobloxProjects/Roblox Gen

 ❯ tests/scope-answer-reuse.test.ts (12 tests | 8 failed) 634ms
   × replays the preserved planner patch through scope creation without reopening the saved decision 155ms
   × projects and clears the already-saved duplicate using answer provenance without changing anything else 73ms
   × still asks about a new limit on the answered topic: No blocking. 47ms
   × still asks about a new limit on the answered topic: Only one hit per session. 43ms
   × still asks about a new limit on the answered topic: No upgrades. 39ms
   × still asks about a new limit on the answered topic: Only within 2 studs. 39ms
   × still asks about a new limit on the answered topic: No mobile input. 39ms
   × reuses an equivalent quantity decision outside combat but asks about a changed quantity 47ms

⎯⎯⎯⎯⎯⎯⎯ Failed Tests 8 ⎯⎯⎯⎯⎯⎯⎯

 FAIL  tests/scope-answer-reuse.test.ts > replays the preserved planner patch through scope creation without reopening the saved decision
AssertionError: expected [ Array(1) ] to deeply equal []

- Expected
+ Received

- []
+ [
+   "Should this limit apply, or should the mechanic support more? Punching is a single click/tap-to-punch action: one punch per input, using the existing single-punch animation, with a short cooldown before the next punch can register; there is no combo chain, attack chaining, or multiple distinct attack types. This latest clarification answer supersedes the earlier combo-chain answer.",
+ ]

 ❯ tests/scope-answer-reuse.test.ts:23:44
     21|   p.answerQuestions = after().answerQuestions;
     22|   questionProposalScope(p.proposal!, p);
     23|   expect(p.proposal!.mechanics.unresolved).toEqual([]);
       |                                            ^
     24|   expect(proposalQuestions(p)).toEqual([]);
     25| });

⎯⎯⎯⎯⎯⎯⎯⎯⎯⎯⎯⎯⎯⎯⎯⎯⎯⎯⎯⎯⎯⎯⎯⎯[1/8]⎯

 FAIL  tests/scope-answer-reuse.test.ts > projects and clears the already-saved duplicate using answer provenance without changing anything else
AssertionError: expected [ { id: 'scope_b739c539bf2a', …(7) } ] to deeply equal []

- Expected
+ Received

- []
+ [
+   {
+     "allowOther": true,
+     "fallback": true,
+     "id": "scope_b739c539bf2a",
+     "options": [
+       {
+         "description": "Punching is a single click/tap-to-punch action: one punch per input, using the existing single-punch animation, with a short cooldown before the next punch can register; there is no combo chain, attack chaining, or multiple distinct attack types. This latest clarification answer supersedes the earlier combo-chain answer.",
+         "id": "keep",
+         "label": "Keep the proposed behavior",
+       },
+       {
+         "description": "Describe your preferred replacement in Other.",
+         "id": "change",
+         "label": "Specify a different behavior",
+       },
+     ],
+     "prompt": "Decide this part of your game: Punching is a single click/tap-to-punch action: one punch per input, using the existing single-punch animation, with a short cooldown before the next punch can register; there is no combo chain, attack chaining, or multiple distinct attack types. This latest clarification answer supersedes the earlier combo-chain answer.",
+     "recommendationReason": "Preserves the current proposal without a model call.",
+     "recommendedOptionId": "keep",
+     "source": "Should this limit apply, or should the mechanic support more? Punching is a single click/tap-to-punch action: one punch per input, using the existing single-punch animation, with a short cooldown before the next punch can register; there is no combo chain, attack chaining, or multiple distinct attack types. This latest clarification answer supersedes the earlier combo-chain answer.",
+   },
+ ]

 ❯ tests/scope-answer-reuse.test.ts:30:32
     28|   const p = after(), before = structuredClone(p);
     29|   expect(p.proposal!.mechanics.unresolved.map(scopeQuestionId)).toCont…
     30|   expect(proposalQuestions(p)).toEqual([]);
       |                                ^
     31|   expect(p).toEqual(before); // Read projection must be pure.
     32|   clearAnsweredQuestions(p);

⎯⎯⎯⎯⎯⎯⎯⎯⎯⎯⎯⎯⎯⎯⎯⎯⎯⎯⎯⎯⎯⎯⎯⎯[2/8]⎯

 FAIL  tests/scope-answer-reuse.test.ts > still asks about a new limit on the answered topic: No blocking.
 FAIL  tests/scope-answer-reuse.test.ts > still asks about a new limit on the answered topic: Only one hit per session.
 FAIL  tests/scope-answer-reuse.test.ts > still asks about a new limit on the answered topic: No upgrades.
 FAIL  tests/scope-answer-reuse.test.ts > still asks about a new limit on the answered topic: Only within 2 studs.
 FAIL  tests/scope-answer-reuse.test.ts > still asks about a new limit on the answered topic: No mobile input.
AssertionError: expected [ …(2) ] to have a length of 1 but got 2

- Expected
+ Received

- 1
+ 2

 ❯ tests/scope-answer-reuse.test.ts:44:34
     42|     expect(scopeQuestions([source], p)).toHaveLength(1);
     43|     p.proposal!.mechanics.unresolved = [source];
     44|     expect(proposalQuestions(p)).toHaveLength(1);
       |                                  ^
     45|     clearAnsweredQuestions(p);
     46|     expect(p.proposal!.mechanics.unresolved).toEqual([source]);

⎯⎯⎯⎯⎯⎯⎯⎯⎯⎯⎯⎯⎯⎯⎯⎯⎯⎯⎯⎯⎯⎯⎯⎯[3/8]⎯

 FAIL  tests/scope-answer-reuse.test.ts > reuses an equivalent quantity decision outside combat but asks about a changed quantity
AssertionError: expected [ Array(1) ] to deeply equal []

- Expected
+ Received

- []
+ [
+   "Should this limit apply, or should the mechanic support more? Exactly one collectible is available.",
+ ]

 ❯ tests/scope-answer-reuse.test.ts:66:72
     64|   const id = scopeQuestionId(source);
     65|   const p = { ...after(), request: "A collection game", briefChanges: …
     66|   expect(scopeQuestions(["Exactly one collectible is available."], p))…
       |                                                                        ^
     67|   expect(scopeQuestions(["Only two collectibles are available."], p)).…
     68| });

⎯⎯⎯⎯⎯⎯⎯⎯⎯⎯⎯⎯⎯⎯⎯⎯⎯⎯⎯⎯⎯⎯⎯⎯[4/8]⎯


 Test Files  1 failed (1)
      Tests  8 failed | 4 passed (12)
   Start at  20:57:43
   Duration  3.34s (import 65%, tests 24%, transform 9%, worker 2%)

