
 RUN  v5.0.0 D:/RobloxProjects/Roblox Gen

 ❯ tests/generation-request-deadline.test.ts (14 tests | 1 failed) 193ms
   ❯ per-profile generation request deadline (offline mocked provider) (14)
     × settles unknown billing before a timeout diagnostic write can fail 44ms

⎯⎯⎯⎯⎯⎯⎯ Failed Tests 1 ⎯⎯⎯⎯⎯⎯⎯

 FAIL  tests/generation-request-deadline.test.ts > per-profile generation request deadline (offline mocked provider) > settles unknown billing before a timeout diagnostic write can fail
AssertionError: expected 37046 to be +0 // Object.is equality

- Expected
+ Received

- 0
+ 37046

 ❯ tests/generation-request-deadline.test.ts:116:35
    114|     await vi.advanceTimersByTimeAsync(1000);
    115|     const result = await engine.wait(project.id);
    116|     expect(result.reservedMicros).toBe(0);
       |                                   ^
    117|     expect(result.charges).toHaveLength(1);
    118|     expect(result.charges[0].chargedMicros).toBe(reserved);

⎯⎯⎯⎯⎯⎯⎯⎯⎯⎯⎯⎯⎯⎯⎯⎯⎯⎯⎯⎯⎯⎯⎯⎯[1/1]⎯


 Test Files  1 failed (1)
      Tests  1 failed | 13 passed (14)
   Start at  14:35:56
   Duration  1.07s (transform 52%, import 27%, tests 21%)

