
> takko-studio@0.2.0 check
> npm test && npm run test:luau && npm run test:plugin && npm run test:guards && npm run build && npm run test:desktop && npm run test:production && npm run test:e2e


> takko-studio@0.2.0 test
> vitest run


 RUN  v5.0.0 D:/RobloxProjects/Roblox Gen

 ❯ tests/generation-engine.test.ts (51 tests | 1 failed) 6926ms
   ❯ request-driven generation (51)
     × builds scene-only tasks and validates scene-backed coverage 124ms

⎯⎯⎯⎯⎯⎯⎯ Failed Tests 1 ⎯⎯⎯⎯⎯⎯⎯

 FAIL  tests/generation-engine.test.ts > request-driven generation > builds scene-only tasks and validates scene-backed coverage
AssertionError: expected [ 'at', 'model', 'phase', …(2) ] to deeply equal [ 'at', 'model', 'phase', 'response' ]

- Expected
+ Received

  [
    "at",
    "model",
    "phase",
+   "requestTiming",
    "response",
  ]

 ❯ tests/generation-engine.test.ts:1053:39
    1051|     );
    1052|     expect(trace.phase).toBe("reviewer");
    1053|     expect(Object.keys(trace).sort()).toEqual([
       |                                       ^
    1054|       "at",
    1055|       "model",

⎯⎯⎯⎯⎯⎯⎯⎯⎯⎯⎯⎯⎯⎯⎯⎯⎯⎯⎯⎯⎯⎯⎯⎯[1/1]⎯


 Test Files  1 failed | 92 passed (93)
      Tests  1 failed | 1444 passed (1445)
   Start at  14:31:07
   Duration  53.47s (tests 78%, import 18%, transform 3%, worker 1%)

    Isolate  93 workers spawned · ~137ms startup each (spawn + environment, per file)
             at least ~6.24s faster with isolate: false — reuses workers across files instead of one per file

