
 RUN  v5.0.0 D:/RobloxProjects/Roblox Gen

 ❯ tests/generation-engine.test.ts (53 tests | 2 failed | 51 skipped) 244ms
   ❯ request-driven generation (53)
     × rejects an empty model container backed only by a user-approved ID 29ms
     × routes approved model references to native acquisition before committing a worker bundle 213ms

⎯⎯⎯⎯⎯⎯⎯ Failed Tests 2 ⎯⎯⎯⎯⎯⎯⎯

 FAIL  tests/generation-engine.test.ts > request-driven generation > rejects an empty model container backed only by a user-approved ID
AssertionError: expected 'passed' to be 'failed' // Object.is equality

Expected: "failed"
Received: "passed"

 ❯ tests/generation-engine.test.ts:567:76
    565|       assets: [{ id: "dummy", requirementId: "core", kind: "model", as…
    566|     });
    567|     expect(validateBundle(b, p).find(c => c.id === "asset:dummy")?.sta…
       |                                                                            ^
    568|   });
    569|   it("routes approved model references to native acquisition before co…

⎯⎯⎯⎯⎯⎯⎯⎯⎯⎯⎯⎯⎯⎯⎯⎯⎯⎯⎯⎯⎯⎯⎯⎯[1/2]⎯

 FAIL  tests/generation-engine.test.ts > request-driven generation > routes approved model references to native acquisition before committing a worker bundle
AssertionError: the given combination of arguments (null and string) is invalid for this assertion. You can use an array, a map, an object, a set, a string, or a weakset instead of a string
 ❯ tests/generation-engine.test.ts:585:26
    583|     engine.start(p.id, 1, "build");
    584|     const result = await engine.wait(p.id);
    585|     expect(result.error).toContain("select a connected Studio");
       |                          ^
    586|     expect(result.artifact?.files).toEqual([]);
    587|     expect(result.assetPipeline?.needs[0]).toMatchObject({ kind: "Mode…

⎯⎯⎯⎯⎯⎯⎯⎯⎯⎯⎯⎯⎯⎯⎯⎯⎯⎯⎯⎯⎯⎯⎯⎯[2/2]⎯


 Test Files  1 failed (1)
      Tests  2 failed | 51 skipped (53)
   Start at  14:41:54
   Duration  1.48s (transform 51%, import 28%, tests 20%, worker 1%)

