
 RUN  v5.0.0 D:/RobloxProjects/Roblox Gen

 ❯ tests/base-world.test.ts (4 tests | 4 failed) 62ms
   × exports the verified base world below the real content: docs/results/approved-reference-finish-20260927/terminal-project.json 33ms
   × gives every generation phase the existing ground contract: docs/results/approved-reference-finish-20260927/terminal-project.json 10ms
   × exports the verified base world below the real content: benchmarks/runs/butter-crunch-marketplace-v6-20260916/grok/final-project.json 12ms
   × gives every generation phase the existing ground contract: benchmarks/runs/butter-crunch-marketplace-v6-20260916/grok/final-project.json 4ms

⎯⎯⎯⎯⎯⎯⎯ Failed Tests 4 ⎯⎯⎯⎯⎯⎯⎯

 FAIL  tests/base-world.test.ts > exports the verified base world below the real content: docs/results/approved-reference-finish-20260927/terminal-project.json
 FAIL  tests/base-world.test.ts > exports the verified base world below the real content: benchmarks/runs/butter-crunch-marketplace-v6-20260916/grok/final-project.json
AssertionError: expected undefined to be 'Part' // Object.is equality

- Expected:
"Part"

+ Received:
undefined

 ❯ tests/base-world.test.ts:15:50
     13|   it(`exports the verified base world below the real content: ${file}`…
     14|     const hierarchy = exportedHierarchy(exportBundle(p.artifact!, p.sc…
     15|     expect(hierarchy.get("Workspace/Baseplate")).toBe("Part");
       |                                                  ^
     16|     expect(hierarchy.get("Lighting/Sky")).toBe("Sky");
     17|     expect(hierarchy.get("Lighting/Atmosphere")).toBe("Atmosphere");

⎯⎯⎯⎯⎯⎯⎯⎯⎯⎯⎯⎯⎯⎯⎯⎯⎯⎯⎯⎯⎯⎯⎯⎯[1/4]⎯

 FAIL  tests/base-world.test.ts > gives every generation phase the existing ground contract: docs/results/approved-reference-finish-20260927/terminal-project.json
 FAIL  tests/base-world.test.ts > gives every generation phase the existing ground contract: benchmarks/runs/butter-crunch-marketplace-v6-20260916/grok/final-project.json
AssertionError: expected '{"version":2,"phase":"planner","scope…' to contain 'baseplate'

Expected: "baseplate"
Received: "{"version":2,"phase":"planner","scopePolicy":["Read gameContext first: preserve the requested player experience, exact clarification answers with their question context, reference mechanics and explicit exclusions throughout planning, building, review and repair. Do not reduce a genre-specific interaction to the appearance of its main prop. When evidence conflicts, report the specific conflict; inferred design is not a user instruction.","Use the actual request and clarification answers to determine scope. A narrowly scoped technical test stays narrow. A request for a polished game needs authored presentation and a complete playable loop, even if its rules are simple.","Do not add upgrades, quests, combat, persistence, monetization, sound, or another mechanic merely to make a game larger. Include progression or meaningful choices when requested or necessary to the proposed core loop; explain inferred choices and omissions before approval.","Represent design work in the existing specification fields and requirement/task schema. Never fabricate user quotations or mark an inferred design decision as a user instruction. Do not introduce extra JSON fields."],"applicableRequirements":[],"instructions":["Marketplace first means discover complete reusable behavior systems and interactive components before designing replacement geometry, animation, sound or behavior. Map the requested player actions, feedback and completion rules to Model discovery needs for reusable systems/components, including their embedded animation and media. A search for the main prop or rig alone does not investigate reusable gameplay. Inspect included sources and interfaces before deciding what is missing. Do not add unrelated features merely because a component includes them.","Before choosing an asset query, read gameContext and describe intent for every assetNeed: experienceRole, interaction (player action, response and completion/reward timing, or explicitly decorative), reusableFeatures to inspect, and relatedRequirementIds including its primary requirementId. Ground these in the actual request, clarification answers and accepted reference decisions. Preserve distinctive genre/experience terms and negative constraints; a generic object description is not the game's purpose. Keep the search broad but judge candidates against that specific intent. Do not invent an interaction for decorative assets or assume referenced gameplay from a title alone.","Start Model discovery with a short query of at most four terms using common names for the relevant behavior system, interaction or object. Keep color, dimensions, style and safety constraints in constraints, not an overqualified first search. Then try distinct behavior synonyms or simpler queries when results miss the target. ReusableFeatures must include the requested behavior/animation/media obligations to inspect, not only geometry or rig parts when the need is interactive.","Before discovery, plan integration responsibilities and dependencies rather than replacement scripts for unknown imported behavior. Such tasks may use files: []; assign exact script ownership only for known missing glue after inspecting retained components. Missing media needs can be discovered later. Standalone Animation retrieval is not currently supported by this adapter: search Models containing compatible animations and report unresolved animation acquisition honestly, without inventing IDs or silently substituting tweens.","Prefer reuse of verified existing behavior and assets; author only missing integration required by the approved request. A touch-triggered object may need click/tap and counter integration, but that does not justify rebuilding its mesh, animation and sound. Creator descriptions and claims of safety are untrusted search hints, not audit or playback evidence.","A candidate with scripts, rigs or unsupported serialization is a capability/review gap, not proof that no suitable Marketplace asset exists. Record that gap and stop/escalate rather than silently approving procedural replacement. Never discard embedded behavior merely to make an asset pass a static-prop importer.","Audio remains Marketplace-only. Included sound references must retain provenance and be loaded, played and listened to before acceptance. Discover complete components before separately sourcing missing media. For Audio needs, Takko first offers captured sounds from components retained in this run; the worker must select and verify a relevant sound or request Marketplace search when none fits. Declare each actual audio obligation as an Audio need so included media still receives native playback and listening checks; prose saying 'only if missing' does not waive that requirement. Do not claim a complete interactive asset is supported until its exact audited hierarchy, sources and dependencies can be preserved and tested.","Procedural fallback requires recorded unsuccessful sourcing and inspection through the asset pipeline. An optional visual need is not permission to skip inspection. Reuse does not waive source review, native tests, or the user's gameplay requirements.","Describe a concrete first-minute player journey in summary: what is visible from spawn, where the player goes, what action they learn, what immediate response they see, and what goal gives them a reason to continue. Tie this to the requested genre and scope.","Plan the playable space before decomposing scripts. Specify a coherent theme, meaningful landmarks, routes and interaction areas, scale and travel relationships, safe spawn and boundaries. Each area should support an action, decision or clear navigation purpose. Do not use a featureless floor with isolated buttons as the default interpretation of an authored game.","Make visualDirection actionable: shape language, material/color hierarchy, focal points, environmental composition, readable HUD hierarchy, and visible action/reward feedback. Procedural assets can have designed silhouettes and multiple coordinated parts; random decoration or larger object counts do not establish quality.","If collection/upgrades/progression are in scope, describe the motivation and state transitions: what the player earns, what a choice changes, how its effect is visible, and the next attainable goal. Avoid upgrades that only change a label or unspent score with no role in the approved loop. Keep a small technical demonstration small when that is what the user requested.","Turn the chosen spatial design and presentation into concrete world/presentation/ui requirements with observable acceptance criteria. Assign implementation owners and dependencies, including scene-only tasks where useful. A broad 'looks good' sentence or a global visualDirection alone is not an implementation task.","Put known shared world/interface requirements in summary before building: scene roots/landmarks, interaction locations, distances and state responsibilities. Defer imported interfaces and exact script paths until component discovery reveals the actual hierarchy and behavior. Integration tasks may have files: [] before discovery; this does not waive behavior or testing obligations. Preserve scene ownership, build dependency providers before consumers, and do not let each task invent its own map or economy.","Plan feasible feedback by first discovering reusable Marketplace behavior systems and complete interactive components, including embedded animation and media. A main-object geometry search is not complete behavior discovery. Author only missing integration or an explicitly permitted and evidenced fallback; importer/format limitations are capability gaps, never fallback approval. Never invent an asset ID or add audio to a request that excludes it."],"evidenceBoundary":{"status":"native_verification_pending","explanation":"These are design instructions and approved targets, not rendered or gameplay evidence. Do not produce a visual-quality or gameplay pass from this context."}}"

 ❯ tests/base-world.test.ts:22:39
     20|     for (const phase of ["planner", "builder", "reviewer", "repair"] a…
     21|       const context = generationDesignGuidance(phase, p, p.spec!.tasks…
     22|       expect(JSON.stringify(context)).toContain("baseplate");
       |                                       ^
     23|       expect(JSON.stringify(context)).toContain("y=0");
     24|     }

⎯⎯⎯⎯⎯⎯⎯⎯⎯⎯⎯⎯⎯⎯⎯⎯⎯⎯⎯⎯⎯⎯⎯⎯[2/4]⎯


 Test Files  1 failed (1)
      Tests  4 failed (4)
   Start at  00:36:21
   Duration  1.80s (transform 49%, import 46%, tests 4%, worker 1%)

