
 RUN  v5.0.0 D:/RobloxProjects/Roblox Gen

 ❯ tests/asset-choices.test.ts (35 tests | 2 failed | 33 skipped) 1899ms
   × leaves an unresolved real multi-clip pack unselected: docs/results/asset-evidence-selection-20260926/captured-pack-12061946559.json 537ms
   × leaves an unresolved real multi-clip pack unselected: docs/results/asset-evidence-selection-20260926/captured-pack-77935648543779.json 1360ms

⎯⎯⎯⎯⎯⎯⎯ Failed Tests 2 ⎯⎯⎯⎯⎯⎯⎯

 FAIL  tests/asset-choices.test.ts > leaves an unresolved real multi-clip pack unselected: docs/results/asset-evidence-selection-20260926/captured-pack-12061946559.json
 FAIL  tests/asset-choices.test.ts > leaves an unresolved real multi-clip pack unselected: docs/results/asset-evidence-selection-20260926/captured-pack-77935648543779.json
AssertionError: expected '1/1/18/1' to be undefined

- Expected:
undefined

+ Received:
"1/1/18/1"

 ❯ tests/asset-choices.test.ts:220:55
    218|   expect(groups.length).toBeGreaterThan(0);
    219|   for(const g of groups) {
    220|     expect(p.assetDiscovery.choices?.[g.id]?.clipKey).toBeUndefined();
       |                                                       ^
    221|     expect(p.assetDiscovery.choices?.[g.id]?.assetId).toBeUndefined();
    222|     expect(g.options.some((o:any)=>o.previewData?.pack?.entries.length…

⎯⎯⎯⎯⎯⎯⎯⎯⎯⎯⎯⎯⎯⎯⎯⎯⎯⎯⎯⎯⎯⎯⎯⎯[1/2]⎯


 Test Files  1 failed (1)
      Tests  2 failed | 33 skipped (35)
   Start at  00:42:08
   Duration  4.56s (tests 44%, transform 34%, import 21%)

