
 RUN  v5.0.0 D:/RobloxProjects/Roblox Gen

 ❯ tests/retained-animation.test.ts (5 tests | 1 failed) 5307ms
   × resume exposes the producer context and rejects the real bad patch before replacing any saved work 785ms
 ❯ tests/asset-choices.test.ts (35 tests | 1 failed) 5563ms
   × replaces one approved recommendation, preserving other choices and pinning the override 159ms
 ❯ tests/concept.test.ts (15 tests | 1 failed) 1680ms
   × retains a five-step live response without a paid format correction and still bounds oversized guides 73ms

⎯⎯⎯⎯⎯⎯⎯ Failed Tests 3 ⎯⎯⎯⎯⎯⎯⎯

 FAIL  tests/asset-choices.test.ts > replaces one approved recommendation, preserving other choices and pinning the override
AssertionError: expected 409 to be 200 // Object.is equality

- Expected
+ Received

- 200
+ 409

 ❯ tests/asset-choices.test.ts:339:20
    337|     choices,
    338|   });
    339|   expect(r.status).toBe(200);
       |                    ^
    340|   expect(r.data.assetDiscovery.choices).toEqual(choices);
    341|   expect(r.data.assetDiscovery.pinned).toEqual(expect.arrayContaining(…

⎯⎯⎯⎯⎯⎯⎯⎯⎯⎯⎯⎯⎯⎯⎯⎯⎯⎯⎯⎯⎯⎯⎯⎯[1/3]⎯

 FAIL  tests/concept.test.ts > retains a five-step live response without a paid format correction and still bounds oversized guides
AssertionError: expected 'clarification' to be 'draft' // Object.is equality

Expected: "draft"
Received: "clarification"

 ❯ tests/concept.test.ts:364:23
    362|   engine.start(p.id, p.revision, "concept");
    363|   const saved = await engine.wait(p.id);
    364|   expect(saved.stage).toBe("draft");
       |                       ^
    365|   expect(saved.concept?.firstPlaytest.steps).toEqual(
    366|     fiveStepConcept.firstPlaytest.steps,

⎯⎯⎯⎯⎯⎯⎯⎯⎯⎯⎯⎯⎯⎯⎯⎯⎯⎯⎯⎯⎯⎯⎯⎯[2/3]⎯

 FAIL  tests/retained-animation.test.ts > resume exposes the producer context and rejects the real bad patch before replacing any saved work
AssertionError: Asset loop unavailable: select a connected Studio in the Assets panel. No asset was silently substituted.: expected false to be true // Object.is equality

- Expected
+ Received

- true
+ false

 ❯ tests/retained-animation.test.ts:136:41
    134|     engine.start(saved.id, saved.revision, "repair");
    135|     const result = await engine.wait(saved.id);
    136|     expect(entered, result.error ?? "").toBe(true);
       |                                         ^
    137|     expect(result.error).toContain("Offline reproduction complete");
    138|     expect(result.artifact!.files.filter((f) => f.path !== file.path))…

⎯⎯⎯⎯⎯⎯⎯⎯⎯⎯⎯⎯⎯⎯⎯⎯⎯⎯⎯⎯⎯⎯⎯⎯[3/3]⎯


 Test Files  3 failed | 1 passed (4)
      Tests  3 failed | 56 passed (59)
   Start at  00:54:13
   Duration  14.89s (tests 79%, import 11%, transform 10%)

