
 RUN  v5.0.0 D:/RobloxProjects/Roblox Gen

 ❯ tests/retained-animation.test.ts (5 tests | 1 failed) 3884ms
   × resume exposes the producer context and rejects the real bad patch before replacing any saved work 626ms
 ❯ tests/concept.test.ts (15 tests | 1 failed) 1311ms
   × accepts the saved live clarification without spending a correction attempt on its display length 58ms
 ❯ tests/asset-choices.test.ts (35 tests | 3 failed) 3917ms
   × selects inspected real recommendations and an embedded clip by default without brief approval 70ms
   × replaces one approved recommendation, preserving other choices and pinning the override 90ms
   × finishes recommendations when discovery preceded the proposal without discarding captured options 96ms

⎯⎯⎯⎯⎯⎯⎯ Failed Tests 5 ⎯⎯⎯⎯⎯⎯⎯

 FAIL  tests/asset-choices.test.ts > selects inspected real recommendations and an embedded clip by default without brief approval
AssertionError: expected undefined to be true // Object.is equality

- Expected:
true

+ Received:
undefined

 ❯ tests/asset-choices.test.ts:296:37
    294|   f.app.locals.engine.store.save(proposalProject(f.project()));
    295|   const p = await f.search();
    296|   expect(p.assetDiscovery.approved).toBe(true);
       |                                     ^
    297|   expect(p.assetDiscovery.choices.combat).toEqual({
    298|     assetId: "101",

⎯⎯⎯⎯⎯⎯⎯⎯⎯⎯⎯⎯⎯⎯⎯⎯⎯⎯⎯⎯⎯⎯⎯⎯[1/5]⎯

 FAIL  tests/asset-choices.test.ts > replaces one approved recommendation, preserving other choices and pinning the override
AssertionError: expected 400 to be 200 // Object.is equality

- Expected
+ Received

- 200
+ 400

 ❯ tests/asset-choices.test.ts:334:20
    332|     choices,
    333|   });
    334|   expect(r.status).toBe(200);
       |                    ^
    335|   expect(r.data.assetDiscovery.choices).toEqual(choices);
    336|   expect(r.data.assetDiscovery.pinned).toEqual(["dummy"]);

⎯⎯⎯⎯⎯⎯⎯⎯⎯⎯⎯⎯⎯⎯⎯⎯⎯⎯⎯⎯⎯⎯⎯⎯[2/5]⎯

 FAIL  tests/asset-choices.test.ts > finishes recommendations when discovery preceded the proposal without discarding captured options
AssertionError: expected undefined to be true // Object.is equality

- Expected:
true

+ Received:
undefined

 ❯ tests/asset-choices.test.ts:983:37
    981|   f.app.locals.engine.store.save(proposalProject(searched));
    982|   const p = await f.search();
    983|   expect(p.assetDiscovery.approved).toBe(true);
       |                                     ^
    984|   expect(p.assetAttachments.length).toBeGreaterThan(0);
    985|   expect(p.assetDiscovery.groups[0].options).toEqual(

⎯⎯⎯⎯⎯⎯⎯⎯⎯⎯⎯⎯⎯⎯⎯⎯⎯⎯⎯⎯⎯⎯⎯⎯[3/5]⎯

 FAIL  tests/concept.test.ts > accepts the saved live clarification without spending a correction attempt on its display length
AssertionError: expected { …(9) } to match object { …(8) }
(1 matching property omitted from actual)

- Expected
+ Received

@@ -14,11 +14,22 @@
        "Player enters the shelter and sees the pet in a recovery pen with clear healing UI (health bar or visual recovery state).",
        "Player waits or interacts to complete healing, then reunites the pet to receive coins and see the next forest path unlock.",
      ],
    },
    "playerExperience": "You walk through forest areas finding injured or lost pets. When you find one, you carry it back to your shelter, where you tend to its wounds and help it recover. As pets heal, you see their condition improve visually. Once recovered, you can reunite them with their owners (earning coins) or keep them at your sanctuary. Coins unlock access to new forest paths with different pets to rescue. The loop repeats: explore, find, rescue, heal, earn, unlock. Pets stay safe at your shelter and never decline while you're away.",
-   "questions": [],
-   "readiness": "needs_revision",
+   "questions": [
+     {
+       "id": "scope_551831e324bb",
+       "optional": false,
+       "options": [
+         "Keep these limits",
+         "Change the mechanic",
+       ],
+       "prompt": "Should this limit apply, or should the mechanic support more? Healing happens passively over real time or through a simple interaction (petting, feeding); no active mini-game required.",
+       "selection": "single",
+     },
+   ],
+   "readiness": "needs_choices",
    "revision": 1,
    "title": "Forest Shelter: A Pet Rescue Game",
    "visualDirection": "Top-down or side-scrolling view of interconnected forest paths. Each area has visual markers showing where distressed pets are (limping, sitting still, or calling out). Your character is small and carries one pet at a time back to a visible shelter building. Inside the shelter, rescued pets appear in pens or care areas where you can see their healing progress—wounds bandaging, movement becoming more active, fur becoming cleaner. Coins appear when reuniting pets. Unlocked paths glow or open on the map as you earn enough coins.",
  }

 ❯ tests/concept.test.ts:338:21
    336|   p = await engine.wait(p.id);
    337|   expect(p.stage).toBe("draft");
    338|   expect(p.concept).toMatchObject({
       |                     ^
    339|     ...liveConcept,
    340|     revision: p.revision,

⎯⎯⎯⎯⎯⎯⎯⎯⎯⎯⎯⎯⎯⎯⎯⎯⎯⎯⎯⎯⎯⎯⎯⎯[4/5]⎯

 FAIL  tests/retained-animation.test.ts > resume exposes the producer context and rejects the real bad patch before replacing any saved work
AssertionError: Previously accepted asset need punchAnim changed or was removed. Start a new revision before replacing its imported content.: expected false to be true // Object.is equality

- Expected
+ Received

- true
+ false

 ❯ tests/retained-animation.test.ts:136:41
    134|     engine.start(saved.id, saved.revision, "repair");
    135|     const result = await engine.wait(saved.id);
    136|     expect(entered, result.error ?? "").toBe(true);
       |                                         ^
    137|     expect(result.error).toContain("Offline reproduction complete");
    138|     expect(result.artifact!.files.filter((f) => f.path !== file.path))…

⎯⎯⎯⎯⎯⎯⎯⎯⎯⎯⎯⎯⎯⎯⎯⎯⎯⎯⎯⎯⎯⎯⎯⎯[5/5]⎯


 Test Files  3 failed | 4 passed (7)
      Tests  5 failed | 161 passed (166)
   Start at  00:52:17
   Duration  26.89s (tests 86%, import 9%, transform 5%)

