[
  {
    run: 'opencode-fighting-live-20260924',
    request: 'want a fighting game with punching animation, vfx, sfx, target dummy, hit counter for everytime you hit the dummy',
    questions: [
      'Should this limit apply, or should the mechanic support more? Single-player prototype focused on one core loop: approach, punch, hit-register, counter increments — no win/lose condition or opponent AI beyond the passive dummy.',
      'Should this limit apply, or should the mechanic support more? Only one punch attack type is required initially (a basic straight punch); additional attacks (kicks, combos, blocks) are out of scope unless requested.',
      'Should this limit apply, or should the mechanic support more? Hit Counter persists only for the current play session and resets to 0 via a manual reset action (button/key), not automatically over time.',
      'Should this limit apply, or should the mechanic support more? One VFX type (impact burst) and one SFX cue (punch impact) are sufficient for this first pass; no separate whiff/miss VFX or SFX unless requested later.',
      'Should this limit apply, or should the mechanic support more? No multiplayer, scoring leaderboard, or save/persistence of the hit counter across sessions is included in this scope.'
    ],
    baseplateContext: true,
    lightingGuidance: true,
    approvalBlockedUntilAnswered: true,
    actualCost: 0
  },
  {
    run: 'opencode-minimal-fighting-20260925',
    request: 'A fighting game where the player punches a stationary target dummy. Include a punching animation on the player, a punch/hit sound only on a successful hit against the dummy, and an on-screen counter that increments on each successful hit. These are exactly the four requested elements. Do not add VFX, combos, health, enemies, rounds, menus, multiplayer features, damage numbers or other scoring systems.',
    questions: [
      'Should this limit apply, or should the mechanic support more? Single player character controllable via standard movement (walk/run) plus one dedicated punch input; no additional attack types are added.',
      "Should this limit apply, or should the mechanic support more? Hit detection uses a simple forward hitbox or short raycast from the player's fist/hand bone active only during the punch animation's strike frames.",
      'Should this limit apply, or should the mechanic support more? Exactly one hit-and-counter increment can occur per completed punch animation cycle, even if the hitbox theoretically overlaps the dummy for multiple frames.',
      'Should this limit apply, or should the mechanic support more? The punch/hit sound is a single audio clip with no variation, layering, or randomization requested.',
      'Should this limit apply, or should the mechanic support more? The on-screen counter is a plain numeric text UI element with no styling, animation, or visual feedback beyond updating the number.',
      "Should this limit apply, or should the mechanic support more? No cooldown, stamina, or resource system limits punching beyond the animation's own playback duration."
    ],
    baseplateContext: true,
    lightingGuidance: true,
    approvalBlockedUntilAnswered: true,
    actualCost: 0
  }
]
