
 RUN  v5.0.0 D:/RobloxProjects/Roblox Gen

 ❯ tests/retained-delivery.test.ts (4 tests | 2 failed) 3252ms
   × preserves the actual animation role through Model acquisition: opencode-step3-live-20260925 10ms
   × fresh source-data integration preserves old records and exports the exact new builder path 655ms

⎯⎯⎯⎯⎯⎯⎯ Failed Tests 2 ⎯⎯⎯⎯⎯⎯⎯

 FAIL  tests/retained-delivery.test.ts > preserves the actual animation role through Model acquisition: opencode-step3-live-20260925
AssertionError: expected 0 to be greater than 0
 ❯ tests/retained-delivery.test.ts:16:29
     14|   const needs=buildAssetNeeds(p);
     15|   const animations=p.spec!.assetNeeds!.filter(n=>n.kind==="Animation");
     16|   expect(animations.length).toBeGreaterThan(0);
       |                             ^
     17|   for(const n of animations) expect(needs.find(x=>x.id===n.id)).toMatc…
     18|  });

⎯⎯⎯⎯⎯⎯⎯⎯⎯⎯⎯⎯⎯⎯⎯⎯⎯⎯⎯⎯⎯⎯⎯⎯[1/2]⎯

 FAIL  tests/retained-delivery.test.ts > fresh source-data integration preserves old records and exports the exact new builder path
Error: Invalid component conversion identity
 ❯ loadComponentXml src/generation/component-xml-conversion.ts:94:11
     92| ): NativeComponentXml {
     93|   if (!digest.test(recordHash))
     94|     throw Error("Invalid component conversion identity");
       |           ^
     95|   const file = path.join(directory, recordHash + ".conversion.json");
     96|   if (fs.statSync(file).size > 16384)
 ❯ persistComponentIntegration src/generation/component-integration.ts:94:23
 ❯ tests/retained-delivery.test.ts:30:13

⎯⎯⎯⎯⎯⎯⎯⎯⎯⎯⎯⎯⎯⎯⎯⎯⎯⎯⎯⎯⎯⎯⎯⎯[2/2]⎯


 Test Files  1 failed (1)
      Tests  2 failed | 2 passed (4)
   Start at  00:48:26
   Duration  4.30s (tests 79%, transform 13%, import 8%)

