
 RUN  v5.0.0 D:/RobloxProjects/Roblox Gen

 ❯ tests/conversation-planning.test.ts (21 tests | 1 failed | 20 skipped) 203ms
   × cannot approve the preserved unanswered gameplay exclusions as incidental defaults 201ms

⎯⎯⎯⎯⎯⎯⎯ Failed Tests 1 ⎯⎯⎯⎯⎯⎯⎯

 FAIL  tests/conversation-planning.test.ts > cannot approve the preserved unanswered gameplay exclusions as incidental defaults
AssertionError: expected [Function] to throw error matching /gameplay|mechanic/i but got 'This project requires the configured …'

- Expected:
/gameplay|mechanic/i

+ Received:
"This project requires the configured OpenCode runtime. Its saved work has been retained."

 ❯ tests/conversation-planning.test.ts:92:81
     90|   real.jobId=null;
     91|   store.save(real);
     92|   expect(()=>engine.approveProposal(real.id,real.revision,real.proposa…
       |                                                                                 ^
     93| });
     94| const servers: Server[] = [];

⎯⎯⎯⎯⎯⎯⎯⎯⎯⎯⎯⎯⎯⎯⎯⎯⎯⎯⎯⎯⎯⎯⎯⎯[1/1]⎯


 Test Files  1 failed (1)
      Tests  1 failed | 20 skipped (21)
   Start at  00:45:11
   Duration  2.67s (transform 58%, import 33%, tests 8%)

