
 RUN  v5.0.0 D:/RobloxProjects/Roblox Gen

 ❯ tests/world-scene-check.test.ts (2 tests | 2 failed) 17ms
   × rejects the real invented slab and enclosure and reports overlapping lighting evidence 12ms
   × checks the other real request's geometry and permits its explicitly requested stage 2ms

⎯⎯⎯⎯⎯⎯⎯ Failed Tests 2 ⎯⎯⎯⎯⎯⎯⎯

 FAIL  tests/world-scene-check.test.ts > rejects the real invented slab and enclosure and reports overlapping lighting evidence
AssertionError: expected false to be true // Object.is equality

- Expected
+ Received

- true
+ false

 ❯ tests/world-scene-check.test.ts:10:78
      8| it("rejects the real invented slab and enclosure and reports overlappi…
      9|   const checks = checkWorldScene(combat.artifact!, combat);
     10|   expect(checks.some(c => c.id.includes("ground") && c.status === "fai…
       |                                                                              ^
     11|   expect(checks.some(c => c.id.includes("enclosure") && c.status === "…
     12|   expect(checks.some(c => c.id.includes("lights") && c.status === "fai…

⎯⎯⎯⎯⎯⎯⎯⎯⎯⎯⎯⎯⎯⎯⎯⎯⎯⎯⎯⎯⎯⎯⎯⎯[1/2]⎯

 FAIL  tests/world-scene-check.test.ts > checks the other real request's geometry and permits its explicitly requested stage
AssertionError: expected false to be true // Object.is equality

- Expected
+ Received

- true
+ false

 ❯ tests/world-scene-check.test.ts:18:125
     16|   expect(checks.some(c => c.id.includes("lights") && c.status === "fai…
     17|   const withoutStageRequest = {...other, request: "Click an object and…
     18|   expect(checkWorldScene(other.artifact!, withoutStageRequest).some(c …
       |                                                                                                                             ^
     19| });
     20|

⎯⎯⎯⎯⎯⎯⎯⎯⎯⎯⎯⎯⎯⎯⎯⎯⎯⎯⎯⎯⎯⎯⎯⎯[2/2]⎯


 Test Files  1 failed (1)
      Tests  2 failed (2)
   Start at  00:39:17
   Duration  582ms (import 42%, transform 41%, tests 10%, worker 6%)

