[WebServer] (node:24752) Warning: The 'NO_COLOR' env is ignored due to the 'FORCE_COLOR' env being set.
[WebServer] (Use `node --trace-warnings ...` to show where the warning was created)
[WebServer] [plugin builtin:vite-reporter] 
[WebServer] (!) Some chunks are larger than 500 kB after minification. Consider:
[WebServer] - Using dynamic import() to code-split the application
[WebServer] - Use build.rolldownOptions.output.codeSplitting to improve chunking: https://rolldown.rs/reference/OutputOptions.codeSplitting
[WebServer] - Adjust chunk size limit for this warning via build.chunkSizeWarningLimit.
[WebServer] (node:15492) Warning: The 'NO_COLOR' env is ignored due to the 'FORCE_COLOR' env being set.
[WebServer] (Use `node --trace-warnings ...` to show where the warning was created)
[WebServer] (node:41660) Warning: The 'NO_COLOR' env is ignored due to the 'FORCE_COLOR' env being set.
[WebServer] (Use `node --trace-warnings ...` to show where the warning was created)
[WebServer] (node:44724) Warning: The 'NO_COLOR' env is ignored due to the 'FORCE_COLOR' env being set.
[WebServer] (Use `node --trace-warnings ...` to show where the warning was created)

Running 4 tests using 1 worker

(node:43740) Warning: The 'NO_COLOR' env is ignored due to the 'FORCE_COLOR' env being set.
(Use `node --trace-warnings ...` to show where the warning was created)
  ok 1 [desktop] › tests\browser\asset-evidence.spec.ts:6:1 › raw animation publishing limitation is visible in the picker and persisted build coverage (5.0s)
  ok 2 [desktop] › tests\browser\asset-evidence.spec.ts:34:1 › captured mesh bounds are visibly labelled and render beyond 80 parts (5.1s)
(node:43268) Warning: The 'NO_COLOR' env is ignored due to the 'FORCE_COLOR' env being set.
(Use `node --trace-warnings ...` to show where the warning was created)
  ok 3 [mobile] › tests\browser\asset-evidence.spec.ts:6:1 › raw animation publishing limitation is visible in the picker and persisted build coverage (5.1s)
  ok 4 [mobile] › tests\browser\asset-evidence.spec.ts:34:1 › captured mesh bounds are visibly labelled and render beyond 80 parts (5.2s)

  4 passed (28.1s)
