
 RUN  v5.0.0 D:/RobloxProjects/Roblox Gen

 ❯ tests/noncoding-decisions.test.ts (40 tests | 1 failed) 827ms
   ❯ non-coding route through the real Engine (21)
     × gates all 30 Creator Store candidates in bounded batches before rating 87ms
 ❯ tests/asset-choices.test.ts (30 tests | 1 failed) 1995ms
   × saves an unpreviewed selection when inspection adds a version without changing its listed timestamp 45ms

⎯⎯⎯⎯⎯⎯⎯ Failed Tests 2 ⎯⎯⎯⎯⎯⎯⎯

 FAIL  tests/asset-choices.test.ts > saves an unpreviewed selection when inspection adds a version without changing its listed timestamp
AssertionError: expected 409 to be 200 // Object.is equality

- Expected
+ Received

- 200
+ 409

 ❯ tests/asset-choices.test.ts:359:20
    357|     choices: { ...f.choices(), [groupId]: { assetId: "101" } },
    358|   });
    359|   expect(r.status).toBe(200);
       |                    ^
    360|   expect(r.data.assetDiscovery.groups[0].options[0].versionId).toBe("9…
    361|   expect(r.data.assetAttachments[0].revisionKey).toBe("version:9001");

⎯⎯⎯⎯⎯⎯⎯⎯⎯⎯⎯⎯⎯⎯⎯⎯⎯⎯⎯⎯⎯⎯⎯⎯[1/2]⎯

 FAIL  tests/noncoding-decisions.test.ts > non-coding route through the real Engine > gates all 30 Creator Store candidates in bounded batches before rating
AssertionError: expected [ { phase: 'planner', …(10) }, …(2) ] to have a length of 2 but got 3

- Expected
+ Received

- 2
+ 3

 ❯ tests/noncoding-decisions.test.ts:402:23
    400|     f.store.save(f.p);
    401|     const p = await f.engine.assessAssetChoices(f.p.id, 1);
    402|     expect(p.charges).toHaveLength(2);
       |                       ^
    403|     const requests = (f.transport as any).mock.calls.map((call: any[])…
    404|       JSON.parse(call[1].body),

⎯⎯⎯⎯⎯⎯⎯⎯⎯⎯⎯⎯⎯⎯⎯⎯⎯⎯⎯⎯⎯⎯⎯⎯[2/2]⎯


 Test Files  2 failed | 5 passed (7)
      Tests  2 failed | 91 passed (93)
   Start at  14:27:54
   Duration  5.04s (tests 56%, import 27%, transform 16%)

     Import  93 modules were evaluated 192 times · 2.38s total, 27% of tracked time
             ~260ms faster with isolate: false — shared modules are evaluated once per worker instead of once per file
             learn more: https://vitest.dev/guide/improving-performance#test-isolation

