
 RUN  v5.0.0 D:/RobloxProjects/Roblox Gen

 ❯ tests/asset-failure-continuation.test.ts (4 tests | 2 failed) 197ms
   × still halts before coding when native import effects are unknown 92ms
   × the preserved rejected approved asset completes coding with blocked coverage and retains other assets 65ms
 ❯ tests/asset-choices.test.ts (30 tests | 2 failed) 2173ms
   × filters the preserved raw-only pack before offering game asset choices 467ms
   × appends real provider pages, retains candidates and rejects stale or mismatched cursors 46ms
 ❯ tests/noncoding-decisions.test.ts (40 tests | 2 failed) 1458ms
   ❯ non-coding route through the real Engine (21)
     × assesses all 30 Creator Store candidates before comparing nominees 549ms
     × assesses actual offered metadata, saves advice and charges, but never approves/imports 56ms
 ❯ tests/selected-clip-context.test.ts (4 tests | 1 failed) 16ms
   × discovery excludes raw Studio-only clips from game approval, without mutating saved choices 7ms

⎯⎯⎯⎯⎯⎯⎯ Failed Tests 7 ⎯⎯⎯⎯⎯⎯⎯

 FAIL  tests/asset-choices.test.ts > filters the preserved raw-only pack before offering game asset choices
AssertionError: expected false to be true // Object.is equality

- Expected
+ Received

- true
+ false

 ❯ tests/asset-choices.test.ts:187:69
    185|   );
    186|   expect(animationGroups.length).toBeGreaterThan(0);
    187|   expect(animationGroups.every((g: any) => g.options.length === 0)).to…
       |                                                                     ^
    188|   expect(
    189|     animationGroups.every((g: any) => /published animation IDs/.test(g…

⎯⎯⎯⎯⎯⎯⎯⎯⎯⎯⎯⎯⎯⎯⎯⎯⎯⎯⎯⎯⎯⎯⎯⎯[1/7]⎯

 FAIL  tests/asset-choices.test.ts > appends real provider pages, retains candidates and rejects stale or mismatched cursors
AssertionError: expected [ { assetId: '100', …(4) }, …(9) ] to have a length of 30 but got 10

- Expected
+ Received

- 30
+ 10

 ❯ tests/asset-choices.test.ts:408:50
    406|   (f.provider as any).searchPage = page;
    407|   const first = await f.search();
    408|   expect(first.assetDiscovery.groups[0].options).toHaveLength(30);
       |                                                  ^
    409|   const groupId = first.assetDiscovery.groups[0].id;
    410|   const body = {

⎯⎯⎯⎯⎯⎯⎯⎯⎯⎯⎯⎯⎯⎯⎯⎯⎯⎯⎯⎯⎯⎯⎯⎯[2/7]⎯

 FAIL  tests/asset-failure-continuation.test.ts > still halts before coding when native import effects are unknown
AssertionError: expected undefined to be true // Object.is equality

- Expected:
true

+ Received:
undefined

 ❯ tests/asset-failure-continuation.test.ts:39:61
     37|   try {
     38|     expect(r.dispatched).toBe(false);
     39|     expect(r.project.assetPipeline?.requiresReconciliation).toBe(true);
       |                                                             ^
     40|     expect(r.project.stage).toBe("failed");
     41|   } finally {

⎯⎯⎯⎯⎯⎯⎯⎯⎯⎯⎯⎯⎯⎯⎯⎯⎯⎯⎯⎯⎯⎯⎯⎯[3/7]⎯

 FAIL  tests/asset-failure-continuation.test.ts > the preserved rejected approved asset completes coding with blocked coverage and retains other assets
AssertionError: Approved asset needs a linked requirement before building: Practice dummy #1245720733: expected false to be true // Object.is equality

- Expected
+ Received

- true
+ false

 ❯ tests/asset-failure-continuation.test.ts:108:70
    106|   });
    107|   try {
    108|     expect(dispatched, r.project.error ?? JSON.stringify(r.effects)).t…
       |                                                                      ^
    109|     expect(r.project.stage, r.project.error ?? "").toBe("ready_to_test…
    110|     expect(r.project.artifact!.files).toHaveLength(5);

⎯⎯⎯⎯⎯⎯⎯⎯⎯⎯⎯⎯⎯⎯⎯⎯⎯⎯⎯⎯⎯⎯⎯⎯[4/7]⎯

 FAIL  tests/noncoding-decisions.test.ts > non-coding route through the real Engine > assesses all 30 Creator Store candidates before comparing nominees
AssertionError: expected [ { phase: 'planner', …(10) }, …(29) ] to have a length of 3 but got 30

- Expected
+ Received

- 3
+ 30

 ❯ tests/noncoding-decisions.test.ts:402:23
    400|     f.store.save(f.p);
    401|     const p = await f.engine.assessAssetChoices(f.p.id, 1);
    402|     expect(p.charges).toHaveLength(3);
       |                       ^
    403|     const requests = (f.transport as any).mock.calls.map((call: any[])…
    404|       JSON.parse(call[1].body),

⎯⎯⎯⎯⎯⎯⎯⎯⎯⎯⎯⎯⎯⎯⎯⎯⎯⎯⎯⎯⎯⎯⎯⎯[5/7]⎯

 FAIL  tests/noncoding-decisions.test.ts > non-coding route through the real Engine > assesses actual offered metadata, saves advice and charges, but never approves/imports
AssertionError: expected [ { phase: 'planner', …(10) }, …(1) ] to have a length of 1 but got 2

- Expected
+ Received

- 1
+ 2

 ❯ tests/noncoding-decisions.test.ts:532:23
    530|     expect(p.assetDiscovery?.approved).toBeUndefined();
    531|     expect(p.artifact).toBeNull();
    532|     expect(p.charges).toHaveLength(1);
       |                       ^
    533|     expect(p.charges[0]).toMatchObject({
    534|       chargedMicros: 42,

⎯⎯⎯⎯⎯⎯⎯⎯⎯⎯⎯⎯⎯⎯⎯⎯⎯⎯⎯⎯⎯⎯⎯⎯[6/7]⎯

 FAIL  tests/selected-clip-context.test.ts > discovery excludes raw Studio-only clips from game approval, without mutating saved choices
AssertionError: expected [ { key: '1/1/18/1', …(2) }, …(2) ] to have a length of +0 but got 3

- Expected
+ Received

- 0
+ 3

 ❯ tests/selected-clip-context.test.ts:87:50
     85|     .pack!;
     86|   const before = structuredClone(pack);
     87|   expect(publishableAnimationPack(pack).entries).toHaveLength(0);
       |                                                  ^
     88|   expect(pack).toEqual(before);
     89|   const withId = structuredClone(pack);

⎯⎯⎯⎯⎯⎯⎯⎯⎯⎯⎯⎯⎯⎯⎯⎯⎯⎯⎯⎯⎯⎯⎯⎯[7/7]⎯


 Test Files  4 failed | 1 passed (5)
      Tests  7 failed | 74 passed (81)
   Start at  14:23:46
   Duration  5.97s (import 55%, tests 35%, transform 10%)

