
 RUN  v5.0.0 D:/RobloxProjects/Roblox Gen

 ❯ tests/animation-capture-isolation.test.ts (1 test | 1 failed) 20ms
   × retains real raw sibling clips when one embedded Animation has an invalid published identity 18ms

⎯⎯⎯⎯⎯⎯⎯ Failed Tests 1 ⎯⎯⎯⎯⎯⎯⎯

 FAIL  tests/animation-capture-isolation.test.ts > retains real raw sibling clips when one embedded Animation has an invalid published identity
Error: Studio returned invalid animation manifest data (entries.0.animationId). Retry the asset inspection.
 ❯ studioData src/marketplace/studio.ts:91:11
     89|       .map((i) => i.path.join(".") || "response")
     90|       .join(", ");
     91|     throw new UpstreamError(
       |           ^
     92|       `Studio returned invalid ${label} data (${fields}). Retry the as…
     93|     );
 ❯ StudioMarketplace.animations src/marketplace/studio.ts:307:22
 ❯ tests/animation-capture-isolation.test.ts:17:16

⎯⎯⎯⎯⎯⎯⎯⎯⎯⎯⎯⎯⎯⎯⎯⎯⎯⎯⎯⎯⎯⎯⎯⎯[1/1]⎯


 Test Files  1 failed (1)
      Tests  1 failed (1)
   Start at  14:41:30
   Duration  480ms (transform 47%, import 45%, tests 6%, worker 2%)

