X [ERROR] Expected "}" but found ")"

    .forge/single-punch-recovery-host.ts:21:2:
      21 │ }});
         │   ^
         ╵   }

1 error
node:child_process:964
    throw err;
    ^

Error: Command failed: D:\RobloxProjects\Roblox Gen\node_modules\@esbuild\win32-x64\esbuild.exe .forge/single-punch-recovery-host.ts --bundle --platform=node --format=esm --packages=external --outfile=.forge/single-punch-recovery-host.mjs
    at genericNodeError (node:internal/errors:985:15)
    at wrappedFn (node:internal/errors:539:14)
    at checkExecSyncError (node:child_process:925:11)
    at Object.execFileSync (node:child_process:961:15)
    at Object.<anonymous> (D:\RobloxProjects\Roblox Gen\node_modules\esbuild\bin\esbuild:222:28)
    at Module._compile (node:internal/modules/cjs/loader:1830:14)
    at Object..js (node:internal/modules/cjs/loader:1961:10)
    at Module.load (node:internal/modules/cjs/loader:1553:32)
    at Module._load (node:internal/modules/cjs/loader:1355:12)
    at wrapModuleLoad (node:internal/modules/cjs/loader:255:19) {
  status: 1,
  signal: null,
  output: [ null, null, null ],
  pid: 16280,
  stdout: null,
  stderr: null
}

Node.js v24.15.0
