
> takko-studio@0.2.0 check
> npm run build && npm test && npm run test:luau && npm run test:plugin && npm run test:guards && npm run lint:css && npm run test:desktop && npm run test:production && npm run test:e2e


> takko-studio@0.2.0 build
> tsc --noEmit && vite build

vite v8.3.0 building client environment for production...
transforming...
✓ 175 modules transformed.
rendering chunks...
computing gzip size...
dist/index.html                              0.52 kB │ gzip:   0.32 kB
dist/assets/DesignLab-Gs8meDSA.css          33.24 kB │ gzip:   6.60 kB
dist/assets/index-DTbUv3UD.css             125.70 kB │ gzip:  24.00 kB
dist/assets/AnimationPlayer-BE_hjguI.js      1.11 kB │ gzip:   0.62 kB
dist/assets/AnimationGallery-9sqrEoIH.js     1.30 kB │ gzip:   0.72 kB
dist/assets/AssetModelPreview-BiBC6PyO.js    9.89 kB │ gzip:   3.60 kB
dist/assets/DesignLab-DMvvdvfw.js           45.46 kB │ gzip:  11.46 kB
dist/assets/TakkoViewport-BUyLcwc8.js      569.36 kB │ gzip: 142.47 kB
dist/assets/index-DIssB01y.js              724.78 kB │ gzip: 168.19 kB

✓ built in 361ms
[plugin builtin:vite-reporter] 
(!) Some chunks are larger than 500 kB after minification. Consider:
- Using dynamic import() to code-split the application
- Use build.rolldownOptions.output.codeSplitting to improve chunking: https://rolldown.rs/reference/OutputOptions.codeSplitting
- Adjust chunk size limit for this warning via build.chunkSizeWarningLimit.

> takko-studio@0.2.0 test
> vitest run


 RUN  v5.0.0 D:/RobloxProjects/Roblox Gen

 ❯ tests/asset-failure-continuation.test.ts (4 tests | 1 failed) 1693ms
   × the preserved rejected approved asset completes coding with blocked coverage and retains other assets 1347ms

⎯⎯⎯⎯⎯⎯⎯ Failed Tests 1 ⎯⎯⎯⎯⎯⎯⎯

 FAIL  tests/asset-failure-continuation.test.ts > the preserved rejected approved asset completes coding with blocked coverage and retains other assets
AssertionError: expected false to be true // Object.is equality

- Expected
+ Received

- true
+ false

 ❯ tests/asset-failure-continuation.test.ts:139:7
    137|           e.status !== "passed",
    138|       ),
    139|     ).toBe(true);
       |       ^
    140|     expect(
    141|       r.project.assetPipeline!.events.some(

⎯⎯⎯⎯⎯⎯⎯⎯⎯⎯⎯⎯⎯⎯⎯⎯⎯⎯⎯⎯⎯⎯⎯⎯[1/1]⎯

⎯⎯⎯⎯⎯⎯ Unhandled Errors ⎯⎯⎯⎯⎯⎯

Vitest caught 1 unhandled error during the test run.
This might cause false positive tests. Resolve unhandled errors to make sure your tests are not affected.

⎯⎯⎯⎯⎯⎯ Unhandled Error ⎯⎯⎯⎯⎯⎯⎯
Error: [vitest-pool]: Worker forks emitted error.
 ❯ EventEmitter.onTaskError ../Roblox%20Gen/node_modules/vitest/dist/chunks/index.B89dZ0-N.js:11463:21
 ❯ EventEmitter.emit node:events:509:28
 ❯ ChildProcess.emitUnexpectedExit ../Roblox%20Gen/node_modules/vitest/dist/chunks/index.B89dZ0-N.js:10940:22
 ❯ ChildProcess.emit node:events:509:28
 ❯ Process.ChildProcess._handle.onexit node:internal/child_process:295:12

Caused by: Error: Worker exited unexpectedly with exit code 3221226505 during started state while running test file D:/RobloxProjects/Roblox Gen/tests/provider-connections.test.ts
 ❯ ChildProcess.emitUnexpectedExit ../Roblox%20Gen/node_modules/vitest/dist/chunks/index.B89dZ0-N.js:10938:33
 ❯ ChildProcess.emit node:events:509:28
 ❯ Process.ChildProcess._handle.onexit node:internal/child_process:295:12

⎯⎯⎯⎯⎯⎯⎯⎯⎯⎯⎯⎯⎯⎯⎯⎯⎯⎯⎯⎯⎯⎯⎯⎯⎯⎯⎯⎯⎯⎯


 Test Files  1 failed | 109 passed (111)
      Tests  1 failed | 1614 passed (1622)
     Errors  1 error
   Start at  14:33:22
   Duration  56.90s (tests 77%, import 19%, transform 3%)

    Isolate  111 workers spawned · ~116ms startup each (spawn + environment, per file)
             at least ~6.34s faster with isolate: false — reuses workers across files instead of one per file

