
 RUN  v5.0.0 D:/RobloxProjects/Roblox Gen

 ❯ tests/asset-audio-pipeline.test.ts (26 tests | 1 failed) 767ms
   ❯ asset audio evaluation pipeline (offline fixtures) (26)
     × real Engine dispatch preserves evidence, costs and bounded correction: {"rejected":false,"correction":"none","metadataOnly":true} 85ms

⎯⎯⎯⎯⎯⎯⎯ Failed Tests 1 ⎯⎯⎯⎯⎯⎯⎯

 FAIL  tests/asset-audio-pipeline.test.ts > asset audio evaluation pipeline (offline fixtures) > real Engine dispatch preserves evidence, costs and bounded correction: {"rejected":false,"correction":"none","metadataOnly":true}
AssertionError: expected [ { body: { …(4) }, …(1) }, …(2) ] to have a length of 1 but got 3

- Expected
+ Received

- 1
+ 3

 ❯ tests/asset-audio-pipeline.test.ts:529:25
    527|       else await invoke;
    528|       const decisions = calls.filter((c) => c.task === "asset-selectio…
    529|       expect(decisions).toHaveLength(correction === "none" ? 1 : 2);
       |                         ^
    530|       expect(
    531|         project.charges

⎯⎯⎯⎯⎯⎯⎯⎯⎯⎯⎯⎯⎯⎯⎯⎯⎯⎯⎯⎯⎯⎯⎯⎯[1/1]⎯


 Test Files  1 failed | 2 passed (3)
      Tests  1 failed | 51 passed (52)
   Start at  14:28:32
   Duration  2.70s (import 46%, tests 30%, transform 23%)

