
 RUN  v5.0.0 D:/RobloxProjects/Roblox Gen

 ❯ tests/opencode-gateway.test.ts (12 tests | 1 failed) 116ms
   × releases a definite 404 refusal hold while still stopping runtime retries 40ms

⎯⎯⎯⎯⎯⎯⎯ Failed Tests 1 ⎯⎯⎯⎯⎯⎯⎯

 FAIL  tests/opencode-gateway.test.ts > releases a definite 404 refusal hold while still stopping runtime retries
AssertionError: expected { …(13) } to match object { chargedMicros: +0, …(4) }
(8 matching properties omitted from actual)

- Expected
+ Received

  {
-   "chargedMicros": 0,
-   "estimated": false,
-   "inputTokens": 0,
-   "outputTokens": 0,
+   "chargedMicros": 5234,
+   "estimated": true,
+   "inputTokens": null,
+   "outputTokens": null,
    "status": "error",
  }

 ❯ tests/opencode-gateway.test.ts:55:32
     53|   await s.gateway.dispatch(request, async () => {});
     54|   expect(s.project.reservedMicros).toBe(0);
     55|   expect(s.project.charges[0]).toMatchObject({chargedMicros:0,estimate…
       |                                ^
     56|   await expect(s.gateway.dispatch(request, async () => {})).rejects.to…
     57|   expect(s.project.charges).toHaveLength(1);

⎯⎯⎯⎯⎯⎯⎯⎯⎯⎯⎯⎯⎯⎯⎯⎯⎯⎯⎯⎯⎯⎯⎯⎯[1/1]⎯


 Test Files  1 failed (1)
      Tests  1 failed | 11 passed (12)
   Start at  14:29:41
   Duration  562ms (transform 42%, import 30%, tests 26%, worker 1%)

