-filter_complex_script is deprecated, use -/filter_complex video-filter.txt instead
[Parsed_subtitles_9 @ 0000015fb3021e00] libass API version: 0x1704000
[Parsed_subtitles_9 @ 0000015fb3021e00] libass source: meson, commit: fadc390583f24eb5cf98f16925fd3adee50bca88
[Parsed_subtitles_9 @ 0000015fb3021e00] Shaper: FriBidi 1.0.16 (SIMPLE) HarfBuzz-ng 14.1.0 (COMPLEX)
[Parsed_subtitles_9 @ 0000015fb3021e00] Using font provider directwrite (with GDI)
Input #0, matroska,webm, from 'workflow-raw.webm':
  Metadata:
    creation_time   : 2026-09-23T20:55:44.649000Z
    ENCODER         : Lavf61.1.100
  Duration: 00:08:32.80, start: 0.000000, bitrate: 343 kb/s
  Stream #0:0(eng): Video: vp8, yuv420p(progressive), 1440x1000, SAR 1:1 DAR 36:25, 25 fps, 25 tbr, 1k tbn (default)
    Metadata:
      ENCODER         : Lavc61.3.100 libvpx
      DURATION        : 00:08:32.800000000
Stream mapping:
  Stream #0:0 (vp8) -> split:default
  subtitles:default -> Stream #0:0 (libx264)
[Parsed_subtitles_9 @ 0000015fb4f9b4c0] libass API version: 0x1704000
[Parsed_subtitles_9 @ 0000015fb4f9b4c0] libass source: meson, commit: fadc390583f24eb5cf98f16925fd3adee50bca88
[Parsed_subtitles_9 @ 0000015fb4f9b4c0] Shaper: FriBidi 1.0.16 (SIMPLE) HarfBuzz-ng 14.1.0 (COMPLEX)
[Parsed_subtitles_9 @ 0000015fb4f9b4c0] Using font provider directwrite (with GDI)
[Parsed_subtitles_9 @ 0000015fb4f9b4c0] fontselect: (Arial, 400, 0) -> ArialMT, 0, ArialMT
[libx264 @ 0000015fb52a0400] using SAR=1/1
[libx264 @ 0000015fb52a0400] using cpu capabilities: MMX2 SSE2Fast SSSE3 SSE4.2 AVX FMA3 BMI2 AVX2
[libx264 @ 0000015fb52a0400] profile High, level 4.0, 4:2:0, 8-bit
[libx264 @ 0000015fb52a0400] 264 - core 165 - H.264/MPEG-4 AVC codec - Copyleft 2003-2025 - http://www.videolan.org/x264.html - options: cabac=1 ref=2 deblock=1:0:0 analyse=0x3:0x113 me=hex subme=6 psy=1 psy_rd=1.00:0.00 mixed_ref=1 me_range=16 chroma_me=1 trellis=1 8x8dct=1 cqm=0 deadzone=21,11 fast_pskip=1 chroma_qp_offset=-2 threads=24 lookahead_threads=4 sliced_threads=0 nr=0 decimate=1 interlaced=0 bluray_compat=0 constrained_intra=0 bframes=3 b_pyramid=2 b_adapt=1 b_bias=0 direct=1 weightb=1 open_gop=0 weightp=1 keyint=250 keyint_min=25 scenecut=40 intra_refresh=0 rc_lookahead=30 rc=crf mbtree=1 crf=25.0 qcomp=0.60 qpmin=0 qpmax=69 qpstep=4 ip_ratio=1.40 aq=1:1.00
Output #0, mp4, to 'workflow-attempt.mp4':
  Metadata:
    encoder         : Lavf62.13.102
  Stream #0:0: Video: h264 (avc1 / 0x31637661), yuv420p(tv, bt470bg/unknown/unknown, progressive), 1440x1100 [SAR 1:1 DAR 72:55], q=2-31, 25 fps, 12800 tbn
    Metadata:
      encoder         : Lavc62.30.100 libx264
    Side data:
      CPB properties: bitrate max/min/avg: 0/0/0 buffer size: 0 vbv_delay: N/A
frame=   61 fps=0.0 q=30.0 size=       0KiB time=00:00:02.36 bitrate=   0.2kbits/s speed=4.57x elapsed=0:00:00.51    
frame=  188 fps=181 q=30.0 size=       0KiB time=00:00:07.44 bitrate=   0.1kbits/s speed=7.16x elapsed=0:00:01.03    
frame=  312 fps=202 q=30.0 size=       0KiB time=00:00:12.40 bitrate=   0.0kbits/s speed=8.02x elapsed=0:00:01.54    
frame=  445 fps=215 q=30.0 size=       0KiB time=00:00:17.72 bitrate=   0.0kbits/s speed=8.56x elapsed=0:00:02.06    
frame=  592 fps=230 q=30.0 size=     256KiB time=00:00:23.60 bitrate=  88.9kbits/s speed=9.16x elapsed=0:00:02.57    
frame=  742 fps=239 q=30.0 size=     256KiB time=00:00:29.60 bitrate=  70.9kbits/s speed=9.54x elapsed=0:00:03.10    
frame=  878 fps=243 q=30.0 size=     256KiB time=00:00:35.04 bitrate=  59.9kbits/s speed=9.69x elapsed=0:00:03.61    
frame=  997 fps=242 q=30.0 size=     256KiB time=00:00:39.80 bitrate=  52.7kbits/s speed=9.65x elapsed=0:00:04.12    
frame= 1067 fps=230 q=30.0 size=     512KiB time=00:00:42.60 bitrate=  98.5kbits/s speed=9.17x elapsed=0:00:04.64    
frame= 1067 fps=207 q=30.0 size=     512KiB time=00:00:42.60 bitrate=  98.5kbits/s speed=8.27x elapsed=0:00:05.15    
frame= 1067 fps=188 q=30.0 size=     512KiB time=00:00:42.60 bitrate=  98.5kbits/s speed= 7.5x elapsed=0:00:05.68    
frame= 1158 fps=187 q=30.0 size=     512KiB time=00:00:46.24 bitrate=  90.7kbits/s speed=7.47x elapsed=0:00:06.18    
frame= 1292 fps=193 q=30.0 size=     768KiB time=00:00:51.60 bitrate= 121.9kbits/s speed=7.69x elapsed=0:00:06.70    
frame= 1415 fps=196 q=30.0 size=     768KiB time=00:00:56.56 bitrate= 111.2kbits/s speed=7.82x elapsed=0:00:07.23    
frame= 1442 fps=186 q=30.0 size=     768KiB time=00:00:57.60 bitrate= 109.2kbits/s speed=7.43x elapsed=0:00:07.75    
frame= 1442 fps=174 q=30.0 size=     768KiB time=00:00:57.60 bitrate= 109.2kbits/s speed=6.96x elapsed=0:00:08.27    
frame= 1520 fps=173 q=30.0 size=    1024KiB time=00:01:00.72 bitrate= 138.2kbits/s speed=6.91x elapsed=0:00:08.78    
frame= 1646 fps=177 q=30.0 size=    1280KiB time=00:01:05.76 bitrate= 159.5kbits/s speed=7.07x elapsed=0:00:09.30    
frame= 1776 fps=181 q=30.0 size=    1280KiB time=00:01:10.96 bitrate= 147.8kbits/s speed=7.23x elapsed=0:00:09.81    
frame= 1903 fps=184 q=30.0 size=    1280KiB time=00:01:16.04 bitrate= 137.9kbits/s speed=7.36x elapsed=0:00:10.32    
frame= 2020 fps=186 q=30.0 size=    1536KiB time=00:01:20.72 bitrate= 155.9kbits/s speed=7.44x elapsed=0:00:10.85    
frame= 2144 fps=189 q=30.0 size=    1536KiB time=00:01:25.68 bitrate= 146.9kbits/s speed=7.54x elapsed=0:00:11.36    
frame= 2276 fps=191 q=30.0 size=    1792KiB time=00:01:30.96 bitrate= 161.4kbits/s speed=7.65x elapsed=0:00:11.88    
frame= 2394 fps=193 q=30.0 size=    1792KiB time=00:01:35.68 bitrate= 153.4kbits/s speed=7.71x elapsed=0:00:12.41    
[mp4 @ 0000015fb307a5c0] Starting second pass: moving the moov atom to the beginning of the file
[out#0/mp4 @ 0000015fb30228c0] video:1904KiB audio:0KiB subtitle:0KiB other streams:0KiB global headers:0KiB muxing overhead: 1.578048%
frame= 2500 fps=196 q=-1.0 Lsize=    1934KiB time=00:01:39.92 bitrate= 158.6kbits/s speed=7.83x elapsed=0:00:12.76    
[libx264 @ 0000015fb52a0400] frame I:10    Avg QP:16.28  size: 70700
[libx264 @ 0000015fb52a0400] frame P:644   Avg QP:16.01  size:  1441
[libx264 @ 0000015fb52a0400] frame B:1846  Avg QP:16.28  size:   170
[libx264 @ 0000015fb52a0400] consecutive B-frames:  1.3%  0.6%  0.4% 97.8%
[libx264 @ 0000015fb52a0400] mb I  I16..4: 30.5% 53.8% 15.7%
[libx264 @ 0000015fb52a0400] mb P  I16..4:  1.2%  1.6%  0.2%  P16..4:  1.7%  0.1%  0.1%  0.0%  0.0%    skip:95.1%
[libx264 @ 0000015fb52a0400] mb B  I16..4:  0.6%  0.0%  0.0%  B16..8:  0.4%  0.0%  0.0%  direct: 0.3%  skip:98.7%  L0:41.6% L1:57.8% BI: 0.7%
[libx264 @ 0000015fb52a0400] 8x8 transform intra:38.8% inter:35.3%
[libx264 @ 0000015fb52a0400] coded y,uvDC,uvAC intra: 8.5% 4.4% 3.1% inter: 0.1% 0.3% 0.0%
[libx264 @ 0000015fb52a0400] i16 v,h,dc,p: 69% 27%  4%  0%
[libx264 @ 0000015fb52a0400] i8 v,h,dc,ddl,ddr,vr,hd,vl,hu: 57% 12% 29%  0%  0%  0%  0%  0%  1%
[libx264 @ 0000015fb52a0400] i4 v,h,dc,ddl,ddr,vr,hd,vl,hu: 37% 27% 17%  2%  3%  3%  4%  3%  4%
[libx264 @ 0000015fb52a0400] i8c dc,h,v,p: 89%  6%  5%  0%
[libx264 @ 0000015fb52a0400] Weighted P-Frames: Y:0.0% UV:0.0%
[libx264 @ 0000015fb52a0400] ref P L0: 58.9% 41.1%
[libx264 @ 0000015fb52a0400] ref B L0: 78.6% 21.4%
[libx264 @ 0000015fb52a0400] ref B L1: 93.3%  6.7%
[libx264 @ 0000015fb52a0400] kb/s:155.91
