[WebServer] (node:14264) Warning: The 'NO_COLOR' env is ignored due to the 'FORCE_COLOR' env being set.
[WebServer] (Use `node --trace-warnings ...` to show where the warning was created)
[WebServer] [plugin builtin:vite-reporter] 
[WebServer] (!) Some chunks are larger than 500 kB after minification. Consider:
[WebServer] - Using dynamic import() to code-split the application
[WebServer] - Use build.rolldownOptions.output.codeSplitting to improve chunking: https://rolldown.rs/reference/OutputOptions.codeSplitting
[WebServer] - Adjust chunk size limit for this warning via build.chunkSizeWarningLimit.
[WebServer] (node:25808) Warning: The 'NO_COLOR' env is ignored due to the 'FORCE_COLOR' env being set.
[WebServer] (Use `node --trace-warnings ...` to show where the warning was created)
[WebServer] (node:30988) Warning: The 'NO_COLOR' env is ignored due to the 'FORCE_COLOR' env being set.
[WebServer] (Use `node --trace-warnings ...` to show where the warning was created)
[WebServer] (node:4668) Warning: The 'NO_COLOR' env is ignored due to the 'FORCE_COLOR' env being set.
[WebServer] (Use `node --trace-warnings ...` to show where the warning was created)

Running 4 tests using 1 worker

(node:22092) Warning: The 'NO_COLOR' env is ignored due to the 'FORCE_COLOR' env being set.
(Use `node --trace-warnings ...` to show where the warning was created)
  x  1 [desktop] › tests\browser\connection-recovery.spec.ts:5:1 › connection refresh shows progress, retries failed discovery, clears stale Studio and aligns controls (9.5s)
(node:24932) Warning: The 'NO_COLOR' env is ignored due to the 'FORCE_COLOR' env being set.
(Use `node --trace-warnings ...` to show where the warning was created)
  ok 2 [desktop] › tests\browser\connection-recovery.spec.ts:14:1 › truncation recovery opens Models without dispatching another generation (575ms)
(node:31228) Warning: The 'NO_COLOR' env is ignored due to the 'FORCE_COLOR' env being set.
(Use `node --trace-warnings ...` to show where the warning was created)
  x  3 [mobile] › tests\browser\connection-recovery.spec.ts:5:1 › connection refresh shows progress, retries failed discovery, clears stale Studio and aligns controls (9.5s)
(node:30452) Warning: The 'NO_COLOR' env is ignored due to the 'FORCE_COLOR' env being set.
(Use `node --trace-warnings ...` to show where the warning was created)
  ok 4 [mobile] › tests\browser\connection-recovery.spec.ts:14:1 › truncation recovery opens Models without dispatching another generation (524ms)


  1) [desktop] › tests\browser\connection-recovery.spec.ts:5:1 › connection refresh shows progress, retries failed discovery, clears stale Studio and aligns controls 

    Error: expect(locator).toBeDisabled() failed

    Locator: getByRole('dialog', { name: 'Choose assets', exact: true }).getByRole('button', { name: 'Checking…', exact: true })
    Expected: disabled
    Timeout: 5000ms
    Error: element(s) not found

    Call log:
      - Expect "toBeDisabled" getByRole('dialog', { name: 'Choose assets', exact: true }).getByRole('button', { name: 'Checking…', exact: true }) with timeout 5000ms
      - waiting for getByRole('dialog', { name: 'Choose assets', exact: true }).getByRole('button', { name: 'Checking…', exact: true })


       at connection-recovery-flows.ts:75

      73 |   await expect(
      74 |     dialog.getByRole("button", { name: "Checking…", exact: true }),
    > 75 |   ).toBeDisabled();
         |     ^
      76 |   await expect(
      77 |     dialog.locator(".marketplace-connection .spinner"),
      78 |   ).toBeVisible();
        at connectionRecoveryFlow (D:\RobloxProjects\Roblox Gen\tests\browser\connection-recovery-flows.ts:75:5)
        at D:\RobloxProjects\Roblox Gen\tests\browser\connection-recovery.spec.ts:8:3

    Error Context: docs\results\connection-recovery\browser2\connection-recovery-connec-2c3db--Studio-and-aligns-controls-desktop\error-context.md

    attachment #2: trace (application/zip) ─────────────────────────────────────────────────────────
    docs\results\connection-recovery\browser2\connection-recovery-connec-2c3db--Studio-and-aligns-controls-desktop\trace.zip
    Usage:

        npx playwright show-trace docs\results\connection-recovery\browser2\connection-recovery-connec-2c3db--Studio-and-aligns-controls-desktop\trace.zip

    ────────────────────────────────────────────────────────────────────────────────────────────────

  2) [mobile] › tests\browser\connection-recovery.spec.ts:5:1 › connection refresh shows progress, retries failed discovery, clears stale Studio and aligns controls 

    Error: expect(locator).toBeDisabled() failed

    Locator: getByRole('dialog', { name: 'Choose assets', exact: true }).getByRole('button', { name: 'Checking…', exact: true })
    Expected: disabled
    Timeout: 5000ms
    Error: element(s) not found

    Call log:
      - Expect "toBeDisabled" getByRole('dialog', { name: 'Choose assets', exact: true }).getByRole('button', { name: 'Checking…', exact: true }) with timeout 5000ms
      - waiting for getByRole('dialog', { name: 'Choose assets', exact: true }).getByRole('button', { name: 'Checking…', exact: true })


       at connection-recovery-flows.ts:75

      73 |   await expect(
      74 |     dialog.getByRole("button", { name: "Checking…", exact: true }),
    > 75 |   ).toBeDisabled();
         |     ^
      76 |   await expect(
      77 |     dialog.locator(".marketplace-connection .spinner"),
      78 |   ).toBeVisible();
        at connectionRecoveryFlow (D:\RobloxProjects\Roblox Gen\tests\browser\connection-recovery-flows.ts:75:5)
        at D:\RobloxProjects\Roblox Gen\tests\browser\connection-recovery.spec.ts:8:3

    Error Context: docs\results\connection-recovery\browser2\connection-recovery-connec-2c3db--Studio-and-aligns-controls-mobile\error-context.md

    attachment #2: trace (application/zip) ─────────────────────────────────────────────────────────
    docs\results\connection-recovery\browser2\connection-recovery-connec-2c3db--Studio-and-aligns-controls-mobile\trace.zip
    Usage:

        npx playwright show-trace docs\results\connection-recovery\browser2\connection-recovery-connec-2c3db--Studio-and-aligns-controls-mobile\trace.zip

    ────────────────────────────────────────────────────────────────────────────────────────────────

  2 failed
    [desktop] › tests\browser\connection-recovery.spec.ts:5:1 › connection refresh shows progress, retries failed discovery, clears stale Studio and aligns controls 
    [mobile] › tests\browser\connection-recovery.spec.ts:5:1 › connection refresh shows progress, retries failed discovery, clears stale Studio and aligns controls 
  2 passed (28.5s)
