[WebServer] (node:30028) Warning: The 'NO_COLOR' env is ignored due to the 'FORCE_COLOR' env being set.
[WebServer] (Use `node --trace-warnings ...` to show where the warning was created)
[WebServer] [plugin builtin:vite-reporter] 
[WebServer] (!) Some chunks are larger than 500 kB after minification. Consider:
[WebServer] - Using dynamic import() to code-split the application
[WebServer] - Use build.rolldownOptions.output.codeSplitting to improve chunking: https://rolldown.rs/reference/OutputOptions.codeSplitting
[WebServer] - Adjust chunk size limit for this warning via build.chunkSizeWarningLimit.
[WebServer] (node:30364) Warning: The 'NO_COLOR' env is ignored due to the 'FORCE_COLOR' env being set.
[WebServer] (Use `node --trace-warnings ...` to show where the warning was created)
[WebServer] (node:24412) Warning: The 'NO_COLOR' env is ignored due to the 'FORCE_COLOR' env being set.
[WebServer] (Use `node --trace-warnings ...` to show where the warning was created)
[WebServer] (node:31144) Warning: The 'NO_COLOR' env is ignored due to the 'FORCE_COLOR' env being set.
[WebServer] (Use `node --trace-warnings ...` to show where the warning was created)

Running 4 tests using 1 worker

(node:30744) Warning: The 'NO_COLOR' env is ignored due to the 'FORCE_COLOR' env being set.
(Use `node --trace-warnings ...` to show where the warning was created)
  x  1 [desktop] › tests\browser\connection-recovery.spec.ts:5:1 › connection refresh shows progress, retries failed discovery, clears stale Studio and aligns controls (9.5s)
(node:24640) Warning: The 'NO_COLOR' env is ignored due to the 'FORCE_COLOR' env being set.
(Use `node --trace-warnings ...` to show where the warning was created)
  ok 2 [desktop] › tests\browser\connection-recovery.spec.ts:14:1 › truncation recovery opens Models without dispatching another generation (497ms)
(node:27248) Warning: The 'NO_COLOR' env is ignored due to the 'FORCE_COLOR' env being set.
(Use `node --trace-warnings ...` to show where the warning was created)
  x  3 [mobile] › tests\browser\connection-recovery.spec.ts:5:1 › connection refresh shows progress, retries failed discovery, clears stale Studio and aligns controls (9.6s)
(node:32376) Warning: The 'NO_COLOR' env is ignored due to the 'FORCE_COLOR' env being set.
(Use `node --trace-warnings ...` to show where the warning was created)
  ok 4 [mobile] › tests\browser\connection-recovery.spec.ts:14:1 › truncation recovery opens Models without dispatching another generation (513ms)


  1) [desktop] › tests\browser\connection-recovery.spec.ts:5:1 › connection refresh shows progress, retries failed discovery, clears stale Studio and aligns controls 

    Error: expect(locator).toContainText(expected) failed

    Locator: getByRole('dialog', { name: 'Choose assets', exact: true })
    Expected substring: "Studio connected"
    Received string:    "Choose assetsPreview options, choose one per group, or mark it Find later. Search results are suggestions. You approve the final references.Checking Studio…StudioSelect StudioChecking…Connect StudioFind assetsApprove the brief in the conversation before approving these choices.Approve assets & create plan"
    Timeout: 5000ms

    Call log:
      - Expect "toContainText" getByRole('dialog', { name: 'Choose assets', exact: true }) with timeout 5000ms
      - waiting for getByRole('dialog', { name: 'Choose assets', exact: true })
        14 × locator resolved to <dialog open="" data-modal="true" class="focused-dialog" data-scroll-body="true" aria-label="Choose assets">…</dialog>
           - unexpected value "Choose assetsPreview options, choose one per group, or mark it Find later. Search results are suggestions. You approve the final references.Checking Studio…StudioSelect StudioChecking…Connect StudioFind assetsApprove the brief in the conversation before approving these choices.Approve assets & create plan"


       at connection-recovery-flows.ts:64

      62 |     exact: true,
      63 |   });
    > 64 |   await expect(dialog).toContainText("Studio connected");
         |                        ^
      65 |   await expect(dialog).toContainText("Search temporarily unavailable");
      66 |   const refresh = dialog.getByRole("button", {
      67 |     name: "Refresh connection",
        at connectionRecoveryFlow (D:\RobloxProjects\Roblox Gen\tests\browser\connection-recovery-flows.ts:64:24)
        at D:\RobloxProjects\Roblox Gen\tests\browser\connection-recovery.spec.ts:8:3

    Error Context: test-results\connection-recovery-connec-2c3db--Studio-and-aligns-controls-desktop\error-context.md

    attachment #2: trace (application/zip) ─────────────────────────────────────────────────────────
    test-results\connection-recovery-connec-2c3db--Studio-and-aligns-controls-desktop\trace.zip
    Usage:

        npx playwright show-trace test-results\connection-recovery-connec-2c3db--Studio-and-aligns-controls-desktop\trace.zip

    ────────────────────────────────────────────────────────────────────────────────────────────────

  2) [mobile] › tests\browser\connection-recovery.spec.ts:5:1 › connection refresh shows progress, retries failed discovery, clears stale Studio and aligns controls 

    Error: expect(locator).toContainText(expected) failed

    Locator: getByRole('dialog', { name: 'Choose assets', exact: true })
    Expected substring: "Studio connected"
    Received string:    "Choose assetsPreview options, choose one per group, or mark it Find later. Search results are suggestions. You approve the final references.Checking Studio…StudioSelect StudioChecking…Connect StudioFind assetsApprove the brief in the conversation before approving these choices.Approve assets & create plan"
    Timeout: 5000ms

    Call log:
      - Expect "toContainText" getByRole('dialog', { name: 'Choose assets', exact: true }) with timeout 5000ms
      - waiting for getByRole('dialog', { name: 'Choose assets', exact: true })
        14 × locator resolved to <dialog open="" data-modal="true" class="focused-dialog" data-scroll-body="true" aria-label="Choose assets">…</dialog>
           - unexpected value "Choose assetsPreview options, choose one per group, or mark it Find later. Search results are suggestions. You approve the final references.Checking Studio…StudioSelect StudioChecking…Connect StudioFind assetsApprove the brief in the conversation before approving these choices.Approve assets & create plan"


       at connection-recovery-flows.ts:64

      62 |     exact: true,
      63 |   });
    > 64 |   await expect(dialog).toContainText("Studio connected");
         |                        ^
      65 |   await expect(dialog).toContainText("Search temporarily unavailable");
      66 |   const refresh = dialog.getByRole("button", {
      67 |     name: "Refresh connection",
        at connectionRecoveryFlow (D:\RobloxProjects\Roblox Gen\tests\browser\connection-recovery-flows.ts:64:24)
        at D:\RobloxProjects\Roblox Gen\tests\browser\connection-recovery.spec.ts:8:3

    Error Context: test-results\connection-recovery-connec-2c3db--Studio-and-aligns-controls-mobile\error-context.md

    attachment #2: trace (application/zip) ─────────────────────────────────────────────────────────
    test-results\connection-recovery-connec-2c3db--Studio-and-aligns-controls-mobile\trace.zip
    Usage:

        npx playwright show-trace test-results\connection-recovery-connec-2c3db--Studio-and-aligns-controls-mobile\trace.zip

    ────────────────────────────────────────────────────────────────────────────────────────────────

  2 failed
    [desktop] › tests\browser\connection-recovery.spec.ts:5:1 › connection refresh shows progress, retries failed discovery, clears stale Studio and aligns controls 
    [mobile] › tests\browser\connection-recovery.spec.ts:5:1 › connection refresh shows progress, retries failed discovery, clears stale Studio and aligns controls 
  2 passed (28.6s)
