node:internal/modules/run_main:107
    triggerUncaughtException(
    ^

ExpectError: expect(received).toBeLessThanOrEqual(expected)

Expected: <= 1
Received:    1.4615936279296875
    at captureRawStack (D:\RobloxProjects\Roblox Gen\node_modules\playwright-core\lib\coreBundle.js:8588:17)
    at callMatcherAsStep (D:\RobloxProjects\Roblox Gen\node_modules\playwright\lib\matchers\expect.js:13310:57)
    at Object.toBeLessThanOrEqual (D:\RobloxProjects\Roblox Gen\node_modules\playwright\lib\matchers\expect.js:13302:23)
    at aligned (D:\RobloxProjects\Roblox Gen\tests\browser\connection-recovery-flows.ts:9:57)
    at async <anonymous> (D:\RobloxProjects\Roblox Gen\scripts\verify-connection-recovery-desktop.ts:148:3) {
  matcherResult: {
    message: 'expect(received).toBeLessThanOrEqual(expected)\n' +
      '\n' +
      'Expected: <= 1\n' +
      'Received:    1.4615936279296875',
    pass: false,
    name: 'toBeLessThanOrEqual'
  }
}

Node.js v24.15.0
