[WebServer] (node:27092) Warning: The 'NO_COLOR' env is ignored due to the 'FORCE_COLOR' env being set.
[WebServer] (Use `node --trace-warnings ...` to show where the warning was created)
[WebServer] [plugin builtin:vite-reporter] 
[WebServer] (!) Some chunks are larger than 500 kB after minification. Consider:
[WebServer] - Using dynamic import() to code-split the application
[WebServer] - Use build.rolldownOptions.output.codeSplitting to improve chunking: https://rolldown.rs/reference/OutputOptions.codeSplitting
[WebServer] - Adjust chunk size limit for this warning via build.chunkSizeWarningLimit.
[WebServer] (node:23284) Warning: The 'NO_COLOR' env is ignored due to the 'FORCE_COLOR' env being set.
[WebServer] (Use `node --trace-warnings ...` to show where the warning was created)
[WebServer] (node:2444) Warning: The 'NO_COLOR' env is ignored due to the 'FORCE_COLOR' env being set.
[WebServer] (Use `node --trace-warnings ...` to show where the warning was created)
[WebServer] (node:27424) Warning: The 'NO_COLOR' env is ignored due to the 'FORCE_COLOR' env being set.
[WebServer] (Use `node --trace-warnings ...` to show where the warning was created)

Running 18 tests using 1 worker

(node:30144) Warning: The 'NO_COLOR' env is ignored due to the 'FORCE_COLOR' env being set.
(Use `node --trace-warnings ...` to show where the warning was created)
  ok  1 [desktop] › tests\browser\asset-choices.spec.ts:6:1 › already planned briefs still discover assets and expose brief approval (4.3s)
  ok  2 [desktop] › tests\browser\asset-choices.spec.ts:24:1 › brief searches automatically, previews geometry and clips, then approves without typing (7.6s)
  ok  3 [desktop] › tests\browser\asset-choices.spec.ts:118:1 › dirty and changed briefs invalidate approval and search again (2.4s)
  ok  4 [desktop] › tests\browser\asset-choices.spec.ts:138:1 › connection failures and empty results give an explicit recovery path (2.3s)
  ok  5 [desktop] › tests\browser\marketplace.spec.ts:4:1 › existing-project asset roles survive follow-up and reload without leaking into new chat (4.4s)
  x   6 [desktop] › tests\browser\marketplace.spec.ts:100:1 › Marketplace supports saved assets, inspected drag/drop and chat attachment context (30.3s)
(node:26580) Warning: The 'NO_COLOR' env is ignored due to the 'FORCE_COLOR' env being set.
(Use `node --trace-warnings ...` to show where the warning was created)
  ok  7 [desktop] › tests\browser\marketplace.spec.ts:220:1 › blocked first drops display findings and never become chat attachments (654ms)
  ok  8 [desktop] › tests\browser\studio-connection.spec.ts:5:1 › disconnected projects show setup, offline hides architecture, reconnect opens it (1.2s)
  ok  9 [desktop] › tests\browser\studio-connection.spec.ts:29:1 › a created project checks Studio before showing its architecture (1.2s)
(node:3104) Warning: The 'NO_COLOR' env is ignored due to the 'FORCE_COLOR' env being set.
(Use `node --trace-warnings ...` to show where the warning was created)
  ok 10 [mobile] › tests\browser\asset-choices.spec.ts:6:1 › already planned briefs still discover assets and expose brief approval (4.3s)
  ok 11 [mobile] › tests\browser\asset-choices.spec.ts:24:1 › brief searches automatically, previews geometry and clips, then approves without typing (8.0s)
  ok 12 [mobile] › tests\browser\asset-choices.spec.ts:118:1 › dirty and changed briefs invalidate approval and search again (2.4s)
  ok 13 [mobile] › tests\browser\asset-choices.spec.ts:138:1 › connection failures and empty results give an explicit recovery path (2.3s)
  ok 14 [mobile] › tests\browser\marketplace.spec.ts:4:1 › existing-project asset roles survive follow-up and reload without leaking into new chat (4.4s)
  x  15 [mobile] › tests\browser\marketplace.spec.ts:100:1 › Marketplace supports saved assets, inspected drag/drop and chat attachment context (30.2s)
(node:23244) Warning: The 'NO_COLOR' env is ignored due to the 'FORCE_COLOR' env being set.
(Use `node --trace-warnings ...` to show where the warning was created)
  ok 16 [mobile] › tests\browser\marketplace.spec.ts:220:1 › blocked first drops display findings and never become chat attachments (715ms)
  ok 17 [mobile] › tests\browser\studio-connection.spec.ts:5:1 › disconnected projects show setup, offline hides architecture, reconnect opens it (1.3s)
  ok 18 [mobile] › tests\browser\studio-connection.spec.ts:29:1 › a created project checks Studio before showing its architecture (1.1s)


  1) [desktop] › tests\browser\marketplace.spec.ts:100:1 › Marketplace supports saved assets, inspected drag/drop and chat attachment context 

    Test timeout of 30000ms exceeded.

    Error: locator.dragTo: Test timeout of 30000ms exceeded.
    Call log:
      - waiting for getByRole('complementary', { name: 'Marketplace' }).getByRole('article')
        - locator resolved to <article draggable="true" class="market-card">…</article>
      - attempting move and down action
        - waiting for element to be visible and stable
        - element is visible and stable
        - scrolling into view if needed
        - done scrolling
        - performing move and down action
        - move and down action done
        - waiting for scheduled navigations to finish
        - navigations have finished
      - waiting for getByLabel('Game idea')
        - locator resolved to <textarea required="" minlength="5" id="new-request" maxlength="12000" placeholder="Describe your game. Start with the fun part.">Make a satisfying butter game</textarea>
      - attempting move and up action
        2 × waiting for element to be visible and stable
          - element is visible and stable
          - scrolling into view if needed
          - done scrolling
          - <div class="market-grid">…</div> from <dialog open="" class="focused-dialog" aria-label="Marketplace">…</dialog> subtree intercepts pointer events
        - retrying move and up action
        - waiting 20ms
        - waiting for element to be visible and stable
        - element is visible and stable
        - scrolling into view if needed
        - done scrolling
        - <div class="market-grid">…</div> from <dialog open="" class="focused-dialog" aria-label="Marketplace">…</dialog> subtree intercepts pointer events
      2 × retrying move and up action
          - waiting 100ms
          - waiting for element to be visible and stable
          - element is visible and stable
          - scrolling into view if needed
          - done scrolling
          - <div class="market-connection-row">…</div> from <dialog open="" class="focused-dialog" aria-label="Marketplace">…</dialog> subtree intercepts pointer events
      13 × retrying move and up action
           - waiting 500ms
           - waiting for element to be visible and stable
           - element is visible and stable
           - scrolling into view if needed
           - done scrolling
           - <div class="market-grid">…</div> from <dialog open="" class="focused-dialog" aria-label="Marketplace">…</dialog> subtree intercepts pointer events
         - retrying move and up action
           - waiting 500ms
           - waiting for element to be visible and stable
           - element is visible and stable
           - scrolling into view if needed
           - done scrolling
           - <div class="market-grid">…</div> from <dialog open="" class="focused-dialog" aria-label="Marketplace">…</dialog> subtree intercepts pointer events
         - retrying move and up action
           - waiting 500ms
           - waiting for element to be visible and stable
           - element is visible and stable
           - scrolling into view if needed
           - done scrolling
           - <div class="market-connection-row">…</div> from <dialog open="" class="focused-dialog" aria-label="Marketplace">…</dialog> subtree intercepts pointer events
         - retrying move and up action
           - waiting 500ms
           - waiting for element to be visible and stable
           - element is visible and stable
           - scrolling into view if needed
           - done scrolling
           - <div class="market-connection-row">…</div> from <dialog open="" class="focused-dialog" aria-label="Marketplace">…</dialog> subtree intercepts pointer events
      2 × retrying move and up action
          - waiting 500ms
          - waiting for element to be visible and stable
          - element is visible and stable
          - scrolling into view if needed
          - done scrolling
          - <div class="market-grid">…</div> from <dialog open="" class="focused-dialog" aria-label="Marketplace">…</dialog> subtree intercepts pointer events
      - retrying move and up action
        - waiting 500ms
        - waiting for element to be visible and stable
        - element is visible and stable
        - scrolling into view if needed
        - done scrolling
        - <div class="market-connection-row">…</div> from <dialog open="" class="focused-dialog" aria-label="Marketplace">…</dialog> subtree intercepts pointer events
      - retrying move and up action
        - waiting 500ms


      185 |   await expect(card).toHaveCount(1);
      186 |   if (testInfo.project.name === "desktop") {
    > 187 |     await card.dragTo(page.getByLabel("Game idea"));
          |                ^
      188 |   } else await card.getByRole("button", { name: "Add", exact: true }).click();
      189 |   await expect(page.getByRole("status")).toContainText(
      190 |     "Inspected and attached",
        at D:\RobloxProjects\Roblox Gen\tests\browser\marketplace.spec.ts:187:16

    Error Context: test-results\marketplace-Marketplace-su-e504f-and-chat-attachment-context-desktop\error-context.md

    attachment #2: trace (application/zip) ─────────────────────────────────────────────────────────
    test-results\marketplace-Marketplace-su-e504f-and-chat-attachment-context-desktop\trace.zip
    Usage:

        npx playwright show-trace test-results\marketplace-Marketplace-su-e504f-and-chat-attachment-context-desktop\trace.zip

    ────────────────────────────────────────────────────────────────────────────────────────────────

  2) [mobile] › tests\browser\marketplace.spec.ts:100:1 › Marketplace supports saved assets, inspected drag/drop and chat attachment context 

    Test timeout of 30000ms exceeded.

    Error: locator.click: Test timeout of 30000ms exceeded.
    Call log:
      - waiting for getByRole('complementary', { name: 'Marketplace' }).getByRole('button', { name: 'Close Marketplace' })


      190 |     "Inspected and attached",
      191 |   );
    > 192 |   await page.getByRole("button", { name: "Close Marketplace" }).click();
          |                                                                  ^
      193 |   await page
      194 |     .getByLabel("Use for Working Butter", { exact: true })
      195 |     .fill("Preserve its animation and sound");
        at D:\RobloxProjects\Roblox Gen\tests\browser\marketplace.spec.ts:192:66

    Error Context: test-results\marketplace-Marketplace-su-e504f-and-chat-attachment-context-mobile\error-context.md

    attachment #2: trace (application/zip) ─────────────────────────────────────────────────────────
    test-results\marketplace-Marketplace-su-e504f-and-chat-attachment-context-mobile\trace.zip
    Usage:

        npx playwright show-trace test-results\marketplace-Marketplace-su-e504f-and-chat-attachment-context-mobile\trace.zip

    ────────────────────────────────────────────────────────────────────────────────────────────────

  2 failed
    [desktop] › tests\browser\marketplace.spec.ts:100:1 › Marketplace supports saved assets, inspected drag/drop and chat attachment context 
    [mobile] › tests\browser\marketplace.spec.ts:100:1 › Marketplace supports saved assets, inspected drag/drop and chat attachment context 
  16 passed (2.0m)
