
> takko-studio@0.2.0 test:desktop
> tsc --noEmit --project desktop/tsconfig.json && node desktop/build.mjs && node --test desktop/tests/*.test.mjs

Desktop resources built in dist-desktop. No application was launched.
✔ only HTTPS Creator Store asset and Roblox documentation links open externally (1.1243ms)
✔ desktop keeps Roblox connector paths while excluding inference credentials (0.7782ms)
✔ Takko keeps the existing desktop storage and lock location after rebranding (0.2832ms)
✔ an explicit isolated workspace does not change the default desktop directory (0.1613ms)
✔ accepts only nonce-bound readiness from its own child (1.2215ms)
✔ startup deadline fails and kills only owned worker (24.338ms)
✔ crash after readiness fails visibly without automatic restart (0.592ms)
✔ unresponsive shutdown escalates, repeated stop shares completion (29.2532ms)
✔ lost IPC during heartbeat reports failure and cleans up the worker (14.8953ms)
✔ lost shutdown IPC still terminates owned worker and settles stop (0.5084ms)
✔ stop during startup rejects pending start and prevents late readiness (0.2711ms)
✔ navigation rejects other origins, credentials and non-HTTP schemes (0.1973ms)
✔ bundled service uses isolated data, private readiness, and graceful shutdown (434.52ms)
ℹ tests 13
ℹ suites 0
ℹ pass 13
ℹ fail 0
ℹ cancelled 0
ℹ skipped 0
ℹ todo 0
ℹ duration_ms 547.894
