
> takko-studio@0.2.0 test:desktop
> tsc --noEmit --project desktop/tsconfig.json && node desktop/build.mjs && node --test desktop/tests/*.test.mjs

Desktop resources built in dist-desktop. No application was launched.
✔ only HTTPS Creator Store asset and Roblox documentation links open externally (1.1231ms)
✔ desktop keeps Roblox connector paths while excluding inference credentials (0.7694ms)
✔ Takko keeps the existing desktop storage and lock location after rebranding (0.2847ms)
✔ an explicit isolated workspace does not change the default desktop directory (0.1521ms)
✔ accepts only nonce-bound readiness from its own child (1.2414ms)
✔ startup deadline fails and kills only owned worker (12.4367ms)
✔ crash after readiness fails visibly without automatic restart (0.6098ms)
✔ unresponsive shutdown escalates, repeated stop shares completion (29.6322ms)
✔ lost IPC during heartbeat reports failure and cleans up the worker (15.4173ms)
✔ lost shutdown IPC still terminates owned worker and settles stop (0.584ms)
✔ stop during startup rejects pending start and prevents late readiness (0.3169ms)
✔ navigation rejects other origins, credentials and non-HTTP schemes (0.2546ms)
✔ bundled service uses isolated data, private readiness, and graceful shutdown (420.3474ms)
ℹ tests 13
ℹ suites 0
ℹ pass 13
ℹ fail 0
ℹ cancelled 0
ℹ skipped 0
ℹ todo 0
ℹ duration_ms 539.0234
