[WebServer] (node:13856) Warning: The 'NO_COLOR' env is ignored due to the 'FORCE_COLOR' env being set.
[WebServer] (Use `node --trace-warnings ...` to show where the warning was created)
[WebServer] [plugin builtin:vite-reporter] 
[WebServer] (!) Some chunks are larger than 500 kB after minification. Consider:
[WebServer] - Using dynamic import() to code-split the application
[WebServer] - Use build.rolldownOptions.output.codeSplitting to improve chunking: https://rolldown.rs/reference/OutputOptions.codeSplitting
[WebServer] - Adjust chunk size limit for this warning via build.chunkSizeWarningLimit.
[WebServer] (node:27900) Warning: The 'NO_COLOR' env is ignored due to the 'FORCE_COLOR' env being set.
[WebServer] (Use `node --trace-warnings ...` to show where the warning was created)
[WebServer] (node:30040) Warning: The 'NO_COLOR' env is ignored due to the 'FORCE_COLOR' env being set.
[WebServer] (Use `node --trace-warnings ...` to show where the warning was created)
[WebServer] (node:37124) Warning: The 'NO_COLOR' env is ignored due to the 'FORCE_COLOR' env being set.
[WebServer] (Use `node --trace-warnings ...` to show where the warning was created)

Running 16 tests using 1 worker

(node:41184) Warning: The 'NO_COLOR' env is ignored due to the 'FORCE_COLOR' env being set.
(Use `node --trace-warnings ...` to show where the warning was created)
  ok  1 [desktop] › tests\browser\asset-choices.spec.ts:4:1 › brief searches automatically, previews geometry and clips, then approves without typing (7.8s)
  ok  2 [desktop] › tests\browser\asset-choices.spec.ts:98:1 › dirty and changed briefs invalidate approval and search again (2.6s)
  ok  3 [desktop] › tests\browser\asset-choices.spec.ts:118:1 › connection failures and empty results give an explicit recovery path (2.4s)
  ok  4 [desktop] › tests\browser\concept.spec.ts:59:1 › concept choices, explicit delegation, reload and planning handoff (5.9s)
  ok  5 [desktop] › tests\browser\concept.spec.ts:120:1 › custom answers are retained and edited requests cannot use a stale concept (2.8s)
  ok  6 [desktop] › tests\browser\concept.spec.ts:154:1 › older running servers retain direct planning without offering an unavailable action (353ms)
  ok  7 [desktop] › tests\browser\concept.spec.ts:171:1 › a completed concept appears without waiting for another library scan (2.8s)
  ok  8 [desktop] › tests\browser\concept.spec.ts:226:1 › legacy and unresolved concepts remain inspectable without a planning action (2.4s)
(node:29368) Warning: The 'NO_COLOR' env is ignored due to the 'FORCE_COLOR' env being set.
(Use `node --trace-warnings ...` to show where the warning was created)
  ok  9 [mobile] › tests\browser\asset-choices.spec.ts:4:1 › brief searches automatically, previews geometry and clips, then approves without typing (8.1s)
  ok 10 [mobile] › tests\browser\asset-choices.spec.ts:98:1 › dirty and changed briefs invalidate approval and search again (2.6s)
  ok 11 [mobile] › tests\browser\asset-choices.spec.ts:118:1 › connection failures and empty results give an explicit recovery path (2.4s)
  ok 12 [mobile] › tests\browser\concept.spec.ts:59:1 › concept choices, explicit delegation, reload and planning handoff (5.8s)
  ok 13 [mobile] › tests\browser\concept.spec.ts:120:1 › custom answers are retained and edited requests cannot use a stale concept (2.7s)
  ok 14 [mobile] › tests\browser\concept.spec.ts:154:1 › older running servers retain direct planning without offering an unavailable action (344ms)
  ok 15 [mobile] › tests\browser\concept.spec.ts:171:1 › a completed concept appears without waiting for another library scan (2.7s)
  ok 16 [mobile] › tests\browser\concept.spec.ts:226:1 › legacy and unresolved concepts remain inspectable without a planning action (2.4s)

  16 passed (1.1m)
