
> takko-studio@0.2.0 check
> npm test && npm run test:luau && npm run test:plugin && npm run test:guards && npm run build && npm run test:desktop && npm run test:production && npm run test:e2e


> takko-studio@0.2.0 test
> vitest run


 RUN  v5.0.0 D:/RobloxProjects/Roblox Gen


 Test Files  87 passed (87)
      Tests  1402 passed (1402)
   Start at  18:03:34
   Duration  100.60s (tests 80%, import 17%, transform 3%)

    Isolate  87 workers spawned · ~131ms startup each (spawn + environment, per file)
             at least ~11.31s faster with isolate: false — reuses workers across files instead of one per file


> takko-studio@0.2.0 test:luau
> node scripts/test-luau.mjs

PASS accepted strike and exact cooldown boundary
PASS replayed or out of order requests cannot attack twice
PASS malformed action and sequence values are rejected
PASS dead player cannot attack and respawn has fresh state
PASS ability cooldowns are independent
PASS damage requires range visibility and a living target
6 combat scenarios passed (offline, not Studio)
COMPILES ServerScriptService\Combat.server.luau
COMPILES ServerScriptService\CombatCore.luau
COMPILES ReplicatedStorage\Forge\Config.luau
COMPILES StarterPlayer\StarterPlayerScripts\Combat.client.luau

> takko-studio@0.2.0 test:plugin
> node scripts/test-plugin.mjs

PASS one-click local pairing, supplied tokens and local-only endpoint validation
PASS apply creates actual manifest objects and source, preserving unrelated content
PASS test harness inserts server/client code and removes temporary instances
PASS empty tests are rejected and failed harness setup is cleaned up
PASS source edits and mismatched artifacts block replacement and stale test reports
PASS source edits during yielding staging prevent replacement
PASS failed staging preserves the existing project
PASS forward references resolve to staged instances; missing references preserve the applied rig
PASS authorized imported MeshPart is created through AssetService Content without assigning read-only MeshId
PASS absent authorization, forged mesh IDs and noncanonical IDs are rejected before native allocation
PASS native mesh allocation failure preserves the existing owned root and does not report success
PASS yielding mesh allocation rechecks ownership and preserves concurrent texture edits
PASS delivered work survives heartbeats, double clicks execute once, receipts retry, and stale commands cannot run
PASS reconnect serializes with polling, commits connection state only on success, and preserves failed reconnect state
COMPILES plugin and 8 injected sources. Studio APIs were mocked; no live Studio pass claimed.

> takko-studio@0.2.0 test:guards
> node scripts/evaluate-guards.mjs

[
  {
    "id": "baseline",
    "passed": true,
    "expectedPass": true,
    "matched": true
  },
  {
    "id": "missing-cooldown",
    "passed": false,
    "expectedPass": false,
    "matched": true
  },
  {
    "id": "replay-accepted",
    "passed": false,
    "expectedPass": false,
    "matched": true
  },
  {
    "id": "out-of-range-damage",
    "passed": false,
    "expectedPass": false,
    "matched": true
  },
  {
    "id": "damage-through-walls",
    "passed": false,
    "expectedPass": false,
    "matched": true
  },
  {
    "id": "dead-player-attacks",
    "passed": false,
    "expectedPass": false,
    "matched": true
  }
]

> takko-studio@0.2.0 build
> tsc --noEmit && vite build

vite v8.3.0 building client environment for production...
transforming...
✓ 155 modules transformed.
rendering chunks...
computing gzip size...
dist/index.html                              0.52 kB │ gzip:   0.33 kB
dist/assets/DesignLab-Clo1Y0WS.css          33.18 kB │ gzip:   6.64 kB
dist/assets/index-DgkMwnFT.css             114.77 kB │ gzip:  22.19 kB
dist/assets/AnimationPlayer-BVic1l4N.js      1.11 kB │ gzip:   0.62 kB
dist/assets/AssetModelPreview-CT3_IeC7.js    1.12 kB │ gzip:   0.68 kB
dist/assets/AnimationGallery-Do13y8yR.js     1.30 kB │ gzip:   0.72 kB
dist/assets/DesignLab-BufPZnur.js           45.50 kB │ gzip:  11.49 kB
dist/assets/index-8GWAQRZP.js              443.08 kB │ gzip: 131.87 kB
dist/assets/TakkoViewport-CAyewlrV.js      566.74 kB │ gzip: 141.91 kB

✓ built in 341ms
[plugin builtin:vite-reporter] 
(!) Some chunks are larger than 500 kB after minification. Consider:
- Using dynamic import() to code-split the application
- Use build.rolldownOptions.output.codeSplitting to improve chunking: https://rolldown.rs/reference/OutputOptions.codeSplitting
- Adjust chunk size limit for this warning via build.chunkSizeWarningLimit.

> takko-studio@0.2.0 test:desktop
> tsc --noEmit --project desktop/tsconfig.json && node desktop/build.mjs && node --test desktop/tests/*.test.mjs

Desktop resources built in dist-desktop. No application was launched.
✔ Takko keeps the existing desktop storage and lock location after rebranding (1.7695ms)
✔ an explicit isolated workspace does not change the default desktop directory (0.2423ms)
✔ accepts only nonce-bound readiness from its own child (1.5368ms)
✔ startup deadline fails and kills only owned worker (17.8866ms)
✔ crash after readiness fails visibly without automatic restart (0.8436ms)
✔ unresponsive shutdown escalates, repeated stop shares completion (28.9018ms)
✔ lost IPC during heartbeat reports failure and cleans up the worker (15.3928ms)
✔ lost shutdown IPC still terminates owned worker and settles stop (0.5445ms)
✔ stop during startup rejects pending start and prevents late readiness (0.4972ms)
✔ navigation rejects other origins, credentials and non-HTTP schemes (0.4321ms)
✔ bundled service uses isolated data, private readiness, and graceful shutdown (431.8658ms)
ℹ tests 11
ℹ suites 0
ℹ pass 11
ℹ fail 0
ℹ cancelled 0
ℹ skipped 0
ℹ todo 0
ℹ duration_ms 570.4397

> takko-studio@0.2.0 test:production
> node scripts/smoke-production.mjs

Production smoke passed: HTML, bundle, API, unknown route

> takko-studio@0.2.0 test:e2e
> playwright test

[WebServer] (node:28284) Warning: The 'NO_COLOR' env is ignored due to the 'FORCE_COLOR' env being set.
[WebServer] (Use `node --trace-warnings ...` to show where the warning was created)
[WebServer] [plugin builtin:vite-reporter] 
[WebServer] (!) Some chunks are larger than 500 kB after minification. Consider:
[WebServer] - Using dynamic import() to code-split the application
[WebServer] - Use build.rolldownOptions.output.codeSplitting to improve chunking: https://rolldown.rs/reference/OutputOptions.codeSplitting
[WebServer] - Adjust chunk size limit for this warning via build.chunkSizeWarningLimit.
[WebServer] (node:18836) Warning: The 'NO_COLOR' env is ignored due to the 'FORCE_COLOR' env being set.
[WebServer] (Use `node --trace-warnings ...` to show where the warning was created)
[WebServer] (node:39972) Warning: The 'NO_COLOR' env is ignored due to the 'FORCE_COLOR' env being set.
[WebServer] (Use `node --trace-warnings ...` to show where the warning was created)
[WebServer] (node:4212) Warning: The 'NO_COLOR' env is ignored due to the 'FORCE_COLOR' env being set.
[WebServer] (Use `node --trace-warnings ...` to show where the warning was created)

Running 132 tests using 1 worker

(node:39264) Warning: The 'NO_COLOR' env is ignored due to the 'FORCE_COLOR' env being set.
(Use `node --trace-warnings ...` to show where the warning was created)
  ok   1 [desktop] › tests\browser\asset-choices.spec.ts:6:1 › already planned briefs still discover assets and expose brief approval (4.6s)
  ok   2 [desktop] › tests\browser\asset-choices.spec.ts:24:1 › brief searches automatically, previews geometry and clips, then approves without typing (7.5s)
  ok   3 [desktop] › tests\browser\asset-choices.spec.ts:118:1 › dirty and changed briefs invalidate approval and search again (2.5s)
  ok   4 [desktop] › tests\browser\asset-choices.spec.ts:138:1 › connection failures and empty results give an explicit recovery path (2.4s)
  ok   5 [desktop] › tests\browser\asset-execution.spec.ts:3:1 › asset execution requires explicit Studio selection and shows unavailable connection honestly (4.3s)
  ok   6 [desktop] › tests\browser\b-foundation.spec.ts:3:1 › selected B workspace docks editing below the visible graph and preserves contracts (2.2s)
  ok   7 [desktop] › tests\browser\b-foundation.spec.ts:145:1 › B icon navigation retains project selection and real model settings (1.4s)
  ok   8 [desktop] › tests\browser\concept.spec.ts:59:1 › concept choices, explicit delegation, reload and planning handoff (5.6s)
  ok   9 [desktop] › tests\browser\concept.spec.ts:120:1 › custom answers are retained and edited requests cannot use a stale concept (2.7s)
  ok  10 [desktop] › tests\browser\concept.spec.ts:154:1 › older running servers retain direct planning without offering an unavailable action (370ms)
  ok  11 [desktop] › tests\browser\concept.spec.ts:171:1 › a completed concept appears without waiting for another library scan (2.9s)
  ok  12 [desktop] › tests\browser\concept.spec.ts:226:1 › legacy and unresolved concepts remain inspectable without a planning action (2.5s)
  ok  13 [desktop] › tests\browser\design-lab.spec.ts:3:1 › design lab switches real workspaces without reload, API calls or losing graph edits (3.7s)
  ok  14 [desktop] › tests\browser\design-lab.spec.ts:63:1 › design lab renders actual imported 3D tracks and playback survives direction switching (1.6s)
  ok  15 [desktop] › tests\browser\design-lab.spec.ts:93:1 › sandbox state controls, review and composer remain local and keyboard accessible (2.2s)
  ok  16 [desktop] › tests\browser\design-lab.spec.ts:138:1 › design sandbox respects reduced motion and does not load on production routes (986ms)
  ok  17 [desktop] › tests\browser\grok-ui.spec.ts:3:1 › taco mascot loads in both brand placements and shares the favicon asset (1.7s)
  ok  18 [desktop] › tests\browser\grok-ui.spec.ts:32:1 › starting points fill the composer without creating or generating a project (422ms)
  ok  19 [desktop] › tests\browser\grok-ui.spec.ts:59:1 › recent cards open saved projects and project search only filters navigation (1.1s)
  ok  20 [desktop] › tests\browser\grok-ui.spec.ts:109:1 › monochrome layout keeps composer actions reachable at narrow widths (431ms)
  ok  21 [desktop] › tests\browser\integrated-workspace.spec.ts:11:1 › canvas and conversation stay visible and remote changes never overwrite local edits (4.5s)
  ok  22 [desktop] › tests\browser\integrated-workspace.spec.ts:82:1 › canvas pan, zoom, dragging and auto layout preserve game connection contracts (1.9s)
  ok  23 [desktop] › tests\browser\integrated-workspace.spec.ts:147:1 › R15 previews respect reduced motion and recover explicitly when graphics context is lost (2.2s)
  ok  24 [desktop] › tests\browser\lemonade-layout.spec.ts:5:1 › research routing preference survives save and reopen (2.6s)
  ok  25 [desktop] › tests\browser\lemonade-layout.spec.ts:39:1 › shows reference research, uncertainty and source links in the brief (399ms)
  ok  26 [desktop] › tests\browser\lemonade-layout.spec.ts:92:1 › shows a concise generation failure with expandable diagnostics (910ms)
  ok  27 [desktop] › tests\browser\lemonade-layout.spec.ts:126:1 › minimal prompt and saved preset preserve real role preferences (2.0s)
  ok  28 [desktop] › tests\browser\lemonade-layout.spec.ts:193:1 › minimal task list, source, history and follow-up use the current project (2.1s)
  ok  29 [desktop] › tests\browser\lemonade-layout.spec.ts:275:1 › sending a follow-up preserves the original request and updates the plan once (2.3s)
  ok  30 [desktop] › tests\browser\marketplace-animation.spec.ts:4:1 › dropped animation pack opens all entries, switches real WebGL clips and survives reload (2.9s)
