
> takko-studio@0.2.0 check
> npm run build && npm test && npm run test:luau && npm run test:plugin && npm run test:guards && npm run lint:css && npm run test:desktop && npm run test:production && npm run test:e2e


> takko-studio@0.2.0 build
> tsc --noEmit && vite build

vite v8.3.0 building client environment for production...
transforming...
✓ 175 modules transformed.
rendering chunks...
computing gzip size...
dist/index.html                              0.52 kB │ gzip:   0.33 kB
dist/assets/DesignLab-Gs8meDSA.css          33.24 kB │ gzip:   6.60 kB
dist/assets/index-DTbUv3UD.css             125.70 kB │ gzip:  24.00 kB
dist/assets/AnimationPlayer-D4oWz-hG.js      1.11 kB │ gzip:   0.62 kB
dist/assets/AnimationGallery-B5NjP57u.js     1.30 kB │ gzip:   0.72 kB
dist/assets/AssetModelPreview-LQzGDN_0.js    9.89 kB │ gzip:   3.60 kB
dist/assets/DesignLab-g1EiFb09.js           45.46 kB │ gzip:  11.46 kB
dist/assets/TakkoViewport-BGc_jxPH.js      569.36 kB │ gzip: 142.47 kB
dist/assets/index-aA2lQf2l.js              724.91 kB │ gzip: 168.24 kB

✓ built in 632ms
[plugin builtin:vite-reporter] 
(!) Some chunks are larger than 500 kB after minification. Consider:
- Using dynamic import() to code-split the application
- Use build.rolldownOptions.output.codeSplitting to improve chunking: https://rolldown.rs/reference/OutputOptions.codeSplitting
- Adjust chunk size limit for this warning via build.chunkSizeWarningLimit.

> takko-studio@0.2.0 test
> vitest run


 RUN  v5.0.0 D:/RobloxProjects/Roblox Gen

 ❯ tests/generation-engine.test.ts (53 tests | 1 failed) 17598ms
   ❯ request-driven generation (53)
     × stops after the bounded repair limit instead of labeling invalid code ready 924ms
 ❯ tests/generation-task-integrity.test.ts (7 tests | 2 failed) 2354ms
   × corrects task syntax before downstream context sees the dependency 226ms
   × does not checkpoint invalid syntax or call downstream builders and reviewers 241ms

⎯⎯⎯⎯⎯⎯⎯ Failed Tests 3 ⎯⎯⎯⎯⎯⎯⎯

 FAIL  tests/generation-engine.test.ts > request-driven generation > stops after the bounded repair limit instead of labeling invalid code ready
AssertionError: expected [ { phase: 'repair', …(10) }, …(1) ] to have a length of 1 but got 2

- Expected
+ Received

- 1
+ 2

 ❯ tests/generation-engine.test.ts:1491:59
    1489|       ),
    1490|     ).toBe(true);
    1491|     // Invalid source now fails inside the repair response validator. …
       |                                                           ^
    1492|     // correction attempt is charged, and neither rejected patch can b…
    1493|     expect(p.charges.filter((c) => c.phase === "repair")).toHaveLength…

⎯⎯⎯⎯⎯⎯⎯⎯⎯⎯⎯⎯⎯⎯⎯⎯⎯⎯⎯⎯⎯⎯⎯⎯[1/3]⎯

 FAIL  tests/generation-task-integrity.test.ts > corrects task syntax before downstream context sees the dependency
AssertionError: expected 'failed' to be 'ready_to_test' // Object.is equality

Expected: "ready_to_test"
Received: "failed"

 ❯ tests/generation-task-integrity.test.ts:195:25
    193|   });
    194|   const project = await build(engine);
    195|   expect(project.stage).toBe("ready_to_test");
       |                         ^
    196|   expect(attempts).toBe(2);
    197|   expect(dependencySeen).toBe(true);

⎯⎯⎯⎯⎯⎯⎯⎯⎯⎯⎯⎯⎯⎯⎯⎯⎯⎯⎯⎯⎯⎯⎯⎯[2/3]⎯

 FAIL  tests/generation-task-integrity.test.ts > does not checkpoint invalid syntax or call downstream builders and reviewers
AssertionError: expected 'Could not complete Implement core loo…' to contain 'Task scripts must compile'

Expected: "Task scripts must compile"
Received: "Could not complete Implement core loop. ServerScriptService/Forge_40095312fc38/Game.server.luau: Runtime source could not be parsed by Luau AST checker"

 ❯ tests/generation-task-integrity.test.ts:211:25
    209|   expect(project.artifact!.files).toEqual([]);
    210|   expect(phases).toEqual(["planner:", "builder:coreTask", "builder:cor…
    211|   expect(project.error).toContain("Task scripts must compile");
       |                         ^
    212| });
    213| it("separates future task files from current output and explicitly cor…

⎯⎯⎯⎯⎯⎯⎯⎯⎯⎯⎯⎯⎯⎯⎯⎯⎯⎯⎯⎯⎯⎯⎯⎯[3/3]⎯


 Test Files  2 failed | 113 passed (115)
      Tests  3 failed | 1640 passed (1643)
   Start at  22:26:31
   Duration  152.47s (tests 81%, import 17%, transform 2%)

    Isolate  115 workers spawned · ~242ms startup each (spawn + environment, per file)
             at least ~13.65s faster with isolate: false — reuses workers across files instead of one per file

