
 RUN  v5.0.0 D:/RobloxProjects/Roblox Gen

 ❯ tests/generation-engine.test.ts (53 tests | 1 failed | 52 skipped) 1240ms
   ❯ request-driven generation (53)
     × stops after the bounded repair limit instead of labeling invalid code ready 1236ms

⎯⎯⎯⎯⎯⎯⎯ Failed Tests 1 ⎯⎯⎯⎯⎯⎯⎯

 FAIL  tests/generation-engine.test.ts > request-driven generation > stops after the bounded repair limit instead of labeling invalid code ready
AssertionError: expected [ { phase: 'repair', …(10) }, …(1) ] to have a length of 1 but got 2

- Expected
+ Received

- 1
+ 2

 ❯ tests/generation-engine.test.ts:1491:59
    1489|       ),
    1490|     ).toBe(true);
    1491|     expect(p.charges.filter((c) => c.phase === "repair")).toHaveLength…
       |                                                           ^
    1492|   });
    1493|   it("blocks unknown assets, missing coverage and escaping paths", asy…

⎯⎯⎯⎯⎯⎯⎯⎯⎯⎯⎯⎯⎯⎯⎯⎯⎯⎯⎯⎯⎯⎯⎯⎯[1/1]⎯


 Test Files  1 failed (1)
      Tests  1 failed | 52 skipped (53)
   Start at  22:27:47
   Duration  3.59s (transform 42%, tests 38%, import 20%)

