[WebServer] (node:46100) Warning: The 'NO_COLOR' env is ignored due to the 'FORCE_COLOR' env being set.
[WebServer] (Use `node --trace-warnings ...` to show where the warning was created)
[WebServer] [plugin rolldown:vite-resolve] Module "node:crypto" has been externalized for browser compatibility, imported by "D:/RobloxProjects/Roblox Gen/src/generation/scope-questions.ts". See https://vite.dev/guide/troubleshooting.html#module-externalized-for-browser-compatibility for more details.
[WebServer] [plugin builtin:vite-reporter] 
[WebServer] (!) Some chunks are larger than 500 kB after minification. Consider:
[WebServer] - Using dynamic import() to code-split the application
[WebServer] - Use build.rolldownOptions.output.codeSplitting to improve chunking: https://rolldown.rs/reference/OutputOptions.codeSplitting
[WebServer] - Adjust chunk size limit for this warning via build.chunkSizeWarningLimit.
[WebServer] (node:33592) Warning: The 'NO_COLOR' env is ignored due to the 'FORCE_COLOR' env being set.
[WebServer] (Use `node --trace-warnings ...` to show where the warning was created)
[WebServer] (node:32240) Warning: The 'NO_COLOR' env is ignored due to the 'FORCE_COLOR' env being set.
[WebServer] (Use `node --trace-warnings ...` to show where the warning was created)
[WebServer] (node:48588) Warning: The 'NO_COLOR' env is ignored due to the 'FORCE_COLOR' env being set.
[WebServer] (Use `node --trace-warnings ...` to show where the warning was created)

Running 14 tests using 1 worker

(node:35204) Warning: The 'NO_COLOR' env is ignored due to the 'FORCE_COLOR' env being set.
(Use `node --trace-warnings ...` to show where the warning was created)
  ok  1 [desktop] › tests\browser\approval-stall.spec.ts:3:1 › build approval reports pending work and rejection beside the button (3.2s)
  ok  2 [desktop] › tests\browser\connection-recovery.spec.ts:5:1 › connection refresh shows progress, retries failed discovery, clears stale Studio and aligns controls (5.0s)
  ok  3 [desktop] › tests\browser\connection-recovery.spec.ts:15:1 › Marketplace uses the same connection status and aligned search controls (572ms)
  ok  4 [desktop] › tests\browser\connection-recovery.spec.ts:52:1 › a connected Studio with unsaved answers explains the search blocker (3.8s)
  ok  5 [desktop] › tests\browser\connection-recovery.spec.ts:83:1 › truncation recovery opens Models without dispatching another generation (800ms)
  ok  6 [desktop] › tests\browser\proposal-questions.spec.ts:6:1 › unanswered proposal questions pause automatic Marketplace work even with a connected Studio (2.4s)
  ok  7 [desktop] › tests\browser\proposal-questions.spec.ts:55:1 › real saved proposal questions support review, Other, closing, keyboard and free answers (5.9s)
(node:32144) Warning: The 'NO_COLOR' env is ignored due to the 'FORCE_COLOR' env being set.
(Use `node --trace-warnings ...` to show where the warning was created)
  ok  8 [mobile] › tests\browser\approval-stall.spec.ts:3:1 › build approval reports pending work and rejection beside the button (3.2s)
  ok  9 [mobile] › tests\browser\connection-recovery.spec.ts:5:1 › connection refresh shows progress, retries failed discovery, clears stale Studio and aligns controls (5.1s)
  ok 10 [mobile] › tests\browser\connection-recovery.spec.ts:15:1 › Marketplace uses the same connection status and aligned search controls (482ms)
  ok 11 [mobile] › tests\browser\connection-recovery.spec.ts:52:1 › a connected Studio with unsaved answers explains the search blocker (3.8s)
  ok 12 [mobile] › tests\browser\connection-recovery.spec.ts:83:1 › truncation recovery opens Models without dispatching another generation (618ms)
  ok 13 [mobile] › tests\browser\proposal-questions.spec.ts:6:1 › unanswered proposal questions pause automatic Marketplace work even with a connected Studio (2.2s)
  ok 14 [mobile] › tests\browser\proposal-questions.spec.ts:55:1 › real saved proposal questions support review, Other, closing, keyboard and free answers (6.1s)

  14 passed (54.4s)
