
> takko-studio@0.2.0 check
> npm run build && npm test && npm run test:luau && npm run test:plugin && npm run test:guards && npm run lint:css && npm run test:desktop && npm run test:production && npm run test:e2e


> takko-studio@0.2.0 build
> tsc --noEmit && vite build

vite v8.3.0 building client environment for production...
transforming...
[plugin rolldown:vite-resolve] Module "node:crypto" has been externalized for browser compatibility, imported by "D:/RobloxProjects/Roblox Gen/src/generation/scope-questions.ts". See https://vite.dev/guide/troubleshooting.html#module-externalized-for-browser-compatibility for more details.
✓ 179 modules transformed.
rendering chunks...
computing gzip size...
dist/index.html                              0.52 kB │ gzip:   0.32 kB
dist/assets/DesignLab-Gs8meDSA.css          33.24 kB │ gzip:   6.60 kB
dist/assets/index-DTbUv3UD.css             125.70 kB │ gzip:  24.00 kB
dist/assets/AnimationPlayer-CHp09sAY.js      1.11 kB │ gzip:   0.62 kB
dist/assets/AnimationGallery-C1K76IcD.js     1.30 kB │ gzip:   0.72 kB
dist/assets/AssetModelPreview-CWpeghN9.js    9.89 kB │ gzip:   3.60 kB
dist/assets/DesignLab-BjZRdznB.js           45.46 kB │ gzip:  11.46 kB
dist/assets/TakkoViewport-CBx0B0hX.js      569.36 kB │ gzip: 142.47 kB
dist/assets/index-_Ev5Veev.js              732.48 kB │ gzip: 170.07 kB

✓ built in 891ms
[plugin builtin:vite-reporter] 
(!) Some chunks are larger than 500 kB after minification. Consider:
- Using dynamic import() to code-split the application
- Use build.rolldownOptions.output.codeSplitting to improve chunking: https://rolldown.rs/reference/OutputOptions.codeSplitting
- Adjust chunk size limit for this warning via build.chunkSizeWarningLimit.

> takko-studio@0.2.0 test
> vitest run


 RUN  v5.0.0 D:/RobloxProjects/Roblox Gen

⎯⎯⎯⎯⎯⎯ Unhandled Errors ⎯⎯⎯⎯⎯⎯

Vitest caught 1 unhandled error during the test run.
This might cause false positive tests. Resolve unhandled errors to make sure your tests are not affected.

⎯⎯⎯⎯⎯⎯ Unhandled Error ⎯⎯⎯⎯⎯⎯⎯
Error: [vitest-pool]: Worker forks emitted error.
 ❯ EventEmitter.onTaskError ../Roblox%20Gen/node_modules/vitest/dist/chunks/index.B89dZ0-N.js:11463:21
 ❯ EventEmitter.emit node:events:509:28
 ❯ ChildProcess.emitUnexpectedExit ../Roblox%20Gen/node_modules/vitest/dist/chunks/index.B89dZ0-N.js:10940:22
 ❯ ChildProcess.emit node:events:509:28
 ❯ Process.ChildProcess._handle.onexit node:internal/child_process:295:12

Caused by: Error: Worker exited unexpectedly with exit code 3221226505 during started state while running test file D:/RobloxProjects/Roblox Gen/tests/settings-workspace.test.ts
 ❯ ChildProcess.emitUnexpectedExit ../Roblox%20Gen/node_modules/vitest/dist/chunks/index.B89dZ0-N.js:10938:33
 ❯ ChildProcess.emit node:events:509:28
 ❯ Process.ChildProcess._handle.onexit node:internal/child_process:295:12

⎯⎯⎯⎯⎯⎯⎯⎯⎯⎯⎯⎯⎯⎯⎯⎯⎯⎯⎯⎯⎯⎯⎯⎯⎯⎯⎯⎯⎯⎯


 Test Files  122 passed (123)
      Tests  1679 passed (1689)
     Errors  1 error
   Start at  19:06:02
   Duration  153.43s (tests 83%, import 14%, transform 2%)

    Isolate  123 workers spawned · ~196ms startup each (spawn + environment, per file)
             at least ~11.84s faster with isolate: false — reuses workers across files instead of one per file

