
 RUN  v5.0.0 D:/RobloxProjects/Roblox Gen

 ❯ tests/approval-stall.test.ts (2 tests | 2 failed) 5300ms
   × does not automatically reassess an unresolved recommendation on repeat requests or reload 3339ms
   × rejects the real accepted combo patch when its output commits three steps but keeps a single animation slot 1959ms

⎯⎯⎯⎯⎯⎯⎯ Failed Tests 2 ⎯⎯⎯⎯⎯⎯⎯

 FAIL  tests/approval-stall.test.ts > does not automatically reassess an unresolved recommendation on repeat requests or reload
AssertionError: expected { schemaVersion: 2, …(35) } to deeply equal { schemaVersion: 2, …(35) }

- Expected
+ Received

@@ -25542,11 +25542,11 @@
          "relevance": [Object],
          "total": 224,
        },
        [Object],
      ],
-     "id": "2472e05d-58e5-4563-a5b7-51ab61e116f4",
+     "id": "5b90e254-be95-4e6e-8daf-0e4239008547",
      "pinned": [Array],
      "revision": 3,
      "studioId": "4af0c536-39b7-42ed-96f7-fb4d711a5483",
    },
    "briefChanges": [Array],

 ❯ tests/approval-stall.test.ts:26:89
     24|   const post=()=>fetch(url,{method:'POST',headers:{'Content-Type':'app…
     25|   const first=await post();expect(first.status).toBe(200);const result…
     26|   const second=await post();expect(second.status).toBe(200);expect(awa…
       |                                                                                         ^
     27|   expect(assess).toHaveBeenCalledTimes(1);
     28|   expect(engine.store.get(p.id).charges).toEqual(p.charges);

⎯⎯⎯⎯⎯⎯⎯⎯⎯⎯⎯⎯⎯⎯⎯⎯⎯⎯⎯⎯⎯⎯⎯⎯[1/2]⎯

 FAIL  tests/approval-stall.test.ts > rejects the real accepted combo patch when its output commits three steps but keeps a single animation slot
TypeError: .toMatch() expects to receive a string, but got object
 ❯ tests/approval-stall.test.ts:46:23
     44|  const result=await engine.wait(prior.id);
     45|  expect(calls).toBe(1);
     46|  expect(result.error).toMatch(/individually selectable|Animation/);
       |                       ^
     47|  expect(result.proposal).toEqual(prior.proposal);
     48|  expect(result.answers).toEqual(prior.answers);

⎯⎯⎯⎯⎯⎯⎯⎯⎯⎯⎯⎯⎯⎯⎯⎯⎯⎯⎯⎯⎯⎯⎯⎯[2/2]⎯


 Test Files  1 failed (1)
      Tests  2 failed (2)
   Start at  19:02:16
   Duration  8.29s (tests 66%, transform 22%, import 12%)

