
 RUN  v5.0.0 D:/RobloxProjects/Roblox Gen

 ❯ tests/proposal-questions.test.ts (8 tests | 1 failed) 5254ms
   × PATCH uses planner output for a combo and commits per-step slots while retaining other assets 1854ms

⎯⎯⎯⎯⎯⎯⎯ Failed Tests 1 ⎯⎯⎯⎯⎯⎯⎯

 FAIL  tests/proposal-questions.test.ts > PATCH uses planner output for a combo and commits per-step slots while retaining other assets
AssertionError: expected [ 'punchAnimation' ] to deeply equal [ 'punchAnimation_1', …(1) ]

- Expected
+ Received

  [
-   "punchAnimation_1",
-   "punchAnimation_2",
+   "punchAnimation",
  ]

 ❯ tests/proposal-questions.test.ts:235:108
    233|             .map((n) => n.sequence?.step),
    234|         ).toEqual([1, 2]);
    235|         expect(next.assetDiscovery?.groups.filter(g => g.preview === "…
       |                                                                                                            ^
    236|           next.proposal!.assetNeeds!.filter(n => n.kind === "Animation…
    237|         );

⎯⎯⎯⎯⎯⎯⎯⎯⎯⎯⎯⎯⎯⎯⎯⎯⎯⎯⎯⎯⎯⎯⎯⎯[1/1]⎯


 Test Files  1 failed (1)
      Tests  1 failed | 7 passed (8)
   Start at  19:09:31
   Duration  7.35s (tests 73%, transform 17%, import 9%)

